dgx2-compute-02
Fri May 22 03:22:07 2026       
+-----------------------------------------------------------------------------------------+
| NVIDIA-SMI 570.124.06             Driver Version: 570.124.06     CUDA Version: 12.8     |
|-----------------------------------------+------------------------+----------------------+
| GPU  Name                 Persistence-M | Bus-Id          Disp.A | Volatile Uncorr. ECC |
| Fan  Temp   Perf          Pwr:Usage/Cap |           Memory-Usage | GPU-Util  Compute M. |
|                                         |                        |               MIG M. |
|=========================================+========================+======================|
|   0  Tesla V100-SXM3-32GB-H         On  |   00000000:B7:00.0 Off |                    0 |
| N/A   31C    P0             48W /  450W |       1MiB /  32768MiB |      0%      Default |
|                                         |                        |                  N/A |
+-----------------------------------------+------------------------+----------------------+
                                                                                         
+-----------------------------------------------------------------------------------------+
| Processes:                                                                              |
|  GPU   GI   CI              PID   Type   Process name                        GPU Memory |
|        ID   ID                                                               Usage      |
|=========================================================================================|
|  No running processes found                                                             |
+-----------------------------------------------------------------------------------------+
Warp DeprecationWarning: The namespace `warp.context` will soon be removed from the public API. It can still be accessed from `warp._src.context` but might be changed or removed without notice.
Warp DeprecationWarning: The symbol `warp.context.Module` will soon be removed from the public API. Use `warp.Module` instead.
Warp DeprecationWarning: The symbol `warp.context.get_module` will soon be removed from the public API. Use `warp.get_module` instead.
Warp DeprecationWarning: The namespace `warp.math` will soon be removed from the public API. It can still be accessed from `warp._src.math` but might be changed or removed without notice.
Warp 1.11.0 initialized:
   CUDA Toolkit 12.9, Driver 12.8
   Devices:
     "cpu"      : "x86_64"
     "cuda:0"   : "Tesla V100-SXM3-32GB-H" (32 GiB, sm_70, mempool enabled)
   Kernel cache:
     /home/nl455/.cache/warp/1.11.0
2026-05-22 03:22:47.960 | WARNING  | spider.config:process_config:259 - task_info.json not found at /share/culbertson/nl455/spider/example_datasets/processed/custom/wuji/right/screwdriver/0/../task_info.json, using default values
2026-05-22 03:22:47.972 | WARNING  | spider.io:load_data:53 - ctrl data not found, using 'qpos' as a initial guess for control.
2026-05-22 03:22:56.681 | INFO     | spider.viewers:setup_viewer:85 - viewer is set to rerun, build and log scene from xml file
2026-05-22 03:22:56.682 | INFO     | spider.viewers:setup_viewer:106 - viewer is disabled, launch dummy viewer
2026-05-22 03:36:39.171 | INFO     | __main__:main:297 - Saved info to /share/culbertson/nl455/spider/example_datasets/processed/custom/wuji/right/screwdriver/0/num_samples2048_trajectory_mjwp.npz
2026-05-22 03:36:40.422 | INFO     | __main__:main:307 - Saved video to /share/culbertson/nl455/spider/example_datasets/processed/custom/wuji/right/screwdriver/0/num_samples2048_visualization_mjwp.mp4
2026-05-22 03:36:42.090 | INFO     | __main__:save_reward_plot:112 - Saved reward plot to /share/culbertson/nl455/spider/example_datasets/processed/custom/wuji/right/screwdriver/0/visualization_mjwp.png
Loading data from /share/culbertson/nl455/spider/example_datasets/processed/custom/wuji/right/screwdriver/0/trajectory_kinematic.npz
Loaded reference data from /share/culbertson/nl455/spider/example_datasets/processed/custom/wuji/right/screwdriver/0/trajectory_kinematic.npz
Warp DeprecationWarning: The symbol `warp.context.runtime` will soon be removed from the public API. It can still be accessed from `warp._src.context.runtime` but might be changed or removed without notice.
Module mujoco_warp._src.smooth 61a2af8 load on device 'cuda:0' took 27.07 ms  (cached)
Module mujoco_warp._src.collision_driver de6dc98 load on device 'cuda:0' took 27.72 ms  (cached)
Module _nxn_broadphase__locals__kernel_a346c471 a346c47 load on device 'cuda:0' took 15.93 ms  (cached)
Module ccd_kernel_builder__locals__ccd_kernel_c58b55f9 c58b55f load on device 'cuda:0' took 28.75 ms  (cached)
Module mujoco_warp._src.collision_primitive._create_narrowphase_kernel 898c120 load on device 'cuda:0' took 30.29 ms  (cached)
Module mujoco_warp._src.constraint 8bed7e5 load on device 'cuda:0' took 32.83 ms  (cached)
Module _actuator_velocity__locals__actuator_velocity_8455fd1d a00c661 load on device 'cuda:0' took 31.26 ms  (cached)
Module mujoco_warp._src.passive eab35ec load on device 'cuda:0' took 32.86 ms  (cached)
Module mujoco_warp._src.forward 3875c24 load on device 'cuda:0' took 32.81 ms  (cached)
Module mujoco_warp._src.support b7a7a89 load on device 'cuda:0' took 34.03 ms  (cached)
Module mujoco_warp._src.solver f8d7d7e load on device 'cuda:0' took 33.68 ms  (cached)
Module mul_m_sparse_diag__locals___mul_m_sparse_diag_1de23634 1de2363 load on device 'cuda:0' took 33.61 ms  (cached)
Module mul_m_sparse_ij__locals___mul_m_sparse_ij_b1bb5fb3 b1bb5fb load on device 'cuda:0' took 34.76 ms  (cached)
Module update_constraint_gauss_cost__locals__kernel_514fafd5 514fafd load on device 'cuda:0' took 34.80 ms  (cached)
Module update_gradient_JTDAJ_sparse_tiled__locals__kernel_bef1bff7 e7f28a7 load on device 'cuda:0' took 98.76 ms  (cached)
Module update_gradient_cholesky_blocked__locals__kernel_f27896a4 a435167 load on device 'cuda:0' took 246.32 ms  (cached)
Module linesearch_jv_fused__locals__kernel_037c89d7 037c89d load on device 'cuda:0' took 36.95 ms  (cached)
Module mujoco_warp._src.derivative 43453d8 load on device 'cuda:0' took 34.29 ms  (cached)
starting loop
Finished optimizing
Realtime rate: 0.00, plan time: 115.0952s, sim_steps: 200/2690, opt_steps: 7Finished optimizing
Realtime rate: 0.00, plan time: 270.6882s, sim_steps: 400/2690, opt_steps: 32Finished optimizing
Realtime rate: 0.00, plan time: 289.4088s, sim_steps: 600/2690, opt_steps: 32Finished optimizing
Realtime rate: 0.03, plan time: 13.4201s, sim_steps: 800/2690, opt_steps: 1Finished optimizing
Realtime rate: 0.03, plan time: 13.5488s, sim_steps: 1000/2690, opt_steps: 1Finished optimizing
Realtime rate: 0.03, plan time: 13.5315s, sim_steps: 1200/2690, opt_steps: 1Finished optimizing
Realtime rate: 0.03, plan time: 13.4191s, sim_steps: 1400/2690, opt_steps: 1Finished optimizing
Realtime rate: 0.03, plan time: 13.7325s, sim_steps: 1600/2690, opt_steps: 1Finished optimizing
Realtime rate: 0.03, plan time: 13.6031s, sim_steps: 1800/2690, opt_steps: 1Finished optimizing
Realtime rate: 0.03, plan time: 13.6018s, sim_steps: 2000/2690, opt_steps: 1Finished optimizing
Realtime rate: 0.03, plan time: 13.2729s, sim_steps: 2200/2690, opt_steps: 1Finished optimizing
Realtime rate: 0.03, plan time: 13.0398s, sim_steps: 2400/2690, opt_steps: 1Finished optimizing
Realtime rate: 0.03, plan time: 13.0309s, sim_steps: 2600/2690, opt_steps: 1Finished optimizing
Realtime rate: 0.03, plan time: 12.5105s, sim_steps: 2800/2690, opt_steps: 1Total time: 821.9038s
