lil-compute-03
Fri May 22 10:25:04 2026       
+-----------------------------------------------------------------------------------------+
| NVIDIA-SMI 570.124.06             Driver Version: 570.124.06     CUDA Version: 12.8     |
|-----------------------------------------+------------------------+----------------------+
| GPU  Name                 Persistence-M | Bus-Id          Disp.A | Volatile Uncorr. ECC |
| Fan  Temp   Perf          Pwr:Usage/Cap |           Memory-Usage | GPU-Util  Compute M. |
|                                         |                        |               MIG M. |
|=========================================+========================+======================|
|   0  NVIDIA GeForce RTX 2080 Ti     On  |   00000000:1A:00.0 Off |                  N/A |
| 16%   30C    P8             23W /  250W |       1MiB /  11264MiB |      0%      Default |
|                                         |                        |                  N/A |
+-----------------------------------------+------------------------+----------------------+
                                                                                         
+-----------------------------------------------------------------------------------------+
| Processes:                                                                              |
|  GPU   GI   CI              PID   Type   Process name                        GPU Memory |
|        ID   ID                                                               Usage      |
|=========================================================================================|
|  No running processes found                                                             |
+-----------------------------------------------------------------------------------------+
Warp DeprecationWarning: The namespace `warp.context` will soon be removed from the public API. It can still be accessed from `warp._src.context` but might be changed or removed without notice.
Warp DeprecationWarning: The symbol `warp.context.Module` will soon be removed from the public API. Use `warp.Module` instead.
Warp DeprecationWarning: The symbol `warp.context.get_module` will soon be removed from the public API. Use `warp.get_module` instead.
Warp DeprecationWarning: The namespace `warp.math` will soon be removed from the public API. It can still be accessed from `warp._src.math` but might be changed or removed without notice.
Warp 1.11.0 initialized:
   CUDA Toolkit 12.9, Driver 12.8
   Devices:
     "cpu"      : "x86_64"
     "cuda:0"   : "NVIDIA GeForce RTX 2080 Ti" (11 GiB, sm_75, mempool enabled)
   Kernel cache:
     /home/nl455/.cache/warp/1.11.0
2026-05-22 10:25:17.865 | WARNING  | spider.config:process_config:259 - task_info.json not found at /share/culbertson/nl455/spider/example_datasets/processed/custom/wuji/right/screwdriver/0/../task_info.json, using default values
2026-05-22 10:25:17.875 | WARNING  | spider.io:load_data:53 - ctrl data not found, using 'qpos' as a initial guess for control.
2026-05-22 10:25:20.752 | INFO     | spider.viewers:setup_viewer:85 - viewer is set to rerun, build and log scene from xml file
2026-05-22 10:25:20.752 | INFO     | spider.viewers:setup_viewer:106 - viewer is disabled, launch dummy viewer
2026-05-22 10:32:37.672 | INFO     | __main__:main:297 - Saved info to /share/culbertson/nl455/spider/example_datasets/processed/custom/wuji/right/screwdriver/0/base_pos_rew_scale0.01_base_rot_rew_scale0.03_num_samples1024_trajectory_mjwp.npz
2026-05-22 10:32:38.918 | INFO     | __main__:main:307 - Saved video to /share/culbertson/nl455/spider/example_datasets/processed/custom/wuji/right/screwdriver/0/base_pos_rew_scale0.01_base_rot_rew_scale0.03_num_samples1024_visualization_mjwp.mp4
2026-05-22 10:32:39.500 | INFO     | __main__:save_reward_plot:112 - Saved reward plot to /share/culbertson/nl455/spider/example_datasets/processed/custom/wuji/right/screwdriver/0/visualization_mjwp.png
Loading data from /share/culbertson/nl455/spider/example_datasets/processed/custom/wuji/right/screwdriver/0/trajectory_kinematic.npz
Loaded reference data from /share/culbertson/nl455/spider/example_datasets/processed/custom/wuji/right/screwdriver/0/trajectory_kinematic.npz
Warp DeprecationWarning: The symbol `warp.context.runtime` will soon be removed from the public API. It can still be accessed from `warp._src.context.runtime` but might be changed or removed without notice.
Module mujoco_warp._src.smooth 61a2af8 load on device 'cuda:0' took 2.75 ms  (cached)
Module mujoco_warp._src.collision_driver de6dc98 load on device 'cuda:0' took 1.59 ms  (cached)
Module _nxn_broadphase__locals__kernel_a346c471 a346c47 load on device 'cuda:0' took 1.61 ms  (cached)
Module ccd_kernel_builder__locals__ccd_kernel_c58b55f9 c58b55f load on device 'cuda:0' took 1.89 ms  (cached)
Module mujoco_warp._src.collision_primitive._create_narrowphase_kernel 898c120 load on device 'cuda:0' took 1.91 ms  (cached)
Module mujoco_warp._src.constraint 8bed7e5 load on device 'cuda:0' took 1.98 ms  (cached)
Module _actuator_velocity__locals__actuator_velocity_8455fd1d a00c661 load on device 'cuda:0' took 1.66 ms  (cached)
Module mujoco_warp._src.passive eab35ec load on device 'cuda:0' took 1.80 ms  (cached)
Module mujoco_warp._src.forward 3875c24 load on device 'cuda:0' took 1.87 ms  (cached)
Module mujoco_warp._src.support b7a7a89 load on device 'cuda:0' took 1.64 ms  (cached)
Module mujoco_warp._src.solver f8d7d7e load on device 'cuda:0' took 2.19 ms  (cached)
Module mul_m_sparse_diag__locals___mul_m_sparse_diag_1de23634 1de2363 load on device 'cuda:0' took 1.61 ms  (cached)
Module mul_m_sparse_ij__locals___mul_m_sparse_ij_b1bb5fb3 b1bb5fb load on device 'cuda:0' took 1.56 ms  (cached)
Module update_constraint_gauss_cost__locals__kernel_514fafd5 514fafd load on device 'cuda:0' took 1.65 ms  (cached)
Module update_gradient_JTDAJ_sparse_tiled__locals__kernel_bef1bff7 e7f28a7 load on device 'cuda:0' took 49.61 ms  (cached)
Module update_gradient_cholesky_blocked__locals__kernel_f27896a4 a435167 load on device 'cuda:0' took 189.21 ms  (cached)
Module linesearch_jv_fused__locals__kernel_037c89d7 037c89d load on device 'cuda:0' took 1.90 ms  (cached)
Module mujoco_warp._src.derivative 43453d8 load on device 'cuda:0' took 1.75 ms  (cached)
starting loop
Finished optimizing
Realtime rate: 0.01, plan time: 66.4009s, sim_steps: 200/2690, opt_steps: 8Finished optimizing
Realtime rate: 0.00, plan time: 207.7818s, sim_steps: 400/2690, opt_steps: 32Finished optimizing
Realtime rate: 0.01, plan time: 39.3213s, sim_steps: 600/2690, opt_steps: 5Finished optimizing
Realtime rate: 0.04, plan time: 10.9599s, sim_steps: 800/2690, opt_steps: 1Finished optimizing
Realtime rate: 0.04, plan time: 11.2219s, sim_steps: 1000/2690, opt_steps: 1Finished optimizing
Realtime rate: 0.04, plan time: 11.1372s, sim_steps: 1200/2690, opt_steps: 1Finished optimizing
Realtime rate: 0.04, plan time: 11.1848s, sim_steps: 1400/2690, opt_steps: 1Finished optimizing
Realtime rate: 0.03, plan time: 11.6178s, sim_steps: 1600/2690, opt_steps: 1Finished optimizing
Realtime rate: 0.03, plan time: 11.4746s, sim_steps: 1800/2690, opt_steps: 1Finished optimizing
Realtime rate: 0.04, plan time: 11.2763s, sim_steps: 2000/2690, opt_steps: 1Finished optimizing
Realtime rate: 0.04, plan time: 11.3087s, sim_steps: 2200/2690, opt_steps: 1Finished optimizing
Realtime rate: 0.04, plan time: 11.2431s, sim_steps: 2400/2690, opt_steps: 1Finished optimizing
Realtime rate: 0.04, plan time: 11.0047s, sim_steps: 2600/2690, opt_steps: 1Finished optimizing
Realtime rate: 0.04, plan time: 10.7392s, sim_steps: 2800/2690, opt_steps: 1Total time: 436.6726s
