lil-compute-03
Fri May 22 03:36:22 2026       
+-----------------------------------------------------------------------------------------+
| NVIDIA-SMI 570.124.06             Driver Version: 570.124.06     CUDA Version: 12.8     |
|-----------------------------------------+------------------------+----------------------+
| GPU  Name                 Persistence-M | Bus-Id          Disp.A | Volatile Uncorr. ECC |
| Fan  Temp   Perf          Pwr:Usage/Cap |           Memory-Usage | GPU-Util  Compute M. |
|                                         |                        |               MIG M. |
|=========================================+========================+======================|
|   0  NVIDIA GeForce RTX 2080 Ti     On  |   00000000:1A:00.0 Off |                  N/A |
| 16%   30C    P8             22W /  250W |       1MiB /  11264MiB |      0%      Default |
|                                         |                        |                  N/A |
+-----------------------------------------+------------------------+----------------------+
                                                                                         
+-----------------------------------------------------------------------------------------+
| Processes:                                                                              |
|  GPU   GI   CI              PID   Type   Process name                        GPU Memory |
|        ID   ID                                                               Usage      |
|=========================================================================================|
|  No running processes found                                                             |
+-----------------------------------------------------------------------------------------+
Warp DeprecationWarning: The namespace `warp.context` will soon be removed from the public API. It can still be accessed from `warp._src.context` but might be changed or removed without notice.
Warp DeprecationWarning: The symbol `warp.context.Module` will soon be removed from the public API. Use `warp.Module` instead.
Warp DeprecationWarning: The symbol `warp.context.get_module` will soon be removed from the public API. Use `warp.get_module` instead.
Warp DeprecationWarning: The namespace `warp.math` will soon be removed from the public API. It can still be accessed from `warp._src.math` but might be changed or removed without notice.
Warp 1.11.0 initialized:
   CUDA Toolkit 12.9, Driver 12.8
   Devices:
     "cpu"      : "x86_64"
     "cuda:0"   : "NVIDIA GeForce RTX 2080 Ti" (11 GiB, sm_75, mempool enabled)
   Kernel cache:
     /home/nl455/.cache/warp/1.11.0
2026-05-22 03:36:45.531 | WARNING  | spider.config:process_config:259 - task_info.json not found at /share/culbertson/nl455/spider/example_datasets/processed/custom/wuji/right/screwdriver/0/../task_info.json, using default values
2026-05-22 03:36:45.538 | WARNING  | spider.io:load_data:53 - ctrl data not found, using 'qpos' as a initial guess for control.
2026-05-22 03:36:50.936 | INFO     | spider.viewers:setup_viewer:85 - viewer is set to rerun, build and log scene from xml file
2026-05-22 03:36:50.937 | INFO     | spider.viewers:setup_viewer:106 - viewer is disabled, launch dummy viewer
2026-05-22 04:03:43.069 | INFO     | __main__:main:297 - Saved info to /share/culbertson/nl455/spider/example_datasets/processed/custom/wuji/right/screwdriver/0/num_samples4096_trajectory_mjwp.npz
2026-05-22 04:03:44.470 | INFO     | __main__:main:307 - Saved video to /share/culbertson/nl455/spider/example_datasets/processed/custom/wuji/right/screwdriver/0/num_samples4096_visualization_mjwp.mp4
2026-05-22 04:03:45.691 | INFO     | __main__:save_reward_plot:112 - Saved reward plot to /share/culbertson/nl455/spider/example_datasets/processed/custom/wuji/right/screwdriver/0/visualization_mjwp.png
Loading data from /share/culbertson/nl455/spider/example_datasets/processed/custom/wuji/right/screwdriver/0/trajectory_kinematic.npz
Loaded reference data from /share/culbertson/nl455/spider/example_datasets/processed/custom/wuji/right/screwdriver/0/trajectory_kinematic.npz
Warp DeprecationWarning: The symbol `warp.context.runtime` will soon be removed from the public API. It can still be accessed from `warp._src.context.runtime` but might be changed or removed without notice.
Module mujoco_warp._src.smooth 61a2af8 load on device 'cuda:0' took 8.38 ms  (cached)
Module mujoco_warp._src.collision_driver de6dc98 load on device 'cuda:0' took 6.54 ms  (cached)
Module _nxn_broadphase__locals__kernel_a346c471 a346c47 load on device 'cuda:0' took 6.64 ms  (cached)
Module ccd_kernel_builder__locals__ccd_kernel_c58b55f9 c58b55f load on device 'cuda:0' took 16.93 ms  (cached)
Module mujoco_warp._src.collision_primitive._create_narrowphase_kernel 898c120 load on device 'cuda:0' took 13.70 ms  (cached)
Module mujoco_warp._src.constraint 8bed7e5 load on device 'cuda:0' took 13.39 ms  (cached)
Module _actuator_velocity__locals__actuator_velocity_8455fd1d a00c661 load on device 'cuda:0' took 16.20 ms  (cached)
Module mujoco_warp._src.passive eab35ec load on device 'cuda:0' took 12.73 ms  (cached)
Module mujoco_warp._src.forward 3875c24 load on device 'cuda:0' took 15.37 ms  (cached)
Module mujoco_warp._src.support b7a7a89 load on device 'cuda:0' took 17.53 ms  (cached)
Module mujoco_warp._src.solver f8d7d7e load on device 'cuda:0' took 16.90 ms  (cached)
Module mul_m_sparse_diag__locals___mul_m_sparse_diag_1de23634 1de2363 load on device 'cuda:0' took 10.41 ms  (cached)
Module mul_m_sparse_ij__locals___mul_m_sparse_ij_b1bb5fb3 b1bb5fb load on device 'cuda:0' took 19.01 ms  (cached)
Module update_constraint_gauss_cost__locals__kernel_514fafd5 514fafd load on device 'cuda:0' took 14.91 ms  (cached)
Module update_gradient_JTDAJ_sparse_tiled__locals__kernel_bef1bff7 e7f28a7 load on device 'cuda:0' took 83.37 ms  (cached)
Module update_gradient_cholesky_blocked__locals__kernel_f27896a4 a435167 load on device 'cuda:0' took 225.56 ms  (cached)
Module linesearch_jv_fused__locals__kernel_037c89d7 037c89d load on device 'cuda:0' took 11.09 ms  (cached)
Module mujoco_warp._src.derivative 43453d8 load on device 'cuda:0' took 12.64 ms  (cached)
starting loop
Finished optimizing
Realtime rate: 0.00, plan time: 433.0189s, sim_steps: 200/2690, opt_steps: 32Finished optimizing
Realtime rate: 0.00, plan time: 449.8849s, sim_steps: 400/2690, opt_steps: 32Finished optimizing
Realtime rate: 0.00, plan time: 484.5066s, sim_steps: 600/2690, opt_steps: 32Finished optimizing
Realtime rate: 0.02, plan time: 21.4016s, sim_steps: 800/2690, opt_steps: 1Finished optimizing
Realtime rate: 0.02, plan time: 21.5224s, sim_steps: 1000/2690, opt_steps: 1Finished optimizing
Realtime rate: 0.02, plan time: 22.6926s, sim_steps: 1200/2690, opt_steps: 1Finished optimizing
Realtime rate: 0.02, plan time: 22.5897s, sim_steps: 1400/2690, opt_steps: 1Finished optimizing
Realtime rate: 0.02, plan time: 23.0895s, sim_steps: 1600/2690, opt_steps: 1Finished optimizing
Realtime rate: 0.02, plan time: 22.8187s, sim_steps: 1800/2690, opt_steps: 1Finished optimizing
Realtime rate: 0.02, plan time: 22.8136s, sim_steps: 2000/2690, opt_steps: 1Finished optimizing
Realtime rate: 0.02, plan time: 22.5967s, sim_steps: 2200/2690, opt_steps: 1Finished optimizing
Realtime rate: 0.02, plan time: 22.2645s, sim_steps: 2400/2690, opt_steps: 1Finished optimizing
Realtime rate: 0.02, plan time: 21.7917s, sim_steps: 2600/2690, opt_steps: 1Finished optimizing
Realtime rate: 0.02, plan time: 20.7485s, sim_steps: 2800/2690, opt_steps: 1Total time: 1611.7405s
