fang-compute-02.cs.cornell.edu
Fri May 15 21:21:40 2026       
+-----------------------------------------------------------------------------------------+
| NVIDIA-SMI 570.124.06             Driver Version: 570.124.06     CUDA Version: 12.8     |
|-----------------------------------------+------------------------+----------------------+
| GPU  Name                 Persistence-M | Bus-Id          Disp.A | Volatile Uncorr. ECC |
| Fan  Temp   Perf          Pwr:Usage/Cap |           Memory-Usage | GPU-Util  Compute M. |
|                                         |                        |               MIG M. |
|=========================================+========================+======================|
|   0  NVIDIA RTX A6000               On  |   00000000:09:00.0 Off |                  Off |
| 30%   28C    P8             36W /  300W |       2MiB /  49140MiB |      0%      Default |
|                                         |                        |                  N/A |
+-----------------------------------------+------------------------+----------------------+
                                                                                         
+-----------------------------------------------------------------------------------------+
| Processes:                                                                              |
|  GPU   GI   CI              PID   Type   Process name                        GPU Memory |
|        ID   ID                                                               Usage      |
|=========================================================================================|
|  No running processes found                                                             |
+-----------------------------------------------------------------------------------------+
Warp DeprecationWarning: The namespace `warp.context` will soon be removed from the public API. It can still be accessed from `warp._src.context` but might be changed or removed without notice.
Warp DeprecationWarning: The symbol `warp.context.Module` will soon be removed from the public API. Use `warp.Module` instead.
Warp DeprecationWarning: The symbol `warp.context.get_module` will soon be removed from the public API. Use `warp.get_module` instead.
Warp DeprecationWarning: The namespace `warp.math` will soon be removed from the public API. It can still be accessed from `warp._src.math` but might be changed or removed without notice.
Warp 1.11.0 initialized:
   CUDA Toolkit 12.9, Driver 12.8
   Devices:
     "cpu"      : "x86_64"
     "cuda:0"   : "NVIDIA RTX A6000" (47 GiB, sm_86, mempool enabled)
   Kernel cache:
     /home/nl455/.cache/warp/1.11.0
2026-05-15 21:22:03.731 | WARNING  | spider.config:process_config:259 - task_info.json not found at /share/culbertson/nl455/spider/example_datasets/processed/arctic/leap/right/scissors/0/../task_info.json, using default values
Loading data from /share/culbertson/nl455/spider/example_datasets/processed/arctic/leap/right/scissors/0/trajectory_kinematic.npz
Error executing job with overrides: ['num_samples=2048']
Traceback (most recent call last):
  File "/share/culbertson/nl455/spider/examples/run_mjwp.py", line 335, in run_main
    main(config)
  File "/share/culbertson/nl455/spider/examples/run_mjwp.py", line 121, in main
    qpos_ref, qvel_ref, ctrl_ref, contact, contact_pos = load_data(
                                                         ^^^^^^^^^^
  File "/share/culbertson/nl455/spider/spider/io.py", line 34, in load_data
    raw_data = np.load(data_path)
               ^^^^^^^^^^^^^^^^^^
  File "/share/culbertson/nl455/miniconda3/envs/spider/lib/python3.12/site-packages/numpy/lib/_npyio_impl.py", line 489, in load
    raise ValueError(
ValueError: This file contains pickled (object) data. If you trust the file you can load it unsafely using the `allow_pickle=` keyword argument or `pickle.load()`.

Set the environment variable HYDRA_FULL_ERROR=1 for a complete stack trace.
