dgx2-compute-02
Fri May 22 10:04:58 2026       
+-----------------------------------------------------------------------------------------+
| NVIDIA-SMI 570.124.06             Driver Version: 570.124.06     CUDA Version: 12.8     |
|-----------------------------------------+------------------------+----------------------+
| GPU  Name                 Persistence-M | Bus-Id          Disp.A | Volatile Uncorr. ECC |
| Fan  Temp   Perf          Pwr:Usage/Cap |           Memory-Usage | GPU-Util  Compute M. |
|                                         |                        |               MIG M. |
|=========================================+========================+======================|
|   0  Tesla V100-SXM3-32GB-H         On  |   00000000:B7:00.0 Off |                    0 |
| N/A   31C    P0             48W /  450W |       1MiB /  32768MiB |      0%      Default |
|                                         |                        |                  N/A |
+-----------------------------------------+------------------------+----------------------+
                                                                                         
+-----------------------------------------------------------------------------------------+
| Processes:                                                                              |
|  GPU   GI   CI              PID   Type   Process name                        GPU Memory |
|        ID   ID                                                               Usage      |
|=========================================================================================|
|  No running processes found                                                             |
+-----------------------------------------------------------------------------------------+
Warp DeprecationWarning: The namespace `warp.context` will soon be removed from the public API. It can still be accessed from `warp._src.context` but might be changed or removed without notice.
Warp DeprecationWarning: The symbol `warp.context.Module` will soon be removed from the public API. Use `warp.Module` instead.
Warp DeprecationWarning: The symbol `warp.context.get_module` will soon be removed from the public API. Use `warp.get_module` instead.
Warp DeprecationWarning: The namespace `warp.math` will soon be removed from the public API. It can still be accessed from `warp._src.math` but might be changed or removed without notice.
Warp 1.11.0 initialized:
   CUDA Toolkit 12.9, Driver 12.8
   Devices:
     "cpu"      : "x86_64"
     "cuda:0"   : "Tesla V100-SXM3-32GB-H" (32 GiB, sm_70, mempool enabled)
   Kernel cache:
     /home/nl455/.cache/warp/1.11.0
2026-05-22 10:05:13.578 | WARNING  | spider.config:process_config:259 - task_info.json not found at /share/culbertson/nl455/spider/example_datasets/processed/custom/wuji/right/screwdriver/0/../task_info.json, using default values
2026-05-22 10:05:13.584 | WARNING  | spider.io:load_data:53 - ctrl data not found, using 'qpos' as a initial guess for control.
2026-05-22 10:05:16.947 | INFO     | spider.viewers:setup_viewer:85 - viewer is set to rerun, build and log scene from xml file
2026-05-22 10:05:16.947 | INFO     | spider.viewers:setup_viewer:106 - viewer is disabled, launch dummy viewer
2026-05-22 10:18:35.380 | INFO     | __main__:main:297 - Saved info to /share/culbertson/nl455/spider/example_datasets/processed/custom/wuji/right/screwdriver/0/base_pos_rew_scale0.05_base_rot_rew_scale0.015_num_samples2048_trajectory_mjwp.npz
2026-05-22 10:18:36.531 | INFO     | __main__:main:307 - Saved video to /share/culbertson/nl455/spider/example_datasets/processed/custom/wuji/right/screwdriver/0/base_pos_rew_scale0.05_base_rot_rew_scale0.015_num_samples2048_visualization_mjwp.mp4
2026-05-22 10:18:37.584 | INFO     | __main__:save_reward_plot:112 - Saved reward plot to /share/culbertson/nl455/spider/example_datasets/processed/custom/wuji/right/screwdriver/0/visualization_mjwp.png
Loading data from /share/culbertson/nl455/spider/example_datasets/processed/custom/wuji/right/screwdriver/0/trajectory_kinematic.npz
Loaded reference data from /share/culbertson/nl455/spider/example_datasets/processed/custom/wuji/right/screwdriver/0/trajectory_kinematic.npz
Warp DeprecationWarning: The symbol `warp.context.runtime` will soon be removed from the public API. It can still be accessed from `warp._src.context.runtime` but might be changed or removed without notice.
Module mujoco_warp._src.smooth 61a2af8 load on device 'cuda:0' took 4.50 ms  (cached)
Module mujoco_warp._src.collision_driver de6dc98 load on device 'cuda:0' took 3.16 ms  (cached)
Module _nxn_broadphase__locals__kernel_a346c471 a346c47 load on device 'cuda:0' took 3.16 ms  (cached)
Module ccd_kernel_builder__locals__ccd_kernel_c58b55f9 c58b55f load on device 'cuda:0' took 3.08 ms  (cached)
Module mujoco_warp._src.collision_primitive._create_narrowphase_kernel 898c120 load on device 'cuda:0' took 3.35 ms  (cached)
Module mujoco_warp._src.constraint 8bed7e5 load on device 'cuda:0' took 2.25 ms  (cached)
Module _actuator_velocity__locals__actuator_velocity_8455fd1d a00c661 load on device 'cuda:0' took 1.74 ms  (cached)
Module mujoco_warp._src.passive eab35ec load on device 'cuda:0' took 2.93 ms  (cached)
Module mujoco_warp._src.forward 3875c24 load on device 'cuda:0' took 2.53 ms  (cached)
Module mujoco_warp._src.support b7a7a89 load on device 'cuda:0' took 2.70 ms  (cached)
Module mujoco_warp._src.solver f8d7d7e load on device 'cuda:0' took 3.46 ms  (cached)
Module mul_m_sparse_diag__locals___mul_m_sparse_diag_1de23634 1de2363 load on device 'cuda:0' took 2.82 ms  (cached)
Module mul_m_sparse_ij__locals___mul_m_sparse_ij_b1bb5fb3 b1bb5fb load on device 'cuda:0' took 2.67 ms  (cached)
Module update_constraint_gauss_cost__locals__kernel_514fafd5 514fafd load on device 'cuda:0' took 3.06 ms  (cached)
Module update_gradient_JTDAJ_sparse_tiled__locals__kernel_bef1bff7 e7f28a7 load on device 'cuda:0' took 54.00 ms  (cached)
Module update_gradient_cholesky_blocked__locals__kernel_f27896a4 a435167 load on device 'cuda:0' took 197.40 ms  (cached)
Module linesearch_jv_fused__locals__kernel_037c89d7 037c89d load on device 'cuda:0' took 3.18 ms  (cached)
Module mujoco_warp._src.derivative 43453d8 load on device 'cuda:0' took 2.91 ms  (cached)
starting loop
Finished optimizing
Realtime rate: 0.00, plan time: 81.5265s, sim_steps: 200/2690, opt_steps: 8Finished optimizing
Realtime rate: 0.00, plan time: 280.6074s, sim_steps: 400/2690, opt_steps: 32Finished optimizing
Realtime rate: 0.00, plan time: 287.9748s, sim_steps: 600/2690, opt_steps: 32Finished optimizing
Realtime rate: 0.03, plan time: 13.2181s, sim_steps: 800/2690, opt_steps: 1Finished optimizing
Realtime rate: 0.03, plan time: 13.2037s, sim_steps: 1000/2690, opt_steps: 1Finished optimizing
Realtime rate: 0.03, plan time: 13.8034s, sim_steps: 1200/2690, opt_steps: 1Finished optimizing
Realtime rate: 0.03, plan time: 13.5486s, sim_steps: 1400/2690, opt_steps: 1Finished optimizing
Realtime rate: 0.03, plan time: 13.8204s, sim_steps: 1600/2690, opt_steps: 1Finished optimizing
Realtime rate: 0.03, plan time: 13.8506s, sim_steps: 1800/2690, opt_steps: 1Finished optimizing
Realtime rate: 0.03, plan time: 13.8635s, sim_steps: 2000/2690, opt_steps: 1Finished optimizing
Realtime rate: 0.03, plan time: 13.5992s, sim_steps: 2200/2690, opt_steps: 1Finished optimizing
Realtime rate: 0.03, plan time: 13.3365s, sim_steps: 2400/2690, opt_steps: 1Finished optimizing
Realtime rate: 0.03, plan time: 13.1513s, sim_steps: 2600/2690, opt_steps: 1Finished optimizing
Realtime rate: 0.03, plan time: 12.6646s, sim_steps: 2800/2690, opt_steps: 1Total time: 798.1690s
