dgx2-compute-02.coecis.cornell.edu
Thu May 21 01:27:05 2026       
+-----------------------------------------------------------------------------------------+
| NVIDIA-SMI 570.124.06             Driver Version: 570.124.06     CUDA Version: 12.8     |
|-----------------------------------------+------------------------+----------------------+
| GPU  Name                 Persistence-M | Bus-Id          Disp.A | Volatile Uncorr. ECC |
| Fan  Temp   Perf          Pwr:Usage/Cap |           Memory-Usage | GPU-Util  Compute M. |
|                                         |                        |               MIG M. |
|=========================================+========================+======================|
|   0  Tesla V100-SXM3-32GB-H         On  |   00000000:B7:00.0 Off |                    0 |
| N/A   29C    P0             48W /  450W |       1MiB /  32768MiB |      0%      Default |
|                                         |                        |                  N/A |
+-----------------------------------------+------------------------+----------------------+
                                                                                         
+-----------------------------------------------------------------------------------------+
| Processes:                                                                              |
|  GPU   GI   CI              PID   Type   Process name                        GPU Memory |
|        ID   ID                                                               Usage      |
|=========================================================================================|
|  No running processes found                                                             |
+-----------------------------------------------------------------------------------------+
Warp DeprecationWarning: The namespace `warp.context` will soon be removed from the public API. It can still be accessed from `warp._src.context` but might be changed or removed without notice.
Warp DeprecationWarning: The symbol `warp.context.Module` will soon be removed from the public API. Use `warp.Module` instead.
Warp DeprecationWarning: The symbol `warp.context.get_module` will soon be removed from the public API. Use `warp.get_module` instead.
Warp DeprecationWarning: The namespace `warp.math` will soon be removed from the public API. It can still be accessed from `warp._src.math` but might be changed or removed without notice.
Warp 1.11.0 initialized:
   CUDA Toolkit 12.9, Driver 12.8
   Devices:
     "cpu"      : "x86_64"
     "cuda:0"   : "Tesla V100-SXM3-32GB-H" (32 GiB, sm_70, mempool enabled)
   Kernel cache:
     /home/nl455/.cache/warp/1.11.0
2026-05-21 01:27:24.815 | WARNING  | spider.config:process_config:256 - task_info.json not found at /share/culbertson/nl455/spider/example_datasets/processed/custom/wuji/right/screwdriver/0/../task_info.json, using default values
2026-05-21 01:27:24.824 | WARNING  | spider.io:load_data:53 - ctrl data not found, using 'qpos' as a initial guess for control.
Warp CUDA error 2: out of memory (in function wp_alloc_device_async, /builds/omniverse/warp/warp/native/warp.cu:769)
Loading data from /share/culbertson/nl455/spider/example_datasets/processed/custom/wuji/right/screwdriver/0/trajectory_kinematic.npz
Loaded reference data from /share/culbertson/nl455/spider/example_datasets/processed/custom/wuji/right/screwdriver/0/trajectory_kinematic.npz
Warp DeprecationWarning: The symbol `warp.context.runtime` will soon be removed from the public API. It can still be accessed from `warp._src.context.runtime` but might be changed or removed without notice.
Error executing job with overrides: ['num_samples=4096']
Traceback (most recent call last):
  File "/share/culbertson/nl455/spider/examples/run_mjwp.py", line 335, in run_main
    main(config)
  File "/share/culbertson/nl455/spider/examples/run_mjwp.py", line 133, in main
    env = setup_env(config, ref_data)
          ^^^^^^^^^^^^^^^^^^^^^^^^^^^
  File "/share/culbertson/nl455/spider/spider/simulators/mjwp.py", line 149, in setup_env
    data_wp_prev = mjwarp.put_data(
                   ^^^^^^^^^^^^^^^^
  File "/share/culbertson/nl455/miniconda3/envs/spider/lib/python3.12/site-packages/mujoco_warp/_src/io.py", line 1488, in put_data
    quad=wp.empty(shape=(nworld, njmax), dtype=wp.vec3f),
         ^^^^^^^^^^^^^^^^^^^^^^^^^^^^^^^^^^^^^^^^^^^^^^^
  File "/share/culbertson/nl455/miniconda3/envs/spider/lib/python3.12/site-packages/warp/_src/context.py", line 6129, in empty
    return warp.array(shape=shape, dtype=dtype, device=device, requires_grad=requires_grad, pinned=pinned, **kwargs)
           ^^^^^^^^^^^^^^^^^^^^^^^^^^^^^^^^^^^^^^^^^^^^^^^^^^^^^^^^^^^^^^^^^^^^^^^^^^^^^^^^^^^^^^^^^^^^^^^^^^^^^^^^^
  File "/share/culbertson/nl455/miniconda3/envs/spider/lib/python3.12/site-packages/warp/_src/types.py", line 2546, in __init__
    self._init_new(dtype, shape, strides, device, pinned)
  File "/share/culbertson/nl455/miniconda3/envs/spider/lib/python3.12/site-packages/warp/_src/types.py", line 2941, in _init_new
    ptr = allocator.alloc(capacity)
          ^^^^^^^^^^^^^^^^^^^^^^^^^
  File "/share/culbertson/nl455/miniconda3/envs/spider/lib/python3.12/site-packages/warp/_src/context.py", line 2988, in alloc
    raise RuntimeError(f"Failed to allocate {size_in_bytes} bytes on device '{self.device}'")
RuntimeError: Failed to allocate 1007616000 bytes on device 'cuda:0'

Set the environment variable HYDRA_FULL_ERROR=1 for a complete stack trace.
