lil-compute-03
Fri May 22 02:43:45 2026       
+-----------------------------------------------------------------------------------------+
| NVIDIA-SMI 570.124.06             Driver Version: 570.124.06     CUDA Version: 12.8     |
|-----------------------------------------+------------------------+----------------------+
| GPU  Name                 Persistence-M | Bus-Id          Disp.A | Volatile Uncorr. ECC |
| Fan  Temp   Perf          Pwr:Usage/Cap |           Memory-Usage | GPU-Util  Compute M. |
|                                         |                        |               MIG M. |
|=========================================+========================+======================|
|   0  NVIDIA GeForce RTX 2080 Ti     On  |   00000000:1A:00.0 Off |                  N/A |
| 16%   29C    P8             22W /  250W |       1MiB /  11264MiB |      0%      Default |
|                                         |                        |                  N/A |
+-----------------------------------------+------------------------+----------------------+
                                                                                         
+-----------------------------------------------------------------------------------------+
| Processes:                                                                              |
|  GPU   GI   CI              PID   Type   Process name                        GPU Memory |
|        ID   ID                                                               Usage      |
|=========================================================================================|
|  No running processes found                                                             |
+-----------------------------------------------------------------------------------------+
Warp DeprecationWarning: The namespace `warp.context` will soon be removed from the public API. It can still be accessed from `warp._src.context` but might be changed or removed without notice.
Warp DeprecationWarning: The symbol `warp.context.Module` will soon be removed from the public API. Use `warp.Module` instead.
Warp DeprecationWarning: The symbol `warp.context.get_module` will soon be removed from the public API. Use `warp.get_module` instead.
Warp DeprecationWarning: The namespace `warp.math` will soon be removed from the public API. It can still be accessed from `warp._src.math` but might be changed or removed without notice.
Warp 1.11.0 initialized:
   CUDA Toolkit 12.9, Driver 12.8
   Devices:
     "cpu"      : "x86_64"
     "cuda:0"   : "NVIDIA GeForce RTX 2080 Ti" (11 GiB, sm_75, mempool enabled)
   Kernel cache:
     /home/nl455/.cache/warp/1.11.0
2026-05-22 02:44:00.650 | WARNING  | spider.config:process_config:259 - task_info.json not found at /share/culbertson/nl455/spider/example_datasets/processed/custom/wuji/right/screwdriver/0/../task_info.json, using default values
2026-05-22 02:44:00.657 | WARNING  | spider.io:load_data:53 - ctrl data not found, using 'qpos' as a initial guess for control.
2026-05-22 02:45:17.034 | INFO     | spider.viewers:setup_viewer:85 - viewer is set to rerun, build and log scene from xml file
2026-05-22 02:45:17.036 | INFO     | spider.viewers:setup_viewer:106 - viewer is disabled, launch dummy viewer
2026-05-22 02:48:51.119 | INFO     | __main__:main:297 - Saved info to /share/culbertson/nl455/spider/example_datasets/processed/custom/wuji/right/screwdriver/0/num_samples2048_trajectory_mjwp.npz
2026-05-22 02:48:53.327 | INFO     | __main__:main:307 - Saved video to /share/culbertson/nl455/spider/example_datasets/processed/custom/wuji/right/screwdriver/0/num_samples2048_visualization_mjwp.mp4
2026-05-22 02:48:58.059 | INFO     | __main__:save_reward_plot:112 - Saved reward plot to /share/culbertson/nl455/spider/example_datasets/processed/custom/wuji/right/screwdriver/0/visualization_mjwp.png
Loading data from /share/culbertson/nl455/spider/example_datasets/processed/custom/wuji/right/screwdriver/0/trajectory_kinematic.npz
Loaded reference data from /share/culbertson/nl455/spider/example_datasets/processed/custom/wuji/right/screwdriver/0/trajectory_kinematic.npz
Warp DeprecationWarning: The symbol `warp.context.runtime` will soon be removed from the public API. It can still be accessed from `warp._src.context.runtime` but might be changed or removed without notice.
Module mujoco_warp._src.smooth 61a2af8 load on device 'cuda:0' took 3.81 ms  (cached)
Module mujoco_warp._src.collision_driver de6dc98 load on device 'cuda:0' took 2.10 ms  (cached)
Module _nxn_broadphase__locals__kernel_a346c471 a346c47 load on device 'cuda:0' took 3.09 ms  (cached)
Module ccd_kernel_builder__locals__ccd_kernel_c58b55f9 c58b55f load on device 'cuda:0' took 41.54 ms  (cached)
Module mujoco_warp._src.collision_primitive._create_narrowphase_kernel 898c120 load on device 'cuda:0' took 1988.68 ms  (compiled)
Module mujoco_warp._src.constraint 8bed7e5 load on device 'cuda:0' took 307.27 ms  (cached)
Module _actuator_velocity__locals__actuator_velocity_8455fd1d a00c661 load on device 'cuda:0' took 793.67 ms  (compiled)
Module mujoco_warp._src.passive eab35ec load on device 'cuda:0' took 19.85 ms  (cached)
Module mujoco_warp._src.forward 3875c24 load on device 'cuda:0' took 31.21 ms  (cached)
Module mujoco_warp._src.support b7a7a89 load on device 'cuda:0' took 26.96 ms  (cached)
Module mujoco_warp._src.solver f8d7d7e load on device 'cuda:0' took 19.29 ms  (cached)
Module mul_m_sparse_diag__locals___mul_m_sparse_diag_1de23634 1de2363 load on device 'cuda:0' took 485.81 ms  (compiled)
Module mul_m_sparse_ij__locals___mul_m_sparse_ij_b1bb5fb3 b1bb5fb load on device 'cuda:0' took 208.61 ms  (compiled)
Module update_constraint_gauss_cost__locals__kernel_514fafd5 514fafd load on device 'cuda:0' took 278.28 ms  (compiled)
Module update_gradient_JTDAJ_sparse_tiled__locals__kernel_bef1bff7 e7f28a7 load on device 'cuda:0' took 23157.40 ms  (compiled)
Module update_gradient_cholesky_blocked__locals__kernel_f27896a4 a435167 load on device 'cuda:0' took 44908.85 ms  (compiled)
Module linesearch_jv_fused__locals__kernel_037c89d7 037c89d load on device 'cuda:0' took 245.70 ms  (compiled)
Module mujoco_warp._src.derivative 43453d8 load on device 'cuda:0' took 28.09 ms  (cached)
starting loop
Finished optimizing
Realtime rate: 0.02, plan time: 23.0631s, sim_steps: 200/2670, opt_steps: 1Finished optimizing
Realtime rate: 0.03, plan time: 14.1743s, sim_steps: 400/2670, opt_steps: 1Finished optimizing
Realtime rate: 0.03, plan time: 14.8224s, sim_steps: 600/2670, opt_steps: 1Finished optimizing
Realtime rate: 0.03, plan time: 15.0385s, sim_steps: 800/2670, opt_steps: 1Finished optimizing
Realtime rate: 0.03, plan time: 14.1642s, sim_steps: 1000/2670, opt_steps: 1Finished optimizing
Realtime rate: 0.03, plan time: 14.9414s, sim_steps: 1200/2670, opt_steps: 1Finished optimizing
Realtime rate: 0.03, plan time: 14.9174s, sim_steps: 1400/2670, opt_steps: 1Finished optimizing
Realtime rate: 0.03, plan time: 15.9149s, sim_steps: 1600/2670, opt_steps: 1Finished optimizing
Realtime rate: 0.03, plan time: 15.6504s, sim_steps: 1800/2670, opt_steps: 1Finished optimizing
Realtime rate: 0.03, plan time: 14.8390s, sim_steps: 2000/2670, opt_steps: 1Finished optimizing
Realtime rate: 0.03, plan time: 14.4081s, sim_steps: 2200/2670, opt_steps: 1Finished optimizing
Realtime rate: 0.03, plan time: 14.3746s, sim_steps: 2400/2670, opt_steps: 1Finished optimizing
Realtime rate: 0.03, plan time: 13.9024s, sim_steps: 2600/2670, opt_steps: 1Finished optimizing
Realtime rate: 0.03, plan time: 13.4778s, sim_steps: 2800/2670, opt_steps: 1Total time: 213.6889s
