dgx2-compute-01.coecis.cornell.edu
Thu May 21 01:27:05 2026       
+-----------------------------------------------------------------------------------------+
| NVIDIA-SMI 570.124.06             Driver Version: 570.124.06     CUDA Version: 12.8     |
|-----------------------------------------+------------------------+----------------------+
| GPU  Name                 Persistence-M | Bus-Id          Disp.A | Volatile Uncorr. ECC |
| Fan  Temp   Perf          Pwr:Usage/Cap |           Memory-Usage | GPU-Util  Compute M. |
|                                         |                        |               MIG M. |
|=========================================+========================+======================|
|   0  Tesla V100-SXM3-32GB-H         On  |   00000000:B7:00.0 Off |                    0 |
| N/A   31C    P0             50W /  350W |       1MiB /  32768MiB |      0%      Default |
|                                         |                        |                  N/A |
+-----------------------------------------+------------------------+----------------------+
                                                                                         
+-----------------------------------------------------------------------------------------+
| Processes:                                                                              |
|  GPU   GI   CI              PID   Type   Process name                        GPU Memory |
|        ID   ID                                                               Usage      |
|=========================================================================================|
|  No running processes found                                                             |
+-----------------------------------------------------------------------------------------+
Warp DeprecationWarning: The namespace `warp.context` will soon be removed from the public API. It can still be accessed from `warp._src.context` but might be changed or removed without notice.
Warp DeprecationWarning: The symbol `warp.context.Module` will soon be removed from the public API. Use `warp.Module` instead.
Warp DeprecationWarning: The symbol `warp.context.get_module` will soon be removed from the public API. Use `warp.get_module` instead.
Warp DeprecationWarning: The namespace `warp.math` will soon be removed from the public API. It can still be accessed from `warp._src.math` but might be changed or removed without notice.
Warp 1.11.0 initialized:
   CUDA Toolkit 12.9, Driver 12.8
   Devices:
     "cpu"      : "x86_64"
     "cuda:0"   : "Tesla V100-SXM3-32GB-H" (32 GiB, sm_70, mempool enabled)
   Kernel cache:
     /home/nl455/.cache/warp/1.11.0
2026-05-21 01:27:16.746 | WARNING  | spider.config:process_config:256 - task_info.json not found at /share/culbertson/nl455/spider/example_datasets/processed/custom/wuji/right/screwdriver/0/../task_info.json, using default values
2026-05-21 01:27:16.753 | WARNING  | spider.io:load_data:53 - ctrl data not found, using 'qpos' as a initial guess for control.
2026-05-21 01:27:26.545 | INFO     | spider.viewers:setup_viewer:85 - viewer is set to rerun, build and log scene from xml file
2026-05-21 01:27:26.545 | INFO     | spider.viewers:setup_viewer:106 - viewer is disabled, launch dummy viewer
2026-05-21 01:29:47.878 | WARNING  | spider.optimizers.sampling:optimize_once:297 - NaNs or infs in rews: 2/1024
2026-05-21 01:29:51.770 | WARNING  | spider.optimizers.sampling:optimize_once:297 - NaNs or infs in rews: 5/1024
2026-05-21 01:29:55.679 | WARNING  | spider.optimizers.sampling:optimize_once:297 - NaNs or infs in rews: 15/1024
2026-05-21 01:29:59.510 | WARNING  | spider.optimizers.sampling:optimize_once:297 - NaNs or infs in rews: 19/1024
2026-05-21 01:30:03.390 | WARNING  | spider.optimizers.sampling:optimize_once:297 - NaNs or infs in rews: 37/1024
2026-05-21 01:30:07.235 | WARNING  | spider.optimizers.sampling:optimize_once:297 - NaNs or infs in rews: 20/1024
2026-05-21 01:30:11.145 | WARNING  | spider.optimizers.sampling:optimize_once:297 - NaNs or infs in rews: 34/1024
2026-05-21 01:30:15.031 | WARNING  | spider.optimizers.sampling:optimize_once:297 - NaNs or infs in rews: 22/1024
2026-05-21 01:30:18.910 | WARNING  | spider.optimizers.sampling:optimize_once:297 - NaNs or infs in rews: 46/1024
2026-05-21 01:30:22.885 | WARNING  | spider.optimizers.sampling:optimize_once:297 - NaNs or infs in rews: 88/1024
2026-05-21 01:30:26.853 | WARNING  | spider.optimizers.sampling:optimize_once:297 - NaNs or infs in rews: 72/1024
2026-05-21 01:30:30.781 | WARNING  | spider.optimizers.sampling:optimize_once:297 - NaNs or infs in rews: 82/1024
2026-05-21 01:30:34.675 | WARNING  | spider.optimizers.sampling:optimize_once:297 - NaNs or infs in rews: 63/1024
2026-05-21 01:30:38.559 | WARNING  | spider.optimizers.sampling:optimize_once:297 - NaNs or infs in rews: 61/1024
2026-05-21 01:30:42.426 | WARNING  | spider.optimizers.sampling:optimize_once:297 - NaNs or infs in rews: 78/1024
2026-05-21 01:30:46.276 | WARNING  | spider.optimizers.sampling:optimize_once:297 - NaNs or infs in rews: 62/1024
2026-05-21 01:30:50.114 | WARNING  | spider.optimizers.sampling:optimize_once:297 - NaNs or infs in rews: 63/1024
2026-05-21 01:30:53.956 | WARNING  | spider.optimizers.sampling:optimize_once:297 - NaNs or infs in rews: 90/1024
2026-05-21 01:30:57.762 | WARNING  | spider.optimizers.sampling:optimize_once:297 - NaNs or infs in rews: 68/1024
2026-05-21 01:31:01.539 | WARNING  | spider.optimizers.sampling:optimize_once:297 - NaNs or infs in rews: 70/1024
2026-05-21 01:31:05.326 | WARNING  | spider.optimizers.sampling:optimize_once:297 - NaNs or infs in rews: 64/1024
2026-05-21 01:31:09.096 | WARNING  | spider.optimizers.sampling:optimize_once:297 - NaNs or infs in rews: 84/1024
2026-05-21 01:31:12.884 | WARNING  | spider.optimizers.sampling:optimize_once:297 - NaNs or infs in rews: 174/1024
2026-05-21 01:31:16.649 | WARNING  | spider.optimizers.sampling:optimize_once:297 - NaNs or infs in rews: 139/1024
2026-05-21 01:31:20.404 | WARNING  | spider.optimizers.sampling:optimize_once:297 - NaNs or infs in rews: 127/1024
2026-05-21 01:31:24.183 | WARNING  | spider.optimizers.sampling:optimize_once:297 - NaNs or infs in rews: 128/1024
2026-05-21 01:31:27.919 | WARNING  | spider.optimizers.sampling:optimize_once:297 - NaNs or infs in rews: 99/1024
2026-05-21 01:31:31.659 | WARNING  | spider.optimizers.sampling:optimize_once:297 - NaNs or infs in rews: 98/1024
2026-05-21 01:31:35.329 | WARNING  | spider.optimizers.sampling:optimize_once:297 - NaNs or infs in rews: 53/1024
2026-05-21 01:31:38.970 | WARNING  | spider.optimizers.sampling:optimize_once:297 - NaNs or infs in rews: 44/1024
2026-05-21 01:31:42.627 | WARNING  | spider.optimizers.sampling:optimize_once:297 - NaNs or infs in rews: 46/1024
2026-05-21 01:31:46.252 | WARNING  | spider.optimizers.sampling:optimize_once:297 - NaNs or infs in rews: 20/1024
2026-05-21 01:31:53.074 | WARNING  | spider.optimizers.sampling:optimize_once:297 - NaNs or infs in rews: 8/1024
2026-05-21 01:31:58.591 | WARNING  | spider.optimizers.sampling:optimize_once:297 - NaNs or infs in rews: 6/1024
2026-05-21 01:32:02.994 | WARNING  | spider.optimizers.sampling:optimize_once:297 - NaNs or infs in rews: 16/1024
2026-05-21 01:32:07.459 | WARNING  | spider.optimizers.sampling:optimize_once:297 - NaNs or infs in rews: 35/1024
2026-05-21 01:32:12.020 | WARNING  | spider.optimizers.sampling:optimize_once:297 - NaNs or infs in rews: 29/1024
2026-05-21 01:32:16.651 | WARNING  | spider.optimizers.sampling:optimize_once:297 - NaNs or infs in rews: 24/1024
2026-05-21 01:32:21.325 | WARNING  | spider.optimizers.sampling:optimize_once:297 - NaNs or infs in rews: 78/1024
2026-05-21 01:32:26.682 | WARNING  | spider.optimizers.sampling:optimize_once:297 - NaNs or infs in rews: 45/1024
2026-05-21 01:32:31.369 | WARNING  | spider.optimizers.sampling:optimize_once:297 - NaNs or infs in rews: 129/1024
2026-05-21 01:32:36.088 | WARNING  | spider.optimizers.sampling:optimize_once:297 - NaNs or infs in rews: 186/1024
2026-05-21 01:32:40.817 | WARNING  | spider.optimizers.sampling:optimize_once:297 - NaNs or infs in rews: 192/1024
2026-05-21 01:32:45.603 | WARNING  | spider.optimizers.sampling:optimize_once:297 - NaNs or infs in rews: 181/1024
2026-05-21 01:32:50.405 | WARNING  | spider.optimizers.sampling:optimize_once:297 - NaNs or infs in rews: 197/1024
2026-05-21 01:32:55.113 | WARNING  | spider.optimizers.sampling:optimize_once:297 - NaNs or infs in rews: 229/1024
2026-05-21 01:32:59.739 | WARNING  | spider.optimizers.sampling:optimize_once:297 - NaNs or infs in rews: 160/1024
2026-05-21 01:33:04.415 | WARNING  | spider.optimizers.sampling:optimize_once:297 - NaNs or infs in rews: 147/1024
2026-05-21 01:33:09.121 | WARNING  | spider.optimizers.sampling:optimize_once:297 - NaNs or infs in rews: 259/1024
2026-05-21 01:33:13.836 | WARNING  | spider.optimizers.sampling:optimize_once:297 - NaNs or infs in rews: 273/1024
2026-05-21 01:33:18.548 | WARNING  | spider.optimizers.sampling:optimize_once:297 - NaNs or infs in rews: 262/1024
2026-05-21 01:33:23.219 | WARNING  | spider.optimizers.sampling:optimize_once:297 - NaNs or infs in rews: 242/1024
2026-05-21 01:33:27.893 | WARNING  | spider.optimizers.sampling:optimize_once:297 - NaNs or infs in rews: 337/1024
2026-05-21 01:33:32.482 | WARNING  | spider.optimizers.sampling:optimize_once:297 - NaNs or infs in rews: 271/1024
2026-05-21 01:33:37.120 | WARNING  | spider.optimizers.sampling:optimize_once:297 - NaNs or infs in rews: 309/1024
2026-05-21 01:33:41.759 | WARNING  | spider.optimizers.sampling:optimize_once:297 - NaNs or infs in rews: 350/1024
2026-05-21 01:33:46.373 | WARNING  | spider.optimizers.sampling:optimize_once:297 - NaNs or infs in rews: 364/1024
2026-05-21 01:33:51.014 | WARNING  | spider.optimizers.sampling:optimize_once:297 - NaNs or infs in rews: 313/1024
2026-05-21 01:33:55.676 | WARNING  | spider.optimizers.sampling:optimize_once:297 - NaNs or infs in rews: 289/1024
2026-05-21 01:34:00.317 | WARNING  | spider.optimizers.sampling:optimize_once:297 - NaNs or infs in rews: 256/1024
2026-05-21 01:34:04.938 | WARNING  | spider.optimizers.sampling:optimize_once:297 - NaNs or infs in rews: 250/1024
2026-05-21 01:34:09.589 | WARNING  | spider.optimizers.sampling:optimize_once:297 - NaNs or infs in rews: 339/1024
2026-05-21 01:34:14.261 | WARNING  | spider.optimizers.sampling:optimize_once:297 - NaNs or infs in rews: 293/1024
2026-05-21 01:34:18.938 | WARNING  | spider.optimizers.sampling:optimize_once:297 - NaNs or infs in rews: 365/1024
2026-05-21 01:35:06.973 | INFO     | __main__:main:297 - Saved info to /share/culbertson/nl455/spider/example_datasets/processed/custom/wuji/right/screwdriver/0/num_samples1024.npz
2026-05-21 01:35:08.298 | INFO     | __main__:main:307 - Saved video to /share/culbertson/nl455/spider/example_datasets/processed/custom/wuji/right/screwdriver/0/num_samples1024_visualization_mjwp.mp4
2026-05-21 01:35:09.033 | INFO     | __main__:save_reward_plot:112 - Saved reward plot to /share/culbertson/nl455/spider/example_datasets/processed/custom/wuji/right/screwdriver/0/visualization_mjwp.png
Loading data from /share/culbertson/nl455/spider/example_datasets/processed/custom/wuji/right/screwdriver/0/trajectory_kinematic.npz
Loaded reference data from /share/culbertson/nl455/spider/example_datasets/processed/custom/wuji/right/screwdriver/0/trajectory_kinematic.npz
Warp DeprecationWarning: The symbol `warp.context.runtime` will soon be removed from the public API. It can still be accessed from `warp._src.context.runtime` but might be changed or removed without notice.
Module mujoco_warp._src.smooth 61a2af8 load on device 'cuda:0' took 3.08 ms  (cached)
Module mujoco_warp._src.collision_driver de6dc98 load on device 'cuda:0' took 1.57 ms  (cached)
Module _nxn_broadphase__locals__kernel_a346c471 a346c47 load on device 'cuda:0' took 1.57 ms  (cached)
Module ccd_kernel_builder__locals__ccd_kernel_c58b55f9 c58b55f load on device 'cuda:0' took 1.90 ms  (cached)
Module mujoco_warp._src.collision_primitive._create_narrowphase_kernel 898c120 load on device 'cuda:0' took 1.66 ms  (cached)
Module mujoco_warp._src.constraint 8bed7e5 load on device 'cuda:0' took 1.78 ms  (cached)
Module _actuator_velocity__locals__actuator_velocity_8455fd1d a00c661 load on device 'cuda:0' took 1.52 ms  (cached)
Module mujoco_warp._src.passive eab35ec load on device 'cuda:0' took 1.65 ms  (cached)
Module mujoco_warp._src.forward 3875c24 load on device 'cuda:0' took 1.73 ms  (cached)
Module mujoco_warp._src.support b7a7a89 load on device 'cuda:0' took 1.54 ms  (cached)
Module mujoco_warp._src.solver f8d7d7e load on device 'cuda:0' took 1.82 ms  (cached)
Module mul_m_sparse_diag__locals___mul_m_sparse_diag_1de23634 1de2363 load on device 'cuda:0' took 1.50 ms  (cached)
Module mul_m_sparse_ij__locals___mul_m_sparse_ij_b1bb5fb3 b1bb5fb load on device 'cuda:0' took 1.46 ms  (cached)
Module update_constraint_gauss_cost__locals__kernel_514fafd5 514fafd load on device 'cuda:0' took 1.55 ms  (cached)
Module update_gradient_JTDAJ_sparse_tiled__locals__kernel_a574622e b158fd4 load on device 'cuda:0' took 51.81 ms  (cached)
Module update_gradient_cholesky_blocked__locals__kernel_f27896a4 a435167 load on device 'cuda:0' took 185.62 ms  (cached)
Module linesearch_jv_fused__locals__kernel_037c89d7 037c89d load on device 'cuda:0' took 1.74 ms  (cached)
Module mujoco_warp._src.derivative 43453d8 load on device 'cuda:0' took 1.71 ms  (cached)
starting loop
Finished optimizing
Realtime rate: 0.01, plan time: 33.7337s, sim_steps: 40/534, opt_steps: 6Finished optimizing
Realtime rate: 0.01, plan time: 28.3679s, sim_steps: 80/534, opt_steps: 9Finished optimizing
Realtime rate: 0.01, plan time: 73.2031s, sim_steps: 120/534, opt_steps: 22Finished optimizing
Realtime rate: 0.00, plan time: 125.1929s, sim_steps: 160/534, opt_steps: 32Finished optimizing
Realtime rate: 0.00, plan time: 152.7072s, sim_steps: 200/534, opt_steps: 32Finished optimizing
Realtime rate: 0.02, plan time: 16.7267s, sim_steps: 240/534, opt_steps: 5Finished optimizing
Realtime rate: 0.10, plan time: 3.9856s, sim_steps: 280/534, opt_steps: 1Finished optimizing
Realtime rate: 0.10, plan time: 4.0245s, sim_steps: 320/534, opt_steps: 1Finished optimizing
Realtime rate: 0.10, plan time: 3.8902s, sim_steps: 360/534, opt_steps: 1Finished optimizing
Realtime rate: 0.11, plan time: 3.8016s, sim_steps: 400/534, opt_steps: 1Finished optimizing
Realtime rate: 0.11, plan time: 3.7264s, sim_steps: 440/534, opt_steps: 1Finished optimizing
Realtime rate: 0.11, plan time: 3.6743s, sim_steps: 480/534, opt_steps: 1Finished optimizing
Realtime rate: 0.11, plan time: 3.5975s, sim_steps: 520/534, opt_steps: 1Finished optimizing
Realtime rate: 0.11, plan time: 3.5254s, sim_steps: 560/534, opt_steps: 1Total time: 460.1574s
