dgx2-compute-01.coecis.cornell.edu
Thu May 21 00:51:42 2026       
+-----------------------------------------------------------------------------------------+
| NVIDIA-SMI 570.124.06             Driver Version: 570.124.06     CUDA Version: 12.8     |
|-----------------------------------------+------------------------+----------------------+
| GPU  Name                 Persistence-M | Bus-Id          Disp.A | Volatile Uncorr. ECC |
| Fan  Temp   Perf          Pwr:Usage/Cap |           Memory-Usage | GPU-Util  Compute M. |
|                                         |                        |               MIG M. |
|=========================================+========================+======================|
|   0  Tesla V100-SXM3-32GB-H         On  |   00000000:B7:00.0 Off |                    0 |
| N/A   31C    P0             50W /  350W |       1MiB /  32768MiB |      0%      Default |
|                                         |                        |                  N/A |
+-----------------------------------------+------------------------+----------------------+
                                                                                         
+-----------------------------------------------------------------------------------------+
| Processes:                                                                              |
|  GPU   GI   CI              PID   Type   Process name                        GPU Memory |
|        ID   ID                                                               Usage      |
|=========================================================================================|
|  No running processes found                                                             |
+-----------------------------------------------------------------------------------------+
Warp DeprecationWarning: The namespace `warp.context` will soon be removed from the public API. It can still be accessed from `warp._src.context` but might be changed or removed without notice.
Warp DeprecationWarning: The symbol `warp.context.Module` will soon be removed from the public API. Use `warp.Module` instead.
Warp DeprecationWarning: The symbol `warp.context.get_module` will soon be removed from the public API. Use `warp.get_module` instead.
Warp DeprecationWarning: The namespace `warp.math` will soon be removed from the public API. It can still be accessed from `warp._src.math` but might be changed or removed without notice.
Warp 1.11.0 initialized:
   CUDA Toolkit 12.9, Driver 12.8
   Devices:
     "cpu"      : "x86_64"
     "cuda:0"   : "Tesla V100-SXM3-32GB-H" (32 GiB, sm_70, mempool enabled)
   Kernel cache:
     /home/nl455/.cache/warp/1.11.0
2026-05-21 00:51:59.338 | WARNING  | spider.config:process_config:256 - task_info.json not found at /share/culbertson/nl455/spider/example_datasets/processed/custom/wuji/right/screwdriver/0/../task_info.json, using default values
2026-05-21 00:51:59.346 | WARNING  | spider.io:load_data:53 - ctrl data not found, using 'qpos' as a initial guess for control.
2026-05-21 00:52:09.368 | INFO     | spider.viewers:setup_viewer:85 - viewer is set to rerun, build and log scene from xml file
2026-05-21 00:52:09.369 | INFO     | spider.viewers:setup_viewer:106 - viewer is disabled, launch dummy viewer
2026-05-21 00:53:16.412 | INFO     | __main__:main:297 - Saved info to /share/culbertson/nl455/spider/example_datasets/processed/custom/wuji/right/screwdriver/0/pos_rew_scale1.0_horizon2.0_maxnumiter32_trajectory_mjwp.npz
2026-05-21 00:53:18.177 | INFO     | __main__:main:307 - Saved video to /share/culbertson/nl455/spider/example_datasets/processed/custom/wuji/right/screwdriver/0/pos_rew_scale1.0_horizon2.0_maxnumiter32_visualization_mjwp.mp4
2026-05-21 00:53:20.070 | INFO     | __main__:save_reward_plot:112 - Saved reward plot to /share/culbertson/nl455/spider/example_datasets/processed/custom/wuji/right/screwdriver/0/visualization_mjwp.png
Loading data from /share/culbertson/nl455/spider/example_datasets/processed/custom/wuji/right/screwdriver/0/trajectory_kinematic.npz
Loaded reference data from /share/culbertson/nl455/spider/example_datasets/processed/custom/wuji/right/screwdriver/0/trajectory_kinematic.npz
Warp DeprecationWarning: The symbol `warp.context.runtime` will soon be removed from the public API. It can still be accessed from `warp._src.context.runtime` but might be changed or removed without notice.
Module mujoco_warp._src.smooth 61a2af8 load on device 'cuda:0' took 6.32 ms  (cached)
Module mujoco_warp._src.collision_driver de6dc98 load on device 'cuda:0' took 3.80 ms  (cached)
Module _nxn_broadphase__locals__kernel_a346c471 a346c47 load on device 'cuda:0' took 4.04 ms  (cached)
Module ccd_kernel_builder__locals__ccd_kernel_c58b55f9 c58b55f load on device 'cuda:0' took 4.24 ms  (cached)
Module mujoco_warp._src.collision_primitive._create_narrowphase_kernel 898c120 load on device 'cuda:0' took 4.10 ms  (cached)
Module mujoco_warp._src.constraint 8bed7e5 load on device 'cuda:0' took 4.80 ms  (cached)
Module _actuator_velocity__locals__actuator_velocity_8455fd1d a00c661 load on device 'cuda:0' took 3.66 ms  (cached)
Module mujoco_warp._src.passive eab35ec load on device 'cuda:0' took 4.64 ms  (cached)
Module mujoco_warp._src.forward 3875c24 load on device 'cuda:0' took 4.42 ms  (cached)
Module mujoco_warp._src.support b7a7a89 load on device 'cuda:0' took 3.52 ms  (cached)
Module mujoco_warp._src.solver f8d7d7e load on device 'cuda:0' took 4.73 ms  (cached)
Module mul_m_sparse_diag__locals___mul_m_sparse_diag_1de23634 1de2363 load on device 'cuda:0' took 4.03 ms  (cached)
Module mul_m_sparse_ij__locals___mul_m_sparse_ij_b1bb5fb3 b1bb5fb load on device 'cuda:0' took 4.61 ms  (cached)
Module update_constraint_gauss_cost__locals__kernel_514fafd5 514fafd load on device 'cuda:0' took 4.74 ms  (cached)
Module update_gradient_JTDAJ_sparse_tiled__locals__kernel_a574622e b158fd4 load on device 'cuda:0' took 61.37 ms  (cached)
Module update_gradient_cholesky_blocked__locals__kernel_f27896a4 a435167 load on device 'cuda:0' took 182.21 ms  (cached)
Module linesearch_jv_fused__locals__kernel_037c89d7 037c89d load on device 'cuda:0' took 4.69 ms  (cached)
Module mujoco_warp._src.derivative 43453d8 load on device 'cuda:0' took 4.24 ms  (cached)
starting loop
Finished optimizing
Realtime rate: 0.02, plan time: 18.2617s, sim_steps: 40/534, opt_steps: 1Finished optimizing
Realtime rate: 0.11, plan time: 3.6081s, sim_steps: 80/534, opt_steps: 1Finished optimizing
Realtime rate: 0.11, plan time: 3.7437s, sim_steps: 120/534, opt_steps: 1Finished optimizing
Realtime rate: 0.10, plan time: 3.8405s, sim_steps: 160/534, opt_steps: 1Finished optimizing
Realtime rate: 0.11, plan time: 3.7144s, sim_steps: 200/534, opt_steps: 1Finished optimizing
Realtime rate: 0.11, plan time: 3.6962s, sim_steps: 240/534, opt_steps: 1Finished optimizing
Realtime rate: 0.11, plan time: 3.7234s, sim_steps: 280/534, opt_steps: 1Finished optimizing
Realtime rate: 0.10, plan time: 3.8154s, sim_steps: 320/534, opt_steps: 1Finished optimizing
Realtime rate: 0.10, plan time: 3.8362s, sim_steps: 360/534, opt_steps: 1Finished optimizing
Realtime rate: 0.11, plan time: 3.7736s, sim_steps: 400/534, opt_steps: 1Finished optimizing
Realtime rate: 0.11, plan time: 3.7609s, sim_steps: 440/534, opt_steps: 1Finished optimizing
Realtime rate: 0.11, plan time: 3.7230s, sim_steps: 480/534, opt_steps: 1Finished optimizing
Realtime rate: 0.11, plan time: 3.6262s, sim_steps: 520/534, opt_steps: 1Finished optimizing
Realtime rate: 0.11, plan time: 3.5965s, sim_steps: 560/534, opt_steps: 1Total time: 66.7201s
