fang-compute-02.cs.cornell.edu
Fri May 15 22:09:57 2026       
+-----------------------------------------------------------------------------------------+
| NVIDIA-SMI 570.124.06             Driver Version: 570.124.06     CUDA Version: 12.8     |
|-----------------------------------------+------------------------+----------------------+
| GPU  Name                 Persistence-M | Bus-Id          Disp.A | Volatile Uncorr. ECC |
| Fan  Temp   Perf          Pwr:Usage/Cap |           Memory-Usage | GPU-Util  Compute M. |
|                                         |                        |               MIG M. |
|=========================================+========================+======================|
|   0  NVIDIA RTX A6000               On  |   00000000:8D:00.0 Off |                  Off |
| 30%   24C    P8             28W /  300W |       2MiB /  49140MiB |      0%      Default |
|                                         |                        |                  N/A |
+-----------------------------------------+------------------------+----------------------+
                                                                                         
+-----------------------------------------------------------------------------------------+
| Processes:                                                                              |
|  GPU   GI   CI              PID   Type   Process name                        GPU Memory |
|        ID   ID                                                               Usage      |
|=========================================================================================|
|  No running processes found                                                             |
+-----------------------------------------------------------------------------------------+
Warp DeprecationWarning: The namespace `warp.context` will soon be removed from the public API. It can still be accessed from `warp._src.context` but might be changed or removed without notice.
Warp DeprecationWarning: The symbol `warp.context.Module` will soon be removed from the public API. Use `warp.Module` instead.
Warp DeprecationWarning: The symbol `warp.context.get_module` will soon be removed from the public API. Use `warp.get_module` instead.
Warp DeprecationWarning: The namespace `warp.math` will soon be removed from the public API. It can still be accessed from `warp._src.math` but might be changed or removed without notice.
Warp 1.11.0 initialized:
   CUDA Toolkit 12.9, Driver 12.8
   Devices:
     "cpu"      : "x86_64"
     "cuda:0"   : "NVIDIA RTX A6000" (47 GiB, sm_86, mempool enabled)
   Kernel cache:
     /home/nl455/.cache/warp/1.11.0
2026-05-15 22:10:09.399 | WARNING  | spider.config:process_config:259 - task_info.json not found at /share/culbertson/nl455/spider/example_datasets/processed/arctic/leap/right/scissors/0/../task_info.json, using default values
2026-05-15 22:10:09.408 | WARNING  | spider.io:load_data:53 - ctrl data not found, using 'qpos' as a initial guess for control.
2026-05-15 22:10:59.637 | INFO     | spider.viewers:setup_viewer:85 - viewer is set to rerun, build and log scene from xml file
2026-05-15 22:10:59.637 | INFO     | spider.viewers:setup_viewer:106 - viewer is disabled, launch dummy viewer
/share/culbertson/nl455/miniconda3/envs/spider/lib/python3.12/site-packages/glfw/__init__.py:917: GLFWError: (65550) b'X11: The DISPLAY environment variable is missing'
  warnings.warn(message, GLFWError)
/share/culbertson/nl455/miniconda3/envs/spider/lib/python3.12/site-packages/glfw/__init__.py:917: GLFWError: (65537) b'The GLFW library is not initialized'
  warnings.warn(message, GLFWError)
Loading data from /share/culbertson/nl455/spider/example_datasets/processed/arctic/leap/right/scissors/0/trajectory_kinematic.npz
Loaded reference data from /share/culbertson/nl455/spider/example_datasets/processed/arctic/leap/right/scissors/0/trajectory_kinematic.npz
Warp DeprecationWarning: The symbol `warp.context.runtime` will soon be removed from the public API. It can still be accessed from `warp._src.context.runtime` but might be changed or removed without notice.
Module mujoco_warp._src.smooth 61a2af8 load on device 'cuda:0' took 20.58 ms  (cached)
Module mujoco_warp._src.collision_driver de6dc98 load on device 'cuda:0' took 30.19 ms  (cached)
Module _nxn_broadphase__locals__kernel_a346c471 a346c47 load on device 'cuda:0' took 1.87 ms  (cached)
Module ccd_kernel_builder__locals__ccd_kernel_19e6ee06 19e6ee0 load on device 'cuda:0' took 13.22 ms  (cached)
Module ccd_kernel_builder__locals__ccd_kernel_c58b55f9 c58b55f load on device 'cuda:0' took 12.94 ms  (cached)
Module mujoco_warp._src.collision_primitive._create_narrowphase_kernel 6edaddc load on device 'cuda:0' took 3.24 ms  (cached)
Module mujoco_warp._src.constraint 8bed7e5 load on device 'cuda:0' took 9.71 ms  (cached)
Module mujoco_warp._src.sensor b9de671 load on device 'cuda:0' took 11.95 ms  (cached)
Module _actuator_velocity__locals__actuator_velocity_92cef95a 6c15472 load on device 'cuda:0' took 919.82 ms  (compiled)
Module mujoco_warp._src.passive eab35ec load on device 'cuda:0' took 11.50 ms  (cached)
Module mujoco_warp._src.forward 3875c24 load on device 'cuda:0' took 2.52 ms  (cached)
Module mujoco_warp._src.support b7a7a89 load on device 'cuda:0' took 2.03 ms  (cached)
Module _tile_cholesky_factorize_solve__locals__cholesky_factorize_solve_054bffd7 1b42599 load on device 'cuda:0' took 4117.97 ms  (compiled)
Module _tile_cholesky_factorize_solve__locals__cholesky_factorize_solve_c4e05987 fd0a184 load on device 'cuda:0' took 53.72 ms  (cached)
Module mujoco_warp._src.solver f8d7d7e load on device 'cuda:0' took 11.16 ms  (cached)
Module mul_m_dense__locals___mul_m_dense_e662a932 3d355c7 load on device 'cuda:0' took 15853.06 ms  (compiled)
Module mul_m_dense__locals___mul_m_dense_fbd60039 8924a85 load on device 'cuda:0' took 77.83 ms  (cached)
Module update_constraint_gauss_cost__locals__kernel_1f51923c 1f51923 load on device 'cuda:0' took 804.18 ms  (compiled)
Module update_gradient_JTDAJ_dense_tiled__locals__kernel_0df79926 5ce30c0 load on device 'cuda:0' took 17670.06 ms  (compiled)
Module update_gradient_cholesky__locals__kernel_8e900041 41c780f load on device 'cuda:0' took 4173.22 ms  (compiled)
Module linesearch_jv_fused__locals__kernel_e8aa2070 e8aa207 load on device 'cuda:0' took 478.83 ms  (compiled)
Module mujoco_warp._src.derivative 43453d8 load on device 'cuda:0' took 2.55 ms  (cached)
Error executing job with overrides: ['num_samples=4096']
Traceback (most recent call last):
  File "/share/culbertson/nl455/spider/examples/run_mjwp.py", line 335, in run_main
    main(config)
  File "/share/culbertson/nl455/spider/examples/run_mjwp.py", line 180, in main
    renderer = setup_renderer(config, mj_model)
               ^^^^^^^^^^^^^^^^^^^^^^^^^^^^^^^^
  File "/share/culbertson/nl455/spider/spider/viewers/__init__.py", line 189, in setup_renderer
    mujoco.Renderer(mj_model, height=480, width=720) if config.save_video else None
    ^^^^^^^^^^^^^^^^^^^^^^^^^^^^^^^^^^^^^^^^^^^^^^^^
  File "/share/culbertson/nl455/miniconda3/envs/spider/lib/python3.12/site-packages/mujoco/rendering/classic/renderer.py", line 92, in __init__
    self._mjr_context = mujoco.MjrContext(model, font_scale.value)
                        ^^^^^^^^^^^^^^^^^^^^^^^^^^^^^^^^^^^^^^^^^^
mujoco.FatalError: gladLoadGL error

Set the environment variable HYDRA_FULL_ERROR=1 for a complete stack trace.
