dgx2-compute-01.coecis.cornell.edu
Thu May 21 00:46:13 2026       
+-----------------------------------------------------------------------------------------+
| NVIDIA-SMI 570.124.06             Driver Version: 570.124.06     CUDA Version: 12.8     |
|-----------------------------------------+------------------------+----------------------+
| GPU  Name                 Persistence-M | Bus-Id          Disp.A | Volatile Uncorr. ECC |
| Fan  Temp   Perf          Pwr:Usage/Cap |           Memory-Usage | GPU-Util  Compute M. |
|                                         |                        |               MIG M. |
|=========================================+========================+======================|
|   0  Tesla V100-SXM3-32GB-H         On  |   00000000:B7:00.0 Off |                    0 |
| N/A   34C    P0             51W /  350W |       1MiB /  32768MiB |      0%      Default |
|                                         |                        |                  N/A |
+-----------------------------------------+------------------------+----------------------+
                                                                                         
+-----------------------------------------------------------------------------------------+
| Processes:                                                                              |
|  GPU   GI   CI              PID   Type   Process name                        GPU Memory |
|        ID   ID                                                               Usage      |
|=========================================================================================|
|  No running processes found                                                             |
+-----------------------------------------------------------------------------------------+
Warp DeprecationWarning: The namespace `warp.context` will soon be removed from the public API. It can still be accessed from `warp._src.context` but might be changed or removed without notice.
Warp DeprecationWarning: The symbol `warp.context.Module` will soon be removed from the public API. Use `warp.Module` instead.
Warp DeprecationWarning: The symbol `warp.context.get_module` will soon be removed from the public API. Use `warp.get_module` instead.
Warp DeprecationWarning: The namespace `warp.math` will soon be removed from the public API. It can still be accessed from `warp._src.math` but might be changed or removed without notice.
Warp 1.11.0 initialized:
   CUDA Toolkit 12.9, Driver 12.8
   Devices:
     "cpu"      : "x86_64"
     "cuda:0"   : "Tesla V100-SXM3-32GB-H" (32 GiB, sm_70, mempool enabled)
   Kernel cache:
     /home/nl455/.cache/warp/1.11.0
2026-05-21 00:47:01.194 | WARNING  | spider.config:process_config:256 - task_info.json not found at /share/culbertson/nl455/spider/example_datasets/processed/custom/wuji/right/screwdriver/0/../task_info.json, using default values
2026-05-21 00:47:01.206 | WARNING  | spider.io:load_data:53 - ctrl data not found, using 'qpos' as a initial guess for control.
2026-05-21 00:48:51.568 | INFO     | spider.viewers:setup_viewer:85 - viewer is set to rerun, build and log scene from xml file
2026-05-21 00:48:51.569 | INFO     | spider.viewers:setup_viewer:106 - viewer is disabled, launch dummy viewer
/share/culbertson/nl455/miniconda3/envs/spider/lib/python3.12/site-packages/glfw/__init__.py:917: GLFWError: (65550) b'X11: The DISPLAY environment variable is missing'
  warnings.warn(message, GLFWError)
/share/culbertson/nl455/miniconda3/envs/spider/lib/python3.12/site-packages/glfw/__init__.py:917: GLFWError: (65537) b'The GLFW library is not initialized'
  warnings.warn(message, GLFWError)
Loading data from /share/culbertson/nl455/spider/example_datasets/processed/custom/wuji/right/screwdriver/0/trajectory_kinematic.npz
Loaded reference data from /share/culbertson/nl455/spider/example_datasets/processed/custom/wuji/right/screwdriver/0/trajectory_kinematic.npz
Warp DeprecationWarning: The symbol `warp.context.runtime` will soon be removed from the public API. It can still be accessed from `warp._src.context.runtime` but might be changed or removed without notice.
Module mujoco_warp._src.smooth 61a2af8 load on device 'cuda:0' took 7217.13 ms  (compiled)
Module mujoco_warp._src.collision_driver de6dc98 load on device 'cuda:0' took 952.24 ms  (compiled)
Module _nxn_broadphase__locals__kernel_a346c471 a346c47 load on device 'cuda:0' took 555.23 ms  (compiled)
Module ccd_kernel_builder__locals__ccd_kernel_c58b55f9 c58b55f load on device 'cuda:0' took 13404.75 ms  (compiled)
Module mujoco_warp._src.collision_primitive._create_narrowphase_kernel 898c120 load on device 'cuda:0' took 1257.04 ms  (compiled)
Module mujoco_warp._src.constraint 8bed7e5 load on device 'cuda:0' took 2925.61 ms  (compiled)
Module _actuator_velocity__locals__actuator_velocity_8455fd1d a00c661 load on device 'cuda:0' took 1285.52 ms  (compiled)
Module mujoco_warp._src.passive eab35ec load on device 'cuda:0' took 1484.37 ms  (compiled)
Module mujoco_warp._src.forward 3875c24 load on device 'cuda:0' took 1144.08 ms  (compiled)
Module mujoco_warp._src.support b7a7a89 load on device 'cuda:0' took 395.21 ms  (compiled)
Module mujoco_warp._src.solver f8d7d7e load on device 'cuda:0' took 2488.57 ms  (compiled)
Module mul_m_sparse_diag__locals___mul_m_sparse_diag_1de23634 1de2363 load on device 'cuda:0' took 198.45 ms  (compiled)
Module mul_m_sparse_ij__locals___mul_m_sparse_ij_b1bb5fb3 b1bb5fb load on device 'cuda:0' took 201.86 ms  (compiled)
Module update_constraint_gauss_cost__locals__kernel_514fafd5 514fafd load on device 'cuda:0' took 254.04 ms  (compiled)
Module update_gradient_JTDAJ_sparse_tiled__locals__kernel_a574622e b158fd4 load on device 'cuda:0' took 21031.01 ms  (compiled)
Module update_gradient_cholesky_blocked__locals__kernel_f27896a4 a435167 load on device 'cuda:0' took 42701.79 ms  (compiled)
Module linesearch_jv_fused__locals__kernel_037c89d7 037c89d load on device 'cuda:0' took 244.46 ms  (compiled)
Module mujoco_warp._src.derivative 43453d8 load on device 'cuda:0' took 382.96 ms  (compiled)
Error executing job with overrides: ['num_samples=1024']
Traceback (most recent call last):
  File "/share/culbertson/nl455/spider/examples/run_mjwp.py", line 335, in run_main
    main(config)
  File "/share/culbertson/nl455/spider/examples/run_mjwp.py", line 180, in main
    renderer = setup_renderer(config, mj_model)
               ^^^^^^^^^^^^^^^^^^^^^^^^^^^^^^^^
  File "/share/culbertson/nl455/spider/spider/viewers/__init__.py", line 189, in setup_renderer
    mujoco.Renderer(mj_model, height=480, width=720) if config.save_video else None
    ^^^^^^^^^^^^^^^^^^^^^^^^^^^^^^^^^^^^^^^^^^^^^^^^
  File "/share/culbertson/nl455/miniconda3/envs/spider/lib/python3.12/site-packages/mujoco/renderer.py", line 89, in __init__
    self._mjr_context = _render.MjrContext(model, font_scale.value)
                        ^^^^^^^^^^^^^^^^^^^^^^^^^^^^^^^^^^^^^^^^^^^
mujoco.FatalError: gladLoadGL error

Set the environment variable HYDRA_FULL_ERROR=1 for a complete stack trace.
Exception ignored in: <function Renderer.__del__ at 0x761a7ca52de0>
Traceback (most recent call last):
  File "/share/culbertson/nl455/miniconda3/envs/spider/lib/python3.12/site-packages/mujoco/renderer.py", line 340, in __del__
    self.close()
  File "/share/culbertson/nl455/miniconda3/envs/spider/lib/python3.12/site-packages/mujoco/renderer.py", line 328, in close
    if self._mjr_context:
       ^^^^^^^^^^^^^^^^^
AttributeError: 'Renderer' object has no attribute '_mjr_context'
