dgx2-compute-02
Fri May 22 02:15:32 2026       
+-----------------------------------------------------------------------------------------+
| NVIDIA-SMI 570.124.06             Driver Version: 570.124.06     CUDA Version: 12.8     |
|-----------------------------------------+------------------------+----------------------+
| GPU  Name                 Persistence-M | Bus-Id          Disp.A | Volatile Uncorr. ECC |
| Fan  Temp   Perf          Pwr:Usage/Cap |           Memory-Usage | GPU-Util  Compute M. |
|                                         |                        |               MIG M. |
|=========================================+========================+======================|
|   0  Tesla V100-SXM3-32GB-H         On  |   00000000:B7:00.0 Off |                    0 |
| N/A   31C    P0             48W /  450W |       1MiB /  32768MiB |      0%      Default |
|                                         |                        |                  N/A |
+-----------------------------------------+------------------------+----------------------+
                                                                                         
+-----------------------------------------------------------------------------------------+
| Processes:                                                                              |
|  GPU   GI   CI              PID   Type   Process name                        GPU Memory |
|        ID   ID                                                               Usage      |
|=========================================================================================|
|  No running processes found                                                             |
+-----------------------------------------------------------------------------------------+
Warp DeprecationWarning: The namespace `warp.context` will soon be removed from the public API. It can still be accessed from `warp._src.context` but might be changed or removed without notice.
Warp DeprecationWarning: The symbol `warp.context.Module` will soon be removed from the public API. Use `warp.Module` instead.
Warp DeprecationWarning: The symbol `warp.context.get_module` will soon be removed from the public API. Use `warp.get_module` instead.
Warp DeprecationWarning: The namespace `warp.math` will soon be removed from the public API. It can still be accessed from `warp._src.math` but might be changed or removed without notice.
Warp 1.11.0 initialized:
   CUDA Toolkit 12.9, Driver 12.8
   Devices:
     "cpu"      : "x86_64"
     "cuda:0"   : "Tesla V100-SXM3-32GB-H" (32 GiB, sm_70, mempool enabled)
   Kernel cache:
     /home/nl455/.cache/warp/1.11.0
2026-05-22 02:15:45.542 | WARNING  | spider.config:process_config:259 - task_info.json not found at /share/culbertson/nl455/spider/example_datasets/processed/custom/wuji/right/screwdriver/0/../task_info.json, using default values
2026-05-22 02:15:45.549 | WARNING  | spider.io:load_data:53 - ctrl data not found, using 'qpos' as a initial guess for control.
2026-05-22 02:15:48.886 | INFO     | spider.viewers:setup_viewer:85 - viewer is set to rerun, build and log scene from xml file
2026-05-22 02:15:48.886 | INFO     | spider.viewers:setup_viewer:106 - viewer is disabled, launch dummy viewer
2026-05-22 02:19:12.930 | INFO     | __main__:main:297 - Saved info to /share/culbertson/nl455/spider/example_datasets/processed/custom/wuji/right/screwdriver/0/num_samples2048_trajectory_mjwp.npz
2026-05-22 02:19:14.705 | INFO     | __main__:main:307 - Saved video to /share/culbertson/nl455/spider/example_datasets/processed/custom/wuji/right/screwdriver/0/num_samples2048_visualization_mjwp.mp4
2026-05-22 02:19:16.716 | INFO     | __main__:save_reward_plot:112 - Saved reward plot to /share/culbertson/nl455/spider/example_datasets/processed/custom/wuji/right/screwdriver/0/visualization_mjwp.png
Loading data from /share/culbertson/nl455/spider/example_datasets/processed/custom/wuji/right/screwdriver/0/trajectory_kinematic.npz
Loaded reference data from /share/culbertson/nl455/spider/example_datasets/processed/custom/wuji/right/screwdriver/0/trajectory_kinematic.npz
Warp DeprecationWarning: The symbol `warp.context.runtime` will soon be removed from the public API. It can still be accessed from `warp._src.context.runtime` but might be changed or removed without notice.
Module mujoco_warp._src.smooth 61a2af8 load on device 'cuda:0' took 2.78 ms  (cached)
Module mujoco_warp._src.collision_driver de6dc98 load on device 'cuda:0' took 1.86 ms  (cached)
Module _nxn_broadphase__locals__kernel_a346c471 a346c47 load on device 'cuda:0' took 1.84 ms  (cached)
Module ccd_kernel_builder__locals__ccd_kernel_c58b55f9 c58b55f load on device 'cuda:0' took 1.99 ms  (cached)
Module mujoco_warp._src.collision_primitive._create_narrowphase_kernel 898c120 load on device 'cuda:0' took 1.94 ms  (cached)
Module mujoco_warp._src.constraint 8bed7e5 load on device 'cuda:0' took 2.28 ms  (cached)
Module _actuator_velocity__locals__actuator_velocity_8455fd1d a00c661 load on device 'cuda:0' took 1.85 ms  (cached)
Module mujoco_warp._src.passive eab35ec load on device 'cuda:0' took 2.09 ms  (cached)
Module mujoco_warp._src.forward 3875c24 load on device 'cuda:0' took 1.99 ms  (cached)
Module mujoco_warp._src.support b7a7a89 load on device 'cuda:0' took 1.78 ms  (cached)
Module mujoco_warp._src.solver f8d7d7e load on device 'cuda:0' took 2.11 ms  (cached)
Module mul_m_sparse_diag__locals___mul_m_sparse_diag_1de23634 1de2363 load on device 'cuda:0' took 1.79 ms  (cached)
Module mul_m_sparse_ij__locals___mul_m_sparse_ij_b1bb5fb3 b1bb5fb load on device 'cuda:0' took 1.77 ms  (cached)
Module update_constraint_gauss_cost__locals__kernel_514fafd5 514fafd load on device 'cuda:0' took 1.76 ms  (cached)
Module update_gradient_JTDAJ_sparse_tiled__locals__kernel_bef1bff7 e7f28a7 load on device 'cuda:0' took 51.88 ms  (cached)
Module update_gradient_cholesky_blocked__locals__kernel_f27896a4 a435167 load on device 'cuda:0' took 197.72 ms  (cached)
Module linesearch_jv_fused__locals__kernel_037c89d7 037c89d load on device 'cuda:0' took 2.07 ms  (cached)
Module mujoco_warp._src.derivative 43453d8 load on device 'cuda:0' took 1.92 ms  (cached)
starting loop
Finished optimizing
Realtime rate: 0.02, plan time: 25.7080s, sim_steps: 200/2670, opt_steps: 1Finished optimizing
Realtime rate: 0.03, plan time: 12.4006s, sim_steps: 400/2670, opt_steps: 1Finished optimizing
Realtime rate: 0.03, plan time: 13.3572s, sim_steps: 600/2670, opt_steps: 1Finished optimizing
Realtime rate: 0.03, plan time: 13.4665s, sim_steps: 800/2670, opt_steps: 1Finished optimizing
Realtime rate: 0.03, plan time: 13.7899s, sim_steps: 1000/2670, opt_steps: 1Finished optimizing
Realtime rate: 0.03, plan time: 14.2237s, sim_steps: 1200/2670, opt_steps: 1Finished optimizing
Realtime rate: 0.03, plan time: 14.4482s, sim_steps: 1400/2670, opt_steps: 1Finished optimizing
Realtime rate: 0.03, plan time: 14.7934s, sim_steps: 1600/2670, opt_steps: 1Finished optimizing
Realtime rate: 0.03, plan time: 14.8637s, sim_steps: 1800/2670, opt_steps: 1Finished optimizing
Realtime rate: 0.03, plan time: 14.2737s, sim_steps: 2000/2670, opt_steps: 1Finished optimizing
Realtime rate: 0.03, plan time: 14.0057s, sim_steps: 2200/2670, opt_steps: 1Finished optimizing
Realtime rate: 0.03, plan time: 13.7200s, sim_steps: 2400/2670, opt_steps: 1Finished optimizing
Realtime rate: 0.03, plan time: 12.4612s, sim_steps: 2600/2670, opt_steps: 1Finished optimizing
Realtime rate: 0.03, plan time: 12.1714s, sim_steps: 2800/2670, opt_steps: 1Total time: 203.6836s
