galhotra-compute-01.cs.cornell.edu
Fri May 15 23:18:51 2026       
+-----------------------------------------------------------------------------------------+
| NVIDIA-SMI 570.124.06             Driver Version: 570.124.06     CUDA Version: 12.8     |
|-----------------------------------------+------------------------+----------------------+
| GPU  Name                 Persistence-M | Bus-Id          Disp.A | Volatile Uncorr. ECC |
| Fan  Temp   Perf          Pwr:Usage/Cap |           Memory-Usage | GPU-Util  Compute M. |
|                                         |                        |               MIG M. |
|=========================================+========================+======================|
|   0  NVIDIA RTX 6000 Ada Gene...    On  |   00000000:AD:00.0 Off |                  Off |
| 30%   35C    P8             18W /  300W |       2MiB /  49140MiB |      0%      Default |
|                                         |                        |                  N/A |
+-----------------------------------------+------------------------+----------------------+
                                                                                         
+-----------------------------------------------------------------------------------------+
| Processes:                                                                              |
|  GPU   GI   CI              PID   Type   Process name                        GPU Memory |
|        ID   ID                                                               Usage      |
|=========================================================================================|
|  No running processes found                                                             |
+-----------------------------------------------------------------------------------------+
Warp DeprecationWarning: The namespace `warp.context` will soon be removed from the public API. It can still be accessed from `warp._src.context` but might be changed or removed without notice.
Warp DeprecationWarning: The symbol `warp.context.Module` will soon be removed from the public API. Use `warp.Module` instead.
Warp DeprecationWarning: The symbol `warp.context.get_module` will soon be removed from the public API. Use `warp.get_module` instead.
Warp DeprecationWarning: The namespace `warp.math` will soon be removed from the public API. It can still be accessed from `warp._src.math` but might be changed or removed without notice.
Warp 1.11.0 initialized:
   CUDA Toolkit 12.9, Driver 12.8
   Devices:
     "cpu"      : "x86_64"
     "cuda:0"   : "NVIDIA RTX 6000 Ada Generation" (47 GiB, sm_89, mempool enabled)
   Kernel cache:
     /home/nl455/.cache/warp/1.11.0
2026-05-15 23:19:02.679 | WARNING  | spider.config:process_config:259 - task_info.json not found at /share/culbertson/nl455/spider/example_datasets/processed/arctic/leap/right/scissors/0/../task_info.json, using default values
2026-05-15 23:19:02.685 | WARNING  | spider.io:load_data:53 - ctrl data not found, using 'qpos' as a initial guess for control.
2026-05-15 23:19:07.802 | INFO     | spider.viewers:setup_viewer:85 - viewer is set to rerun, build and log scene from xml file
2026-05-15 23:19:07.803 | INFO     | spider.viewers:setup_viewer:106 - viewer is disabled, launch dummy viewer
2026-05-15 23:19:29.155 | WARNING  | spider.optimizers.sampling:optimize_once:297 - NaNs or infs in rews: 2/2048
2026-05-15 23:19:58.459 | WARNING  | spider.optimizers.sampling:optimize_once:297 - NaNs or infs in rews: 17/2048
2026-05-15 23:20:14.926 | WARNING  | spider.optimizers.sampling:optimize_once:297 - NaNs or infs in rews: 49/2048
2026-05-15 23:20:30.639 | WARNING  | spider.optimizers.sampling:optimize_once:297 - NaNs or infs in rews: 25/2048
2026-05-15 23:20:46.154 | WARNING  | spider.optimizers.sampling:optimize_once:297 - NaNs or infs in rews: 40/2048
2026-05-15 23:21:01.998 | WARNING  | spider.optimizers.sampling:optimize_once:297 - NaNs or infs in rews: 47/2048
2026-05-15 23:21:18.216 | WARNING  | spider.optimizers.sampling:optimize_once:297 - NaNs or infs in rews: 82/2048
2026-05-15 23:21:35.103 | WARNING  | spider.optimizers.sampling:optimize_once:297 - NaNs or infs in rews: 135/2048
2026-05-15 23:21:55.622 | WARNING  | spider.optimizers.sampling:optimize_once:297 - NaNs or infs in rews: 114/2048
nefc overflow - please increase njmax to 1082
nefc overflow - please increase njmax to 773
nefc overflow - please increase njmax to 827
2026-05-15 23:22:12.219 | WARNING  | spider.optimizers.sampling:optimize_once:297 - NaNs or infs in rews: 135/2048
2026-05-15 23:22:28.452 | WARNING  | spider.optimizers.sampling:optimize_once:297 - NaNs or infs in rews: 41/2048
2026-05-15 23:22:46.038 | WARNING  | spider.optimizers.sampling:optimize_once:297 - NaNs or infs in rews: 57/2048
2026-05-15 23:23:02.824 | WARNING  | spider.optimizers.sampling:optimize_once:297 - NaNs or infs in rews: 73/2048
nefc overflow - please increase njmax to 518
2026-05-15 23:23:19.780 | WARNING  | spider.optimizers.sampling:optimize_once:297 - NaNs or infs in rews: 75/2048
2026-05-15 23:23:36.295 | WARNING  | spider.optimizers.sampling:optimize_once:297 - NaNs or infs in rews: 104/2048
2026-05-15 23:23:52.810 | WARNING  | spider.optimizers.sampling:optimize_once:297 - NaNs or infs in rews: 98/2048
2026-05-15 23:24:12.061 | WARNING  | spider.optimizers.sampling:optimize_once:297 - NaNs or infs in rews: 18/2048
2026-05-15 23:24:26.947 | WARNING  | spider.optimizers.sampling:optimize_once:297 - NaNs or infs in rews: 22/2048
2026-05-15 23:24:41.999 | WARNING  | spider.optimizers.sampling:optimize_once:297 - NaNs or infs in rews: 11/2048
2026-05-15 23:24:57.448 | WARNING  | spider.optimizers.sampling:optimize_once:297 - NaNs or infs in rews: 15/2048
2026-05-15 23:25:12.916 | WARNING  | spider.optimizers.sampling:optimize_once:297 - NaNs or infs in rews: 9/2048
nefc overflow - please increase njmax to 519
nefc overflow - please increase njmax to 504
2026-05-15 23:25:28.557 | WARNING  | spider.optimizers.sampling:optimize_once:297 - NaNs or infs in rews: 15/2048
2026-05-15 23:25:43.837 | WARNING  | spider.optimizers.sampling:optimize_once:297 - NaNs or infs in rews: 12/2048
2026-05-15 23:25:59.089 | WARNING  | spider.optimizers.sampling:optimize_once:297 - NaNs or infs in rews: 17/2048
2026-05-15 23:26:17.451 | WARNING  | spider.optimizers.sampling:optimize_once:297 - NaNs or infs in rews: 1/2048
2026-05-15 23:27:11.841 | WARNING  | spider.optimizers.sampling:optimize_once:297 - NaNs or infs in rews: 2/2048
2026-05-15 23:27:27.169 | WARNING  | spider.optimizers.sampling:optimize_once:297 - NaNs or infs in rews: 2/2048
2026-05-15 23:27:42.433 | WARNING  | spider.optimizers.sampling:optimize_once:297 - NaNs or infs in rews: 2/2048
2026-05-15 23:27:57.692 | WARNING  | spider.optimizers.sampling:optimize_once:297 - NaNs or infs in rews: 3/2048
2026-05-15 23:28:12.826 | WARNING  | spider.optimizers.sampling:optimize_once:297 - NaNs or infs in rews: 2/2048
2026-05-15 23:28:27.763 | WARNING  | spider.optimizers.sampling:optimize_once:297 - NaNs or infs in rews: 2/2048
2026-05-15 23:28:42.535 | WARNING  | spider.optimizers.sampling:optimize_once:297 - NaNs or infs in rews: 2/2048
2026-05-15 23:28:57.056 | WARNING  | spider.optimizers.sampling:optimize_once:297 - NaNs or infs in rews: 2/2048
2026-05-15 23:29:16.376 | WARNING  | spider.optimizers.sampling:optimize_once:297 - NaNs or infs in rews: 3/2048
2026-05-15 23:29:31.244 | WARNING  | spider.optimizers.sampling:optimize_once:297 - NaNs or infs in rews: 3/2048
2026-05-15 23:29:46.043 | WARNING  | spider.optimizers.sampling:optimize_once:297 - NaNs or infs in rews: 3/2048
2026-05-15 23:30:00.672 | WARNING  | spider.optimizers.sampling:optimize_once:297 - NaNs or infs in rews: 2/2048
2026-05-15 23:30:15.048 | WARNING  | spider.optimizers.sampling:optimize_once:297 - NaNs or infs in rews: 2/2048
2026-05-15 23:30:29.123 | WARNING  | spider.optimizers.sampling:optimize_once:297 - NaNs or infs in rews: 3/2048
2026-05-15 23:30:42.910 | WARNING  | spider.optimizers.sampling:optimize_once:297 - NaNs or infs in rews: 2/2048
2026-05-15 23:30:56.374 | WARNING  | spider.optimizers.sampling:optimize_once:297 - NaNs or infs in rews: 2/2048
2026-05-15 23:31:15.366 | WARNING  | spider.optimizers.sampling:optimize_once:297 - NaNs or infs in rews: 2/2048
2026-05-15 23:31:29.891 | WARNING  | spider.optimizers.sampling:optimize_once:297 - NaNs or infs in rews: 2/2048
2026-05-15 23:31:44.180 | WARNING  | spider.optimizers.sampling:optimize_once:297 - NaNs or infs in rews: 2/2048
2026-05-15 23:31:58.185 | WARNING  | spider.optimizers.sampling:optimize_once:297 - NaNs or infs in rews: 2/2048
2026-05-15 23:32:11.834 | WARNING  | spider.optimizers.sampling:optimize_once:297 - NaNs or infs in rews: 3/2048
2026-05-15 23:32:25.120 | WARNING  | spider.optimizers.sampling:optimize_once:297 - NaNs or infs in rews: 2/2048
2026-05-15 23:32:37.971 | WARNING  | spider.optimizers.sampling:optimize_once:297 - NaNs or infs in rews: 2/2048
2026-05-15 23:32:50.471 | WARNING  | spider.optimizers.sampling:optimize_once:297 - NaNs or infs in rews: 2/2048
2026-05-15 23:32:54.501 | INFO     | __main__:main:297 - Saved info to /share/culbertson/nl455/spider/example_datasets/processed/arctic/leap/right/scissors/0/num_samples2048_trajectory_mjwp.npz
2026-05-15 23:32:55.305 | INFO     | __main__:main:307 - Saved video to /share/culbertson/nl455/spider/example_datasets/processed/arctic/leap/right/scissors/0/num_samples2048_visualization_mjwp.mp4
2026-05-15 23:32:56.449 | INFO     | __main__:save_reward_plot:112 - Saved reward plot to /share/culbertson/nl455/spider/example_datasets/processed/arctic/leap/right/scissors/0/visualization_mjwp.png
Loading data from /share/culbertson/nl455/spider/example_datasets/processed/arctic/leap/right/scissors/0/trajectory_kinematic.npz
Loaded reference data from /share/culbertson/nl455/spider/example_datasets/processed/arctic/leap/right/scissors/0/trajectory_kinematic.npz
Warp DeprecationWarning: The symbol `warp.context.runtime` will soon be removed from the public API. It can still be accessed from `warp._src.context.runtime` but might be changed or removed without notice.
Module mujoco_warp._src.smooth 61a2af8 load on device 'cuda:0' took 4.29 ms  (cached)
Module mujoco_warp._src.collision_driver de6dc98 load on device 'cuda:0' took 2.45 ms  (cached)
Module _nxn_broadphase__locals__kernel_a346c471 a346c47 load on device 'cuda:0' took 3.00 ms  (cached)
Module ccd_kernel_builder__locals__ccd_kernel_19e6ee06 19e6ee0 load on device 'cuda:0' took 3.48 ms  (cached)
Module ccd_kernel_builder__locals__ccd_kernel_c58b55f9 c58b55f load on device 'cuda:0' took 3.48 ms  (cached)
Module mujoco_warp._src.collision_primitive._create_narrowphase_kernel 6edaddc load on device 'cuda:0' took 3.45 ms  (cached)
Module mujoco_warp._src.constraint 8bed7e5 load on device 'cuda:0' took 3.31 ms  (cached)
Module mujoco_warp._src.sensor b9de671 load on device 'cuda:0' took 3.69 ms  (cached)
Module _actuator_velocity__locals__actuator_velocity_92cef95a 6c15472 load on device 'cuda:0' took 1.94 ms  (cached)
Module mujoco_warp._src.passive eab35ec load on device 'cuda:0' took 2.75 ms  (cached)
Module mujoco_warp._src.forward 3875c24 load on device 'cuda:0' took 3.12 ms  (cached)
Module mujoco_warp._src.support b7a7a89 load on device 'cuda:0' took 2.28 ms  (cached)
Module _tile_cholesky_factorize_solve__locals__cholesky_factorize_solve_054bffd7 1b42599 load on device 'cuda:0' took 30.68 ms  (cached)
Module _tile_cholesky_factorize_solve__locals__cholesky_factorize_solve_c4e05987 fd0a184 load on device 'cuda:0' took 31.44 ms  (cached)
Module mujoco_warp._src.solver f8d7d7e load on device 'cuda:0' took 2.90 ms  (cached)
Module mul_m_dense__locals___mul_m_dense_e662a932 3d355c7 load on device 'cuda:0' took 49.43 ms  (cached)
Module mul_m_dense__locals___mul_m_dense_fbd60039 8924a85 load on device 'cuda:0' took 53.64 ms  (cached)
Module update_constraint_gauss_cost__locals__kernel_1f51923c 1f51923 load on device 'cuda:0' took 3.10 ms  (cached)
Module update_gradient_JTDAJ_dense_tiled__locals__kernel_0df79926 5ce30c0 load on device 'cuda:0' took 59.99 ms  (cached)
Module update_gradient_cholesky__locals__kernel_8e900041 41c780f load on device 'cuda:0' took 33.47 ms  (cached)
Module linesearch_jv_fused__locals__kernel_e8aa2070 e8aa207 load on device 'cuda:0' took 2.42 ms  (cached)
Module mujoco_warp._src.derivative 43453d8 load on device 'cuda:0' took 2.36 ms  (cached)
starting loop
[optimize] iteration 0
info: {'qpos_dist_max': np.float32(nan), 'qpos_dist_min': np.float32(nan), 'qpos_dist_median': np.float32(nan), 'qpos_dist_mean': np.float32(nan), 'qvel_dist_max': np.float32(nan), 'qvel_dist_min': np.float32(nan), 'qvel_dist_median': np.float32(nan), 'qvel_dist_mean': np.float32(nan), 'qpos_rew_max': np.float32(nan), 'qpos_rew_min': np.float32(nan), 'qpos_rew_median': np.float32(nan), 'qpos_rew_mean': np.float32(nan), 'qvel_rew_max': np.float32(nan), 'qvel_rew_min': np.float32(nan), 'qvel_rew_median': np.float32(nan), 'qvel_rew_mean': np.float32(nan), 'improvement': np.float32(nan), 'rew_max': np.float32(nan), 'rew_min': np.float32(nan), 'rew_median': np.float32(nan), 'rew_mean': np.float32(nan), 'trace_sample': array([], shape=(6, 1000, 0, 3), dtype=float32)}
[optimize] iteration 1
info: {'qpos_dist_max': np.float32(nan), 'qpos_dist_min': np.float32(nan), 'qpos_dist_median': np.float32(nan), 'qpos_dist_mean': np.float32(nan), 'qvel_dist_max': np.float32(nan), 'qvel_dist_min': np.float32(nan), 'qvel_dist_median': np.float32(nan), 'qvel_dist_mean': np.float32(nan), 'qpos_rew_max': np.float32(nan), 'qpos_rew_min': np.float32(nan), 'qpos_rew_median': np.float32(nan), 'qpos_rew_mean': np.float32(nan), 'qvel_rew_max': np.float32(nan), 'qvel_rew_min': np.float32(nan), 'qvel_rew_median': np.float32(nan), 'qvel_rew_mean': np.float32(nan), 'improvement': np.float32(nan), 'rew_max': np.float32(nan), 'rew_min': np.float32(nan), 'rew_median': np.float32(nan), 'rew_mean': np.float32(nan), 'trace_sample': array([], shape=(6, 1000, 0, 3), dtype=float32)}
[optimize] iteration 2
info: {'qpos_dist_max': np.float32(nan), 'qpos_dist_min': np.float32(nan), 'qpos_dist_median': np.float32(nan), 'qpos_dist_mean': np.float32(nan), 'qvel_dist_max': np.float32(nan), 'qvel_dist_min': np.float32(nan), 'qvel_dist_median': np.float32(nan), 'qvel_dist_mean': np.float32(nan), 'qpos_rew_max': np.float32(nan), 'qpos_rew_min': np.float32(nan), 'qpos_rew_median': np.float32(nan), 'qpos_rew_mean': np.float32(nan), 'qvel_rew_max': np.float32(nan), 'qvel_rew_min': np.float32(nan), 'qvel_rew_median': np.float32(nan), 'qvel_rew_mean': np.float32(nan), 'improvement': np.float32(nan), 'rew_max': np.float32(nan), 'rew_min': np.float32(nan), 'rew_median': np.float32(nan), 'rew_mean': np.float32(nan), 'trace_sample': array([], shape=(6, 1000, 0, 3), dtype=float32)}
[optimize] iteration 3
info: {'qpos_dist_max': np.float32(nan), 'qpos_dist_min': np.float32(nan), 'qpos_dist_median': np.float32(nan), 'qpos_dist_mean': np.float32(nan), 'qvel_dist_max': np.float32(nan), 'qvel_dist_min': np.float32(nan), 'qvel_dist_median': np.float32(nan), 'qvel_dist_mean': np.float32(nan), 'qpos_rew_max': np.float32(nan), 'qpos_rew_min': np.float32(nan), 'qpos_rew_median': np.float32(nan), 'qpos_rew_mean': np.float32(nan), 'qvel_rew_max': np.float32(nan), 'qvel_rew_min': np.float32(nan), 'qvel_rew_median': np.float32(nan), 'qvel_rew_mean': np.float32(nan), 'improvement': np.float32(nan), 'rew_max': np.float32(nan), 'rew_min': np.float32(nan), 'rew_median': np.float32(nan), 'rew_mean': np.float32(nan), 'trace_sample': array([], shape=(6, 1000, 0, 3), dtype=float32)}
[optimize] iteration 4
info: {'qpos_dist_max': np.float32(nan), 'qpos_dist_min': np.float32(nan), 'qpos_dist_median': np.float32(nan), 'qpos_dist_mean': np.float32(nan), 'qvel_dist_max': np.float32(nan), 'qvel_dist_min': np.float32(nan), 'qvel_dist_median': np.float32(nan), 'qvel_dist_mean': np.float32(nan), 'qpos_rew_max': np.float32(nan), 'qpos_rew_min': np.float32(nan), 'qpos_rew_median': np.float32(nan), 'qpos_rew_mean': np.float32(nan), 'qvel_rew_max': np.float32(nan), 'qvel_rew_min': np.float32(nan), 'qvel_rew_median': np.float32(nan), 'qvel_rew_mean': np.float32(nan), 'improvement': np.float32(nan), 'rew_max': np.float32(nan), 'rew_min': np.float32(nan), 'rew_median': np.float32(nan), 'rew_mean': np.float32(nan), 'trace_sample': array([], shape=(6, 1000, 0, 3), dtype=float32)}
[optimize] iteration 5
info: {'qpos_dist_max': np.float32(nan), 'qpos_dist_min': np.float32(nan), 'qpos_dist_median': np.float32(nan), 'qpos_dist_mean': np.float32(nan), 'qvel_dist_max': np.float32(nan), 'qvel_dist_min': np.float32(nan), 'qvel_dist_median': np.float32(nan), 'qvel_dist_mean': np.float32(nan), 'qpos_rew_max': np.float32(nan), 'qpos_rew_min': np.float32(nan), 'qpos_rew_median': np.float32(nan), 'qpos_rew_mean': np.float32(nan), 'qvel_rew_max': np.float32(nan), 'qvel_rew_min': np.float32(nan), 'qvel_rew_median': np.float32(nan), 'qvel_rew_mean': np.float32(nan), 'improvement': np.float32(nan), 'rew_max': np.float32(nan), 'rew_min': np.float32(nan), 'rew_median': np.float32(nan), 'rew_mean': np.float32(nan), 'trace_sample': array([], shape=(6, 1000, 0, 3), dtype=float32)}
[optimize] iteration 6
info: {'qpos_dist_max': np.float32(nan), 'qpos_dist_min': np.float32(nan), 'qpos_dist_median': np.float32(nan), 'qpos_dist_mean': np.float32(nan), 'qvel_dist_max': np.float32(nan), 'qvel_dist_min': np.float32(nan), 'qvel_dist_median': np.float32(nan), 'qvel_dist_mean': np.float32(nan), 'qpos_rew_max': np.float32(nan), 'qpos_rew_min': np.float32(nan), 'qpos_rew_median': np.float32(nan), 'qpos_rew_mean': np.float32(nan), 'qvel_rew_max': np.float32(nan), 'qvel_rew_min': np.float32(nan), 'qvel_rew_median': np.float32(nan), 'qvel_rew_mean': np.float32(nan), 'improvement': np.float32(nan), 'rew_max': np.float32(nan), 'rew_min': np.float32(nan), 'rew_median': np.float32(nan), 'rew_mean': np.float32(nan), 'trace_sample': array([], shape=(6, 1000, 0, 3), dtype=float32)}
[optimize] iteration 7
info: {'qpos_dist_max': np.float32(nan), 'qpos_dist_min': np.float32(nan), 'qpos_dist_median': np.float32(nan), 'qpos_dist_mean': np.float32(nan), 'qvel_dist_max': np.float32(nan), 'qvel_dist_min': np.float32(nan), 'qvel_dist_median': np.float32(nan), 'qvel_dist_mean': np.float32(nan), 'qpos_rew_max': np.float32(nan), 'qpos_rew_min': np.float32(nan), 'qpos_rew_median': np.float32(nan), 'qpos_rew_mean': np.float32(nan), 'qvel_rew_max': np.float32(nan), 'qvel_rew_min': np.float32(nan), 'qvel_rew_median': np.float32(nan), 'qvel_rew_mean': np.float32(nan), 'improvement': np.float32(nan), 'rew_max': np.float32(nan), 'rew_min': np.float32(nan), 'rew_median': np.float32(nan), 'rew_mean': np.float32(nan), 'trace_sample': array([], shape=(6, 1000, 0, 3), dtype=float32)}
Finished optimizing
Realtime rate: 0.00, plan time: 151.0200s, sim_steps: 200/1570, opt_steps: 8[optimize] iteration 0
info: {'qpos_dist_max': np.float32(nan), 'qpos_dist_min': np.float32(nan), 'qpos_dist_median': np.float32(nan), 'qpos_dist_mean': np.float32(nan), 'qvel_dist_max': np.float32(nan), 'qvel_dist_min': np.float32(nan), 'qvel_dist_median': np.float32(nan), 'qvel_dist_mean': np.float32(nan), 'qpos_rew_max': np.float32(nan), 'qpos_rew_min': np.float32(nan), 'qpos_rew_median': np.float32(nan), 'qpos_rew_mean': np.float32(nan), 'qvel_rew_max': np.float32(nan), 'qvel_rew_min': np.float32(nan), 'qvel_rew_median': np.float32(nan), 'qvel_rew_mean': np.float32(nan), 'improvement': np.float32(nan), 'rew_max': np.float32(nan), 'rew_min': np.float32(nan), 'rew_median': np.float32(nan), 'rew_mean': np.float32(nan), 'trace_sample': array([], shape=(6, 1000, 0, 3), dtype=float32)}
[optimize] iteration 1
info: {'qpos_dist_max': np.float32(nan), 'qpos_dist_min': np.float32(nan), 'qpos_dist_median': np.float32(nan), 'qpos_dist_mean': np.float32(nan), 'qvel_dist_max': np.float32(nan), 'qvel_dist_min': np.float32(nan), 'qvel_dist_median': np.float32(nan), 'qvel_dist_mean': np.float32(nan), 'qpos_rew_max': np.float32(nan), 'qpos_rew_min': np.float32(nan), 'qpos_rew_median': np.float32(nan), 'qpos_rew_mean': np.float32(nan), 'qvel_rew_max': np.float32(nan), 'qvel_rew_min': np.float32(nan), 'qvel_rew_median': np.float32(nan), 'qvel_rew_mean': np.float32(nan), 'improvement': np.float32(nan), 'rew_max': np.float32(nan), 'rew_min': np.float32(nan), 'rew_median': np.float32(nan), 'rew_mean': np.float32(nan), 'trace_sample': array([], shape=(6, 1000, 0, 3), dtype=float32)}
[optimize] iteration 2
info: {'qpos_dist_max': np.float32(nan), 'qpos_dist_min': np.float32(nan), 'qpos_dist_median': np.float32(nan), 'qpos_dist_mean': np.float32(nan), 'qvel_dist_max': np.float32(nan), 'qvel_dist_min': np.float32(nan), 'qvel_dist_median': np.float32(nan), 'qvel_dist_mean': np.float32(nan), 'qpos_rew_max': np.float32(nan), 'qpos_rew_min': np.float32(nan), 'qpos_rew_median': np.float32(nan), 'qpos_rew_mean': np.float32(nan), 'qvel_rew_max': np.float32(nan), 'qvel_rew_min': np.float32(nan), 'qvel_rew_median': np.float32(nan), 'qvel_rew_mean': np.float32(nan), 'improvement': np.float32(nan), 'rew_max': np.float32(nan), 'rew_min': np.float32(nan), 'rew_median': np.float32(nan), 'rew_mean': np.float32(nan), 'trace_sample': array([], shape=(6, 1000, 0, 3), dtype=float32)}
[optimize] iteration 3
info: {'qpos_dist_max': np.float32(nan), 'qpos_dist_min': np.float32(nan), 'qpos_dist_median': np.float32(nan), 'qpos_dist_mean': np.float32(nan), 'qvel_dist_max': np.float32(nan), 'qvel_dist_min': np.float32(nan), 'qvel_dist_median': np.float32(nan), 'qvel_dist_mean': np.float32(nan), 'qpos_rew_max': np.float32(nan), 'qpos_rew_min': np.float32(nan), 'qpos_rew_median': np.float32(nan), 'qpos_rew_mean': np.float32(nan), 'qvel_rew_max': np.float32(nan), 'qvel_rew_min': np.float32(nan), 'qvel_rew_median': np.float32(nan), 'qvel_rew_mean': np.float32(nan), 'improvement': np.float32(nan), 'rew_max': np.float32(nan), 'rew_min': np.float32(nan), 'rew_median': np.float32(nan), 'rew_mean': np.float32(nan), 'trace_sample': array([], shape=(6, 1000, 0, 3), dtype=float32)}
[optimize] iteration 4
info: {'qpos_dist_max': np.float32(nan), 'qpos_dist_min': np.float32(nan), 'qpos_dist_median': np.float32(nan), 'qpos_dist_mean': np.float32(nan), 'qvel_dist_max': np.float32(nan), 'qvel_dist_min': np.float32(nan), 'qvel_dist_median': np.float32(nan), 'qvel_dist_mean': np.float32(nan), 'qpos_rew_max': np.float32(nan), 'qpos_rew_min': np.float32(nan), 'qpos_rew_median': np.float32(nan), 'qpos_rew_mean': np.float32(nan), 'qvel_rew_max': np.float32(nan), 'qvel_rew_min': np.float32(nan), 'qvel_rew_median': np.float32(nan), 'qvel_rew_mean': np.float32(nan), 'improvement': np.float32(nan), 'rew_max': np.float32(nan), 'rew_min': np.float32(nan), 'rew_median': np.float32(nan), 'rew_mean': np.float32(nan), 'trace_sample': array([], shape=(6, 1000, 0, 3), dtype=float32)}
[optimize] iteration 5
info: {'qpos_dist_max': np.float32(nan), 'qpos_dist_min': np.float32(nan), 'qpos_dist_median': np.float32(nan), 'qpos_dist_mean': np.float32(nan), 'qvel_dist_max': np.float32(nan), 'qvel_dist_min': np.float32(nan), 'qvel_dist_median': np.float32(nan), 'qvel_dist_mean': np.float32(nan), 'qpos_rew_max': np.float32(nan), 'qpos_rew_min': np.float32(nan), 'qpos_rew_median': np.float32(nan), 'qpos_rew_mean': np.float32(nan), 'qvel_rew_max': np.float32(nan), 'qvel_rew_min': np.float32(nan), 'qvel_rew_median': np.float32(nan), 'qvel_rew_mean': np.float32(nan), 'improvement': np.float32(nan), 'rew_max': np.float32(nan), 'rew_min': np.float32(nan), 'rew_median': np.float32(nan), 'rew_mean': np.float32(nan), 'trace_sample': array([], shape=(6, 1000, 0, 3), dtype=float32)}
[optimize] iteration 6
info: {'qpos_dist_max': np.float32(nan), 'qpos_dist_min': np.float32(nan), 'qpos_dist_median': np.float32(nan), 'qpos_dist_mean': np.float32(nan), 'qvel_dist_max': np.float32(nan), 'qvel_dist_min': np.float32(nan), 'qvel_dist_median': np.float32(nan), 'qvel_dist_mean': np.float32(nan), 'qpos_rew_max': np.float32(nan), 'qpos_rew_min': np.float32(nan), 'qpos_rew_median': np.float32(nan), 'qpos_rew_mean': np.float32(nan), 'qvel_rew_max': np.float32(nan), 'qvel_rew_min': np.float32(nan), 'qvel_rew_median': np.float32(nan), 'qvel_rew_mean': np.float32(nan), 'improvement': np.float32(nan), 'rew_max': np.float32(nan), 'rew_min': np.float32(nan), 'rew_median': np.float32(nan), 'rew_mean': np.float32(nan), 'trace_sample': array([], shape=(6, 1000, 0, 3), dtype=float32)}
[optimize] iteration 7
info: {'qpos_dist_max': np.float32(nan), 'qpos_dist_min': np.float32(nan), 'qpos_dist_median': np.float32(nan), 'qpos_dist_mean': np.float32(nan), 'qvel_dist_max': np.float32(nan), 'qvel_dist_min': np.float32(nan), 'qvel_dist_median': np.float32(nan), 'qvel_dist_mean': np.float32(nan), 'qpos_rew_max': np.float32(nan), 'qpos_rew_min': np.float32(nan), 'qpos_rew_median': np.float32(nan), 'qpos_rew_mean': np.float32(nan), 'qvel_rew_max': np.float32(nan), 'qvel_rew_min': np.float32(nan), 'qvel_rew_median': np.float32(nan), 'qvel_rew_mean': np.float32(nan), 'improvement': np.float32(nan), 'rew_max': np.float32(nan), 'rew_min': np.float32(nan), 'rew_median': np.float32(nan), 'rew_mean': np.float32(nan), 'trace_sample': array([], shape=(6, 1000, 0, 3), dtype=float32)}
Finished optimizing
Realtime rate: 0.00, plan time: 138.5361s, sim_steps: 400/1570, opt_steps: 8[optimize] iteration 0
info: {'qpos_dist_max': np.float32(nan), 'qpos_dist_min': np.float32(nan), 'qpos_dist_median': np.float32(nan), 'qpos_dist_mean': np.float32(nan), 'qvel_dist_max': np.float32(nan), 'qvel_dist_min': np.float32(nan), 'qvel_dist_median': np.float32(nan), 'qvel_dist_mean': np.float32(nan), 'qpos_rew_max': np.float32(nan), 'qpos_rew_min': np.float32(nan), 'qpos_rew_median': np.float32(nan), 'qpos_rew_mean': np.float32(nan), 'qvel_rew_max': np.float32(nan), 'qvel_rew_min': np.float32(nan), 'qvel_rew_median': np.float32(nan), 'qvel_rew_mean': np.float32(nan), 'improvement': np.float32(nan), 'rew_max': np.float32(nan), 'rew_min': np.float32(nan), 'rew_median': np.float32(nan), 'rew_mean': np.float32(nan), 'trace_sample': array([], shape=(6, 1000, 0, 3), dtype=float32)}
[optimize] iteration 1
info: {'qpos_dist_max': np.float32(nan), 'qpos_dist_min': np.float32(nan), 'qpos_dist_median': np.float32(nan), 'qpos_dist_mean': np.float32(nan), 'qvel_dist_max': np.float32(nan), 'qvel_dist_min': np.float32(nan), 'qvel_dist_median': np.float32(nan), 'qvel_dist_mean': np.float32(nan), 'qpos_rew_max': np.float32(nan), 'qpos_rew_min': np.float32(nan), 'qpos_rew_median': np.float32(nan), 'qpos_rew_mean': np.float32(nan), 'qvel_rew_max': np.float32(nan), 'qvel_rew_min': np.float32(nan), 'qvel_rew_median': np.float32(nan), 'qvel_rew_mean': np.float32(nan), 'improvement': np.float32(nan), 'rew_max': np.float32(nan), 'rew_min': np.float32(nan), 'rew_median': np.float32(nan), 'rew_mean': np.float32(nan), 'trace_sample': array([], shape=(6, 1000, 0, 3), dtype=float32)}
[optimize] iteration 2
info: {'qpos_dist_max': np.float32(nan), 'qpos_dist_min': np.float32(nan), 'qpos_dist_median': np.float32(nan), 'qpos_dist_mean': np.float32(nan), 'qvel_dist_max': np.float32(nan), 'qvel_dist_min': np.float32(nan), 'qvel_dist_median': np.float32(nan), 'qvel_dist_mean': np.float32(nan), 'qpos_rew_max': np.float32(nan), 'qpos_rew_min': np.float32(nan), 'qpos_rew_median': np.float32(nan), 'qpos_rew_mean': np.float32(nan), 'qvel_rew_max': np.float32(nan), 'qvel_rew_min': np.float32(nan), 'qvel_rew_median': np.float32(nan), 'qvel_rew_mean': np.float32(nan), 'improvement': np.float32(nan), 'rew_max': np.float32(nan), 'rew_min': np.float32(nan), 'rew_median': np.float32(nan), 'rew_mean': np.float32(nan), 'trace_sample': array([], shape=(6, 1000, 0, 3), dtype=float32)}
[optimize] iteration 3
info: {'qpos_dist_max': np.float32(nan), 'qpos_dist_min': np.float32(nan), 'qpos_dist_median': np.float32(nan), 'qpos_dist_mean': np.float32(nan), 'qvel_dist_max': np.float32(nan), 'qvel_dist_min': np.float32(nan), 'qvel_dist_median': np.float32(nan), 'qvel_dist_mean': np.float32(nan), 'qpos_rew_max': np.float32(nan), 'qpos_rew_min': np.float32(nan), 'qpos_rew_median': np.float32(nan), 'qpos_rew_mean': np.float32(nan), 'qvel_rew_max': np.float32(nan), 'qvel_rew_min': np.float32(nan), 'qvel_rew_median': np.float32(nan), 'qvel_rew_mean': np.float32(nan), 'improvement': np.float32(nan), 'rew_max': np.float32(nan), 'rew_min': np.float32(nan), 'rew_median': np.float32(nan), 'rew_mean': np.float32(nan), 'trace_sample': array([], shape=(6, 1000, 0, 3), dtype=float32)}
[optimize] iteration 4
info: {'qpos_dist_max': np.float32(nan), 'qpos_dist_min': np.float32(nan), 'qpos_dist_median': np.float32(nan), 'qpos_dist_mean': np.float32(nan), 'qvel_dist_max': np.float32(nan), 'qvel_dist_min': np.float32(nan), 'qvel_dist_median': np.float32(nan), 'qvel_dist_mean': np.float32(nan), 'qpos_rew_max': np.float32(nan), 'qpos_rew_min': np.float32(nan), 'qpos_rew_median': np.float32(nan), 'qpos_rew_mean': np.float32(nan), 'qvel_rew_max': np.float32(nan), 'qvel_rew_min': np.float32(nan), 'qvel_rew_median': np.float32(nan), 'qvel_rew_mean': np.float32(nan), 'improvement': np.float32(nan), 'rew_max': np.float32(nan), 'rew_min': np.float32(nan), 'rew_median': np.float32(nan), 'rew_mean': np.float32(nan), 'trace_sample': array([], shape=(6, 1000, 0, 3), dtype=float32)}
[optimize] iteration 5
info: {'qpos_dist_max': np.float32(nan), 'qpos_dist_min': np.float32(nan), 'qpos_dist_median': np.float32(nan), 'qpos_dist_mean': np.float32(nan), 'qvel_dist_max': np.float32(nan), 'qvel_dist_min': np.float32(nan), 'qvel_dist_median': np.float32(nan), 'qvel_dist_mean': np.float32(nan), 'qpos_rew_max': np.float32(nan), 'qpos_rew_min': np.float32(nan), 'qpos_rew_median': np.float32(nan), 'qpos_rew_mean': np.float32(nan), 'qvel_rew_max': np.float32(nan), 'qvel_rew_min': np.float32(nan), 'qvel_rew_median': np.float32(nan), 'qvel_rew_mean': np.float32(nan), 'improvement': np.float32(nan), 'rew_max': np.float32(nan), 'rew_min': np.float32(nan), 'rew_median': np.float32(nan), 'rew_mean': np.float32(nan), 'trace_sample': array([], shape=(6, 1000, 0, 3), dtype=float32)}
[optimize] iteration 6
info: {'qpos_dist_max': np.float32(nan), 'qpos_dist_min': np.float32(nan), 'qpos_dist_median': np.float32(nan), 'qpos_dist_mean': np.float32(nan), 'qvel_dist_max': np.float32(nan), 'qvel_dist_min': np.float32(nan), 'qvel_dist_median': np.float32(nan), 'qvel_dist_mean': np.float32(nan), 'qpos_rew_max': np.float32(nan), 'qpos_rew_min': np.float32(nan), 'qpos_rew_median': np.float32(nan), 'qpos_rew_mean': np.float32(nan), 'qvel_rew_max': np.float32(nan), 'qvel_rew_min': np.float32(nan), 'qvel_rew_median': np.float32(nan), 'qvel_rew_mean': np.float32(nan), 'improvement': np.float32(nan), 'rew_max': np.float32(nan), 'rew_min': np.float32(nan), 'rew_median': np.float32(nan), 'rew_mean': np.float32(nan), 'trace_sample': array([], shape=(6, 1000, 0, 3), dtype=float32)}
[optimize] iteration 7
info: {'qpos_dist_max': np.float32(nan), 'qpos_dist_min': np.float32(nan), 'qpos_dist_median': np.float32(nan), 'qpos_dist_mean': np.float32(nan), 'qvel_dist_max': np.float32(nan), 'qvel_dist_min': np.float32(nan), 'qvel_dist_median': np.float32(nan), 'qvel_dist_mean': np.float32(nan), 'qpos_rew_max': np.float32(nan), 'qpos_rew_min': np.float32(nan), 'qpos_rew_median': np.float32(nan), 'qpos_rew_mean': np.float32(nan), 'qvel_rew_max': np.float32(nan), 'qvel_rew_min': np.float32(nan), 'qvel_rew_median': np.float32(nan), 'qvel_rew_mean': np.float32(nan), 'improvement': np.float32(nan), 'rew_max': np.float32(nan), 'rew_min': np.float32(nan), 'rew_median': np.float32(nan), 'rew_mean': np.float32(nan), 'trace_sample': array([], shape=(6, 1000, 0, 3), dtype=float32)}
Finished optimizing
Realtime rate: 0.00, plan time: 124.7120s, sim_steps: 600/1570, opt_steps: 8[optimize] iteration 0
info: {'qpos_dist_max': np.float32(nan), 'qpos_dist_min': np.float32(nan), 'qpos_dist_median': np.float32(nan), 'qpos_dist_mean': np.float32(nan), 'qvel_dist_max': np.float32(nan), 'qvel_dist_min': np.float32(nan), 'qvel_dist_median': np.float32(nan), 'qvel_dist_mean': np.float32(nan), 'qpos_rew_max': np.float32(nan), 'qpos_rew_min': np.float32(nan), 'qpos_rew_median': np.float32(nan), 'qpos_rew_mean': np.float32(nan), 'qvel_rew_max': np.float32(nan), 'qvel_rew_min': np.float32(nan), 'qvel_rew_median': np.float32(nan), 'qvel_rew_mean': np.float32(nan), 'improvement': np.float32(nan), 'rew_max': np.float32(nan), 'rew_min': np.float32(nan), 'rew_median': np.float32(nan), 'rew_mean': np.float32(nan), 'trace_sample': array([], shape=(6, 1000, 0, 3), dtype=float32)}
[optimize] iteration 1
info: {'qpos_dist_max': np.float32(0.81808954), 'qpos_dist_min': np.float32(0.8176707), 'qpos_dist_median': np.float32(0.8180096), 'qpos_dist_mean': np.float32(0.8180101), 'qvel_dist_max': np.float32(5.0745764), 'qvel_dist_min': np.float32(4.5056195), 'qvel_dist_median': np.float32(4.7612405), 'qvel_dist_mean': np.float32(4.7640324), 'qpos_rew_max': np.float32(-0.8176707), 'qpos_rew_min': np.float32(-0.81808954), 'qpos_rew_median': np.float32(-0.8180096), 'qpos_rew_mean': np.float32(-0.8180101), 'qvel_rew_max': np.float32(0.0), 'qvel_rew_min': np.float32(0.0), 'qvel_rew_median': np.float32(0.0), 'qvel_rew_mean': np.float32(0.0), 'improvement': np.float32(0.00033944845), 'rew_max': np.float32(-0.8176706), 'rew_min': np.float32(-0.81808996), 'rew_median': np.float32(-0.8180108), 'rew_mean': np.float32(-0.81801105), 'trace_sample': array([], shape=(6, 1000, 0, 3), dtype=float32)}
Finished optimizing
Realtime rate: 0.01, plan time: 34.7577s, sim_steps: 800/1570, opt_steps: 2[optimize] iteration 0
info: {'qpos_dist_max': np.float32(0.80614513), 'qpos_dist_min': np.float32(0.8061079), 'qpos_dist_median': np.float32(0.80611604), 'qpos_dist_mean': np.float32(0.8061162), 'qvel_dist_max': np.float32(5.4776883), 'qvel_dist_min': np.float32(4.7540874), 'qvel_dist_median': np.float32(5.109938), 'qvel_dist_mean': np.float32(5.1144843), 'qpos_rew_max': np.float32(-0.8061079), 'qpos_rew_min': np.float32(-0.80614513), 'qpos_rew_median': np.float32(-0.80611604), 'qpos_rew_mean': np.float32(-0.8061162), 'qvel_rew_max': np.float32(0.0), 'qvel_rew_min': np.float32(0.0), 'qvel_rew_median': np.float32(0.0), 'qvel_rew_mean': np.float32(0.0), 'improvement': np.float32(1.9192696e-05), 'rew_max': np.float32(-0.8061021), 'rew_min': np.float32(-0.8061396), 'rew_median': np.float32(-0.80612165), 'rew_mean': np.float32(-0.8061217), 'trace_sample': array([], shape=(6, 1000, 0, 3), dtype=float32)}
Finished optimizing
Realtime rate: 0.02, plan time: 19.5017s, sim_steps: 1000/1570, opt_steps: 1[optimize] iteration 0
info: {'qpos_dist_max': np.float32(nan), 'qpos_dist_min': np.float32(nan), 'qpos_dist_median': np.float32(nan), 'qpos_dist_mean': np.float32(nan), 'qvel_dist_max': np.float32(nan), 'qvel_dist_min': np.float32(nan), 'qvel_dist_median': np.float32(nan), 'qvel_dist_mean': np.float32(nan), 'qpos_rew_max': np.float32(nan), 'qpos_rew_min': np.float32(nan), 'qpos_rew_median': np.float32(nan), 'qpos_rew_mean': np.float32(nan), 'qvel_rew_max': np.float32(nan), 'qvel_rew_min': np.float32(nan), 'qvel_rew_median': np.float32(nan), 'qvel_rew_mean': np.float32(nan), 'improvement': np.float32(nan), 'rew_max': np.float32(nan), 'rew_min': np.float32(nan), 'rew_median': np.float32(nan), 'rew_mean': np.float32(nan), 'trace_sample': array([], shape=(6, 1000, 0, 3), dtype=float32)}
[optimize] iteration 1
info: {'qpos_dist_max': np.float32(nan), 'qpos_dist_min': np.float32(nan), 'qpos_dist_median': np.float32(nan), 'qpos_dist_mean': np.float32(nan), 'qvel_dist_max': np.float32(nan), 'qvel_dist_min': np.float32(nan), 'qvel_dist_median': np.float32(nan), 'qvel_dist_mean': np.float32(nan), 'qpos_rew_max': np.float32(nan), 'qpos_rew_min': np.float32(nan), 'qpos_rew_median': np.float32(nan), 'qpos_rew_mean': np.float32(nan), 'qvel_rew_max': np.float32(nan), 'qvel_rew_min': np.float32(nan), 'qvel_rew_median': np.float32(nan), 'qvel_rew_mean': np.float32(nan), 'improvement': np.float32(nan), 'rew_max': np.float32(nan), 'rew_min': np.float32(nan), 'rew_median': np.float32(nan), 'rew_mean': np.float32(nan), 'trace_sample': array([], shape=(6, 1000, 0, 3), dtype=float32)}
[optimize] iteration 2
info: {'qpos_dist_max': np.float32(nan), 'qpos_dist_min': np.float32(nan), 'qpos_dist_median': np.float32(nan), 'qpos_dist_mean': np.float32(nan), 'qvel_dist_max': np.float32(nan), 'qvel_dist_min': np.float32(nan), 'qvel_dist_median': np.float32(nan), 'qvel_dist_mean': np.float32(nan), 'qpos_rew_max': np.float32(nan), 'qpos_rew_min': np.float32(nan), 'qpos_rew_median': np.float32(nan), 'qpos_rew_mean': np.float32(nan), 'qvel_rew_max': np.float32(nan), 'qvel_rew_min': np.float32(nan), 'qvel_rew_median': np.float32(nan), 'qvel_rew_mean': np.float32(nan), 'improvement': np.float32(nan), 'rew_max': np.float32(nan), 'rew_min': np.float32(nan), 'rew_median': np.float32(nan), 'rew_mean': np.float32(nan), 'trace_sample': array([], shape=(6, 1000, 0, 3), dtype=float32)}
[optimize] iteration 3
info: {'qpos_dist_max': np.float32(nan), 'qpos_dist_min': np.float32(nan), 'qpos_dist_median': np.float32(nan), 'qpos_dist_mean': np.float32(nan), 'qvel_dist_max': np.float32(nan), 'qvel_dist_min': np.float32(nan), 'qvel_dist_median': np.float32(nan), 'qvel_dist_mean': np.float32(nan), 'qpos_rew_max': np.float32(nan), 'qpos_rew_min': np.float32(nan), 'qpos_rew_median': np.float32(nan), 'qpos_rew_mean': np.float32(nan), 'qvel_rew_max': np.float32(nan), 'qvel_rew_min': np.float32(nan), 'qvel_rew_median': np.float32(nan), 'qvel_rew_mean': np.float32(nan), 'improvement': np.float32(nan), 'rew_max': np.float32(nan), 'rew_min': np.float32(nan), 'rew_median': np.float32(nan), 'rew_mean': np.float32(nan), 'trace_sample': array([], shape=(6, 1000, 0, 3), dtype=float32)}
[optimize] iteration 4
info: {'qpos_dist_max': np.float32(nan), 'qpos_dist_min': np.float32(nan), 'qpos_dist_median': np.float32(nan), 'qpos_dist_mean': np.float32(nan), 'qvel_dist_max': np.float32(nan), 'qvel_dist_min': np.float32(nan), 'qvel_dist_median': np.float32(nan), 'qvel_dist_mean': np.float32(nan), 'qpos_rew_max': np.float32(nan), 'qpos_rew_min': np.float32(nan), 'qpos_rew_median': np.float32(nan), 'qpos_rew_mean': np.float32(nan), 'qvel_rew_max': np.float32(nan), 'qvel_rew_min': np.float32(nan), 'qvel_rew_median': np.float32(nan), 'qvel_rew_mean': np.float32(nan), 'improvement': np.float32(nan), 'rew_max': np.float32(nan), 'rew_min': np.float32(nan), 'rew_median': np.float32(nan), 'rew_mean': np.float32(nan), 'trace_sample': array([], shape=(6, 1000, 0, 3), dtype=float32)}
[optimize] iteration 5
info: {'qpos_dist_max': np.float32(nan), 'qpos_dist_min': np.float32(nan), 'qpos_dist_median': np.float32(nan), 'qpos_dist_mean': np.float32(nan), 'qvel_dist_max': np.float32(nan), 'qvel_dist_min': np.float32(nan), 'qvel_dist_median': np.float32(nan), 'qvel_dist_mean': np.float32(nan), 'qpos_rew_max': np.float32(nan), 'qpos_rew_min': np.float32(nan), 'qpos_rew_median': np.float32(nan), 'qpos_rew_mean': np.float32(nan), 'qvel_rew_max': np.float32(nan), 'qvel_rew_min': np.float32(nan), 'qvel_rew_median': np.float32(nan), 'qvel_rew_mean': np.float32(nan), 'improvement': np.float32(nan), 'rew_max': np.float32(nan), 'rew_min': np.float32(nan), 'rew_median': np.float32(nan), 'rew_mean': np.float32(nan), 'trace_sample': array([], shape=(6, 1000, 0, 3), dtype=float32)}
[optimize] iteration 6
info: {'qpos_dist_max': np.float32(nan), 'qpos_dist_min': np.float32(nan), 'qpos_dist_median': np.float32(nan), 'qpos_dist_mean': np.float32(nan), 'qvel_dist_max': np.float32(nan), 'qvel_dist_min': np.float32(nan), 'qvel_dist_median': np.float32(nan), 'qvel_dist_mean': np.float32(nan), 'qpos_rew_max': np.float32(nan), 'qpos_rew_min': np.float32(nan), 'qpos_rew_median': np.float32(nan), 'qpos_rew_mean': np.float32(nan), 'qvel_rew_max': np.float32(nan), 'qvel_rew_min': np.float32(nan), 'qvel_rew_median': np.float32(nan), 'qvel_rew_mean': np.float32(nan), 'improvement': np.float32(nan), 'rew_max': np.float32(nan), 'rew_min': np.float32(nan), 'rew_median': np.float32(nan), 'rew_mean': np.float32(nan), 'trace_sample': array([], shape=(6, 1000, 0, 3), dtype=float32)}
[optimize] iteration 7
info: {'qpos_dist_max': np.float32(nan), 'qpos_dist_min': np.float32(nan), 'qpos_dist_median': np.float32(nan), 'qpos_dist_mean': np.float32(nan), 'qvel_dist_max': np.float32(nan), 'qvel_dist_min': np.float32(nan), 'qvel_dist_median': np.float32(nan), 'qvel_dist_mean': np.float32(nan), 'qpos_rew_max': np.float32(nan), 'qpos_rew_min': np.float32(nan), 'qpos_rew_median': np.float32(nan), 'qpos_rew_mean': np.float32(nan), 'qvel_rew_max': np.float32(nan), 'qvel_rew_min': np.float32(nan), 'qvel_rew_median': np.float32(nan), 'qvel_rew_mean': np.float32(nan), 'improvement': np.float32(nan), 'rew_max': np.float32(nan), 'rew_min': np.float32(nan), 'rew_median': np.float32(nan), 'rew_mean': np.float32(nan), 'trace_sample': array([], shape=(6, 1000, 0, 3), dtype=float32)}
Finished optimizing
Realtime rate: 0.00, plan time: 124.7105s, sim_steps: 1200/1570, opt_steps: 8[optimize] iteration 0
info: {'qpos_dist_max': np.float32(nan), 'qpos_dist_min': np.float32(nan), 'qpos_dist_median': np.float32(nan), 'qpos_dist_mean': np.float32(nan), 'qvel_dist_max': np.float32(nan), 'qvel_dist_min': np.float32(nan), 'qvel_dist_median': np.float32(nan), 'qvel_dist_mean': np.float32(nan), 'qpos_rew_max': np.float32(nan), 'qpos_rew_min': np.float32(nan), 'qpos_rew_median': np.float32(nan), 'qpos_rew_mean': np.float32(nan), 'qvel_rew_max': np.float32(nan), 'qvel_rew_min': np.float32(nan), 'qvel_rew_median': np.float32(nan), 'qvel_rew_mean': np.float32(nan), 'improvement': np.float32(nan), 'rew_max': np.float32(nan), 'rew_min': np.float32(nan), 'rew_median': np.float32(nan), 'rew_mean': np.float32(nan), 'trace_sample': array([], shape=(6, 1000, 0, 3), dtype=float32)}
[optimize] iteration 1
info: {'qpos_dist_max': np.float32(nan), 'qpos_dist_min': np.float32(nan), 'qpos_dist_median': np.float32(nan), 'qpos_dist_mean': np.float32(nan), 'qvel_dist_max': np.float32(nan), 'qvel_dist_min': np.float32(nan), 'qvel_dist_median': np.float32(nan), 'qvel_dist_mean': np.float32(nan), 'qpos_rew_max': np.float32(nan), 'qpos_rew_min': np.float32(nan), 'qpos_rew_median': np.float32(nan), 'qpos_rew_mean': np.float32(nan), 'qvel_rew_max': np.float32(nan), 'qvel_rew_min': np.float32(nan), 'qvel_rew_median': np.float32(nan), 'qvel_rew_mean': np.float32(nan), 'improvement': np.float32(nan), 'rew_max': np.float32(nan), 'rew_min': np.float32(nan), 'rew_median': np.float32(nan), 'rew_mean': np.float32(nan), 'trace_sample': array([], shape=(6, 1000, 0, 3), dtype=float32)}
[optimize] iteration 2
info: {'qpos_dist_max': np.float32(nan), 'qpos_dist_min': np.float32(nan), 'qpos_dist_median': np.float32(nan), 'qpos_dist_mean': np.float32(nan), 'qvel_dist_max': np.float32(nan), 'qvel_dist_min': np.float32(nan), 'qvel_dist_median': np.float32(nan), 'qvel_dist_mean': np.float32(nan), 'qpos_rew_max': np.float32(nan), 'qpos_rew_min': np.float32(nan), 'qpos_rew_median': np.float32(nan), 'qpos_rew_mean': np.float32(nan), 'qvel_rew_max': np.float32(nan), 'qvel_rew_min': np.float32(nan), 'qvel_rew_median': np.float32(nan), 'qvel_rew_mean': np.float32(nan), 'improvement': np.float32(nan), 'rew_max': np.float32(nan), 'rew_min': np.float32(nan), 'rew_median': np.float32(nan), 'rew_mean': np.float32(nan), 'trace_sample': array([], shape=(6, 1000, 0, 3), dtype=float32)}
[optimize] iteration 3
info: {'qpos_dist_max': np.float32(nan), 'qpos_dist_min': np.float32(nan), 'qpos_dist_median': np.float32(nan), 'qpos_dist_mean': np.float32(nan), 'qvel_dist_max': np.float32(nan), 'qvel_dist_min': np.float32(nan), 'qvel_dist_median': np.float32(nan), 'qvel_dist_mean': np.float32(nan), 'qpos_rew_max': np.float32(nan), 'qpos_rew_min': np.float32(nan), 'qpos_rew_median': np.float32(nan), 'qpos_rew_mean': np.float32(nan), 'qvel_rew_max': np.float32(nan), 'qvel_rew_min': np.float32(nan), 'qvel_rew_median': np.float32(nan), 'qvel_rew_mean': np.float32(nan), 'improvement': np.float32(nan), 'rew_max': np.float32(nan), 'rew_min': np.float32(nan), 'rew_median': np.float32(nan), 'rew_mean': np.float32(nan), 'trace_sample': array([], shape=(6, 1000, 0, 3), dtype=float32)}
[optimize] iteration 4
info: {'qpos_dist_max': np.float32(nan), 'qpos_dist_min': np.float32(nan), 'qpos_dist_median': np.float32(nan), 'qpos_dist_mean': np.float32(nan), 'qvel_dist_max': np.float32(nan), 'qvel_dist_min': np.float32(nan), 'qvel_dist_median': np.float32(nan), 'qvel_dist_mean': np.float32(nan), 'qpos_rew_max': np.float32(nan), 'qpos_rew_min': np.float32(nan), 'qpos_rew_median': np.float32(nan), 'qpos_rew_mean': np.float32(nan), 'qvel_rew_max': np.float32(nan), 'qvel_rew_min': np.float32(nan), 'qvel_rew_median': np.float32(nan), 'qvel_rew_mean': np.float32(nan), 'improvement': np.float32(nan), 'rew_max': np.float32(nan), 'rew_min': np.float32(nan), 'rew_median': np.float32(nan), 'rew_mean': np.float32(nan), 'trace_sample': array([], shape=(6, 1000, 0, 3), dtype=float32)}
[optimize] iteration 5
info: {'qpos_dist_max': np.float32(nan), 'qpos_dist_min': np.float32(nan), 'qpos_dist_median': np.float32(nan), 'qpos_dist_mean': np.float32(nan), 'qvel_dist_max': np.float32(nan), 'qvel_dist_min': np.float32(nan), 'qvel_dist_median': np.float32(nan), 'qvel_dist_mean': np.float32(nan), 'qpos_rew_max': np.float32(nan), 'qpos_rew_min': np.float32(nan), 'qpos_rew_median': np.float32(nan), 'qpos_rew_mean': np.float32(nan), 'qvel_rew_max': np.float32(nan), 'qvel_rew_min': np.float32(nan), 'qvel_rew_median': np.float32(nan), 'qvel_rew_mean': np.float32(nan), 'improvement': np.float32(nan), 'rew_max': np.float32(nan), 'rew_min': np.float32(nan), 'rew_median': np.float32(nan), 'rew_mean': np.float32(nan), 'trace_sample': array([], shape=(6, 1000, 0, 3), dtype=float32)}
[optimize] iteration 6
info: {'qpos_dist_max': np.float32(nan), 'qpos_dist_min': np.float32(nan), 'qpos_dist_median': np.float32(nan), 'qpos_dist_mean': np.float32(nan), 'qvel_dist_max': np.float32(nan), 'qvel_dist_min': np.float32(nan), 'qvel_dist_median': np.float32(nan), 'qvel_dist_mean': np.float32(nan), 'qpos_rew_max': np.float32(nan), 'qpos_rew_min': np.float32(nan), 'qpos_rew_median': np.float32(nan), 'qpos_rew_mean': np.float32(nan), 'qvel_rew_max': np.float32(nan), 'qvel_rew_min': np.float32(nan), 'qvel_rew_median': np.float32(nan), 'qvel_rew_mean': np.float32(nan), 'improvement': np.float32(nan), 'rew_max': np.float32(nan), 'rew_min': np.float32(nan), 'rew_median': np.float32(nan), 'rew_mean': np.float32(nan), 'trace_sample': array([], shape=(6, 1000, 0, 3), dtype=float32)}
[optimize] iteration 7
info: {'qpos_dist_max': np.float32(nan), 'qpos_dist_min': np.float32(nan), 'qpos_dist_median': np.float32(nan), 'qpos_dist_mean': np.float32(nan), 'qvel_dist_max': np.float32(nan), 'qvel_dist_min': np.float32(nan), 'qvel_dist_median': np.float32(nan), 'qvel_dist_mean': np.float32(nan), 'qpos_rew_max': np.float32(nan), 'qpos_rew_min': np.float32(nan), 'qpos_rew_median': np.float32(nan), 'qpos_rew_mean': np.float32(nan), 'qvel_rew_max': np.float32(nan), 'qvel_rew_min': np.float32(nan), 'qvel_rew_median': np.float32(nan), 'qvel_rew_mean': np.float32(nan), 'improvement': np.float32(nan), 'rew_max': np.float32(nan), 'rew_min': np.float32(nan), 'rew_median': np.float32(nan), 'rew_mean': np.float32(nan), 'trace_sample': array([], shape=(6, 1000, 0, 3), dtype=float32)}
Finished optimizing
Realtime rate: 0.00, plan time: 119.3020s, sim_steps: 1400/1570, opt_steps: 8[optimize] iteration 0
info: {'qpos_dist_max': np.float32(nan), 'qpos_dist_min': np.float32(nan), 'qpos_dist_median': np.float32(nan), 'qpos_dist_mean': np.float32(nan), 'qvel_dist_max': np.float32(nan), 'qvel_dist_min': np.float32(nan), 'qvel_dist_median': np.float32(nan), 'qvel_dist_mean': np.float32(nan), 'qpos_rew_max': np.float32(nan), 'qpos_rew_min': np.float32(nan), 'qpos_rew_median': np.float32(nan), 'qpos_rew_mean': np.float32(nan), 'qvel_rew_max': np.float32(nan), 'qvel_rew_min': np.float32(nan), 'qvel_rew_median': np.float32(nan), 'qvel_rew_mean': np.float32(nan), 'improvement': np.float32(nan), 'rew_max': np.float32(nan), 'rew_min': np.float32(nan), 'rew_median': np.float32(nan), 'rew_mean': np.float32(nan), 'trace_sample': array([], shape=(6, 1000, 0, 3), dtype=float32)}
[optimize] iteration 1
info: {'qpos_dist_max': np.float32(nan), 'qpos_dist_min': np.float32(nan), 'qpos_dist_median': np.float32(nan), 'qpos_dist_mean': np.float32(nan), 'qvel_dist_max': np.float32(nan), 'qvel_dist_min': np.float32(nan), 'qvel_dist_median': np.float32(nan), 'qvel_dist_mean': np.float32(nan), 'qpos_rew_max': np.float32(nan), 'qpos_rew_min': np.float32(nan), 'qpos_rew_median': np.float32(nan), 'qpos_rew_mean': np.float32(nan), 'qvel_rew_max': np.float32(nan), 'qvel_rew_min': np.float32(nan), 'qvel_rew_median': np.float32(nan), 'qvel_rew_mean': np.float32(nan), 'improvement': np.float32(nan), 'rew_max': np.float32(nan), 'rew_min': np.float32(nan), 'rew_median': np.float32(nan), 'rew_mean': np.float32(nan), 'trace_sample': array([], shape=(6, 1000, 0, 3), dtype=float32)}
[optimize] iteration 2
info: {'qpos_dist_max': np.float32(nan), 'qpos_dist_min': np.float32(nan), 'qpos_dist_median': np.float32(nan), 'qpos_dist_mean': np.float32(nan), 'qvel_dist_max': np.float32(nan), 'qvel_dist_min': np.float32(nan), 'qvel_dist_median': np.float32(nan), 'qvel_dist_mean': np.float32(nan), 'qpos_rew_max': np.float32(nan), 'qpos_rew_min': np.float32(nan), 'qpos_rew_median': np.float32(nan), 'qpos_rew_mean': np.float32(nan), 'qvel_rew_max': np.float32(nan), 'qvel_rew_min': np.float32(nan), 'qvel_rew_median': np.float32(nan), 'qvel_rew_mean': np.float32(nan), 'improvement': np.float32(nan), 'rew_max': np.float32(nan), 'rew_min': np.float32(nan), 'rew_median': np.float32(nan), 'rew_mean': np.float32(nan), 'trace_sample': array([], shape=(6, 1000, 0, 3), dtype=float32)}
[optimize] iteration 3
info: {'qpos_dist_max': np.float32(nan), 'qpos_dist_min': np.float32(nan), 'qpos_dist_median': np.float32(nan), 'qpos_dist_mean': np.float32(nan), 'qvel_dist_max': np.float32(nan), 'qvel_dist_min': np.float32(nan), 'qvel_dist_median': np.float32(nan), 'qvel_dist_mean': np.float32(nan), 'qpos_rew_max': np.float32(nan), 'qpos_rew_min': np.float32(nan), 'qpos_rew_median': np.float32(nan), 'qpos_rew_mean': np.float32(nan), 'qvel_rew_max': np.float32(nan), 'qvel_rew_min': np.float32(nan), 'qvel_rew_median': np.float32(nan), 'qvel_rew_mean': np.float32(nan), 'improvement': np.float32(nan), 'rew_max': np.float32(nan), 'rew_min': np.float32(nan), 'rew_median': np.float32(nan), 'rew_mean': np.float32(nan), 'trace_sample': array([], shape=(6, 1000, 0, 3), dtype=float32)}
[optimize] iteration 4
info: {'qpos_dist_max': np.float32(nan), 'qpos_dist_min': np.float32(nan), 'qpos_dist_median': np.float32(nan), 'qpos_dist_mean': np.float32(nan), 'qvel_dist_max': np.float32(nan), 'qvel_dist_min': np.float32(nan), 'qvel_dist_median': np.float32(nan), 'qvel_dist_mean': np.float32(nan), 'qpos_rew_max': np.float32(nan), 'qpos_rew_min': np.float32(nan), 'qpos_rew_median': np.float32(nan), 'qpos_rew_mean': np.float32(nan), 'qvel_rew_max': np.float32(nan), 'qvel_rew_min': np.float32(nan), 'qvel_rew_median': np.float32(nan), 'qvel_rew_mean': np.float32(nan), 'improvement': np.float32(nan), 'rew_max': np.float32(nan), 'rew_min': np.float32(nan), 'rew_median': np.float32(nan), 'rew_mean': np.float32(nan), 'trace_sample': array([], shape=(6, 1000, 0, 3), dtype=float32)}
[optimize] iteration 5
info: {'qpos_dist_max': np.float32(nan), 'qpos_dist_min': np.float32(nan), 'qpos_dist_median': np.float32(nan), 'qpos_dist_mean': np.float32(nan), 'qvel_dist_max': np.float32(nan), 'qvel_dist_min': np.float32(nan), 'qvel_dist_median': np.float32(nan), 'qvel_dist_mean': np.float32(nan), 'qpos_rew_max': np.float32(nan), 'qpos_rew_min': np.float32(nan), 'qpos_rew_median': np.float32(nan), 'qpos_rew_mean': np.float32(nan), 'qvel_rew_max': np.float32(nan), 'qvel_rew_min': np.float32(nan), 'qvel_rew_median': np.float32(nan), 'qvel_rew_mean': np.float32(nan), 'improvement': np.float32(nan), 'rew_max': np.float32(nan), 'rew_min': np.float32(nan), 'rew_median': np.float32(nan), 'rew_mean': np.float32(nan), 'trace_sample': array([], shape=(6, 1000, 0, 3), dtype=float32)}
[optimize] iteration 6
info: {'qpos_dist_max': np.float32(nan), 'qpos_dist_min': np.float32(nan), 'qpos_dist_median': np.float32(nan), 'qpos_dist_mean': np.float32(nan), 'qvel_dist_max': np.float32(nan), 'qvel_dist_min': np.float32(nan), 'qvel_dist_median': np.float32(nan), 'qvel_dist_mean': np.float32(nan), 'qpos_rew_max': np.float32(nan), 'qpos_rew_min': np.float32(nan), 'qpos_rew_median': np.float32(nan), 'qpos_rew_mean': np.float32(nan), 'qvel_rew_max': np.float32(nan), 'qvel_rew_min': np.float32(nan), 'qvel_rew_median': np.float32(nan), 'qvel_rew_mean': np.float32(nan), 'improvement': np.float32(nan), 'rew_max': np.float32(nan), 'rew_min': np.float32(nan), 'rew_median': np.float32(nan), 'rew_mean': np.float32(nan), 'trace_sample': array([], shape=(6, 1000, 0, 3), dtype=float32)}
[optimize] iteration 7
info: {'qpos_dist_max': np.float32(nan), 'qpos_dist_min': np.float32(nan), 'qpos_dist_median': np.float32(nan), 'qpos_dist_mean': np.float32(nan), 'qvel_dist_max': np.float32(nan), 'qvel_dist_min': np.float32(nan), 'qvel_dist_median': np.float32(nan), 'qvel_dist_mean': np.float32(nan), 'qpos_rew_max': np.float32(nan), 'qpos_rew_min': np.float32(nan), 'qpos_rew_median': np.float32(nan), 'qpos_rew_mean': np.float32(nan), 'qvel_rew_max': np.float32(nan), 'qvel_rew_min': np.float32(nan), 'qvel_rew_median': np.float32(nan), 'qvel_rew_mean': np.float32(nan), 'improvement': np.float32(nan), 'rew_max': np.float32(nan), 'rew_min': np.float32(nan), 'rew_median': np.float32(nan), 'rew_mean': np.float32(nan), 'trace_sample': array([], shape=(6, 1000, 0, 3), dtype=float32)}
Finished optimizing
Realtime rate: 0.00, plan time: 113.8889s, sim_steps: 1600/1570, opt_steps: 8Total time: 826.4292s
