lil-compute-04.tech.cornell.edu
Fri May 15 22:51:04 2026       
+-----------------------------------------------------------------------------------------+
| NVIDIA-SMI 570.124.06             Driver Version: 570.124.06     CUDA Version: 12.8     |
|-----------------------------------------+------------------------+----------------------+
| GPU  Name                 Persistence-M | Bus-Id          Disp.A | Volatile Uncorr. ECC |
| Fan  Temp   Perf          Pwr:Usage/Cap |           Memory-Usage | GPU-Util  Compute M. |
|                                         |                        |               MIG M. |
|=========================================+========================+======================|
|   0  NVIDIA RTX A6000               On  |   00000000:01:00.0 Off |                  Off |
| 30%   36C    P8             29W /  300W |       2MiB /  49140MiB |      0%      Default |
|                                         |                        |                  N/A |
+-----------------------------------------+------------------------+----------------------+
                                                                                         
+-----------------------------------------------------------------------------------------+
| Processes:                                                                              |
|  GPU   GI   CI              PID   Type   Process name                        GPU Memory |
|        ID   ID                                                               Usage      |
|=========================================================================================|
|  No running processes found                                                             |
+-----------------------------------------------------------------------------------------+
Warp DeprecationWarning: The namespace `warp.context` will soon be removed from the public API. It can still be accessed from `warp._src.context` but might be changed or removed without notice.
Warp DeprecationWarning: The symbol `warp.context.Module` will soon be removed from the public API. Use `warp.Module` instead.
Warp DeprecationWarning: The symbol `warp.context.get_module` will soon be removed from the public API. Use `warp.get_module` instead.
Warp DeprecationWarning: The namespace `warp.math` will soon be removed from the public API. It can still be accessed from `warp._src.math` but might be changed or removed without notice.
Warp 1.11.0 initialized:
   CUDA Toolkit 12.9, Driver 12.8
   Devices:
     "cpu"      : "x86_64"
     "cuda:0"   : "NVIDIA RTX A6000" (47 GiB, sm_86, mempool enabled)
   Kernel cache:
     /home/nl455/.cache/warp/1.11.0
2026-05-15 22:51:27.923 | WARNING  | spider.config:process_config:259 - task_info.json not found at /share/culbertson/nl455/spider/example_datasets/processed/arctic/leap/right/scissors/0/../task_info.json, using default values
2026-05-15 22:51:27.929 | WARNING  | spider.io:load_data:53 - ctrl data not found, using 'qpos' as a initial guess for control.
2026-05-15 22:51:33.838 | INFO     | spider.viewers:setup_viewer:85 - viewer is set to rerun, build and log scene from xml file
2026-05-15 22:51:33.839 | INFO     | spider.viewers:setup_viewer:106 - viewer is disabled, launch dummy viewer
2026-05-15 22:52:12.118 | WARNING  | spider.optimizers.sampling:optimize_once:297 - NaNs or infs in rews: 1/2048
2026-05-15 22:52:42.571 | WARNING  | spider.optimizers.sampling:optimize_once:297 - NaNs or infs in rews: 28/2048
2026-05-15 22:53:09.654 | WARNING  | spider.optimizers.sampling:optimize_once:297 - NaNs or infs in rews: 40/2048
2026-05-15 22:53:36.521 | WARNING  | spider.optimizers.sampling:optimize_once:297 - NaNs or infs in rews: 35/2048
2026-05-15 22:54:03.072 | WARNING  | spider.optimizers.sampling:optimize_once:297 - NaNs or infs in rews: 41/2048
2026-05-15 22:54:29.653 | WARNING  | spider.optimizers.sampling:optimize_once:297 - NaNs or infs in rews: 54/2048
nefc overflow - please increase njmax to 512
2026-05-15 22:54:56.312 | WARNING  | spider.optimizers.sampling:optimize_once:297 - NaNs or infs in rews: 142/2048
nefc overflow - please increase njmax to 552
nefc overflow - please increase njmax to 540
nefc overflow - please increase njmax to 562
nefc overflow - please increase njmax to 586
2026-05-15 22:55:22.758 | WARNING  | spider.optimizers.sampling:optimize_once:297 - NaNs or infs in rews: 177/2048
2026-05-15 22:55:54.780 | WARNING  | spider.optimizers.sampling:optimize_once:297 - NaNs or infs in rews: 132/2048
nefc overflow - please increase njmax to 545
nefc overflow - please increase njmax to 529
nefc overflow - please increase njmax to 508
nefc overflow - please increase njmax to 576
2026-05-15 22:56:20.950 | WARNING  | spider.optimizers.sampling:optimize_once:297 - NaNs or infs in rews: 95/2048
nefc overflow - please increase njmax to 513
2026-05-15 22:56:46.577 | WARNING  | spider.optimizers.sampling:optimize_once:297 - NaNs or infs in rews: 103/2048
2026-05-15 22:57:11.927 | WARNING  | spider.optimizers.sampling:optimize_once:297 - NaNs or infs in rews: 91/2048
2026-05-15 22:57:37.792 | WARNING  | spider.optimizers.sampling:optimize_once:297 - NaNs or infs in rews: 112/2048
2026-05-15 22:58:03.012 | WARNING  | spider.optimizers.sampling:optimize_once:297 - NaNs or infs in rews: 99/2048
2026-05-15 22:58:28.202 | WARNING  | spider.optimizers.sampling:optimize_once:297 - NaNs or infs in rews: 141/2048
2026-05-15 22:58:53.358 | WARNING  | spider.optimizers.sampling:optimize_once:297 - NaNs or infs in rews: 139/2048
nefc overflow - please increase njmax to 514
2026-05-15 22:59:26.137 | WARNING  | spider.optimizers.sampling:optimize_once:297 - NaNs or infs in rews: 223/2048
2026-05-15 22:59:50.391 | WARNING  | spider.optimizers.sampling:optimize_once:297 - NaNs or infs in rews: 221/2048
nefc overflow - please increase njmax to 546
2026-05-15 23:00:14.254 | WARNING  | spider.optimizers.sampling:optimize_once:297 - NaNs or infs in rews: 287/2048
2026-05-15 23:00:37.886 | WARNING  | spider.optimizers.sampling:optimize_once:297 - NaNs or infs in rews: 276/2048
2026-05-15 23:01:02.437 | WARNING  | spider.optimizers.sampling:optimize_once:297 - NaNs or infs in rews: 443/2048
nefc overflow - please increase njmax to 551
nefc overflow - please increase njmax to 569
nefc overflow - please increase njmax to 594
nefc overflow - please increase njmax to 550
nefc overflow - please increase njmax to 544
nefc overflow - please increase njmax to 519
nefc overflow - please increase njmax to 553
nefc overflow - please increase njmax to 556
nefc overflow - please increase njmax to 575
nefc overflow - please increase njmax to 539
nefc overflow - please increase njmax to 502
nefc overflow - please increase njmax to 562
2026-05-15 23:01:27.819 | WARNING  | spider.optimizers.sampling:optimize_once:297 - NaNs or infs in rews: 495/2048
2026-05-15 23:01:53.020 | WARNING  | spider.optimizers.sampling:optimize_once:297 - NaNs or infs in rews: 535/2048
nefc overflow - please increase njmax to 524
nefc overflow - please increase njmax to 552
nefc overflow - please increase njmax to 507
nefc overflow - please increase njmax to 1110
nefc overflow - please increase njmax to 1321
2026-05-15 23:02:18.060 | WARNING  | spider.optimizers.sampling:optimize_once:297 - NaNs or infs in rews: 530/2048
2026-05-15 23:02:41.067 | WARNING  | spider.optimizers.sampling:optimize_once:297 - NaNs or infs in rews: 3/2048
2026-05-15 23:02:59.174 | WARNING  | spider.optimizers.sampling:optimize_once:297 - NaNs or infs in rews: 3/2048
2026-05-15 23:03:17.140 | WARNING  | spider.optimizers.sampling:optimize_once:297 - NaNs or infs in rews: 3/2048
2026-05-15 23:03:35.191 | WARNING  | spider.optimizers.sampling:optimize_once:297 - NaNs or infs in rews: 3/2048
2026-05-15 23:03:53.190 | WARNING  | spider.optimizers.sampling:optimize_once:297 - NaNs or infs in rews: 4/2048
2026-05-15 23:04:11.090 | WARNING  | spider.optimizers.sampling:optimize_once:297 - NaNs or infs in rews: 3/2048
2026-05-15 23:04:28.879 | WARNING  | spider.optimizers.sampling:optimize_once:297 - NaNs or infs in rews: 3/2048
2026-05-15 23:04:46.522 | WARNING  | spider.optimizers.sampling:optimize_once:297 - NaNs or infs in rews: 3/2048
2026-05-15 23:05:09.034 | WARNING  | spider.optimizers.sampling:optimize_once:297 - NaNs or infs in rews: 4/2048
2026-05-15 23:05:27.216 | WARNING  | spider.optimizers.sampling:optimize_once:297 - NaNs or infs in rews: 3/2048
2026-05-15 23:05:45.229 | WARNING  | spider.optimizers.sampling:optimize_once:297 - NaNs or infs in rews: 3/2048
2026-05-15 23:06:02.920 | WARNING  | spider.optimizers.sampling:optimize_once:297 - NaNs or infs in rews: 3/2048
2026-05-15 23:06:20.526 | WARNING  | spider.optimizers.sampling:optimize_once:297 - NaNs or infs in rews: 3/2048
2026-05-15 23:06:38.028 | WARNING  | spider.optimizers.sampling:optimize_once:297 - NaNs or infs in rews: 5/2048
2026-05-15 23:06:55.461 | WARNING  | spider.optimizers.sampling:optimize_once:297 - NaNs or infs in rews: 3/2048
2026-05-15 23:07:12.835 | WARNING  | spider.optimizers.sampling:optimize_once:297 - NaNs or infs in rews: 3/2048
2026-05-15 23:07:35.478 | WARNING  | spider.optimizers.sampling:optimize_once:297 - NaNs or infs in rews: 3/2048
2026-05-15 23:07:53.472 | WARNING  | spider.optimizers.sampling:optimize_once:297 - NaNs or infs in rews: 3/2048
2026-05-15 23:08:11.469 | WARNING  | spider.optimizers.sampling:optimize_once:297 - NaNs or infs in rews: 3/2048
2026-05-15 23:08:29.365 | WARNING  | spider.optimizers.sampling:optimize_once:297 - NaNs or infs in rews: 3/2048
2026-05-15 23:08:47.099 | WARNING  | spider.optimizers.sampling:optimize_once:297 - NaNs or infs in rews: 3/2048
2026-05-15 23:09:04.711 | WARNING  | spider.optimizers.sampling:optimize_once:297 - NaNs or infs in rews: 3/2048
2026-05-15 23:09:22.087 | WARNING  | spider.optimizers.sampling:optimize_once:297 - NaNs or infs in rews: 3/2048
2026-05-15 23:09:39.254 | WARNING  | spider.optimizers.sampling:optimize_once:297 - NaNs or infs in rews: 3/2048
2026-05-15 23:10:02.140 | WARNING  | spider.optimizers.sampling:optimize_once:297 - NaNs or infs in rews: 4/2048
2026-05-15 23:10:21.102 | WARNING  | spider.optimizers.sampling:optimize_once:297 - NaNs or infs in rews: 3/2048
2026-05-15 23:10:39.945 | WARNING  | spider.optimizers.sampling:optimize_once:297 - NaNs or infs in rews: 3/2048
2026-05-15 23:10:58.769 | WARNING  | spider.optimizers.sampling:optimize_once:297 - NaNs or infs in rews: 3/2048
2026-05-15 23:11:17.421 | WARNING  | spider.optimizers.sampling:optimize_once:297 - NaNs or infs in rews: 3/2048
2026-05-15 23:11:36.337 | WARNING  | spider.optimizers.sampling:optimize_once:297 - NaNs or infs in rews: 3/2048
2026-05-15 23:11:54.805 | WARNING  | spider.optimizers.sampling:optimize_once:297 - NaNs or infs in rews: 3/2048
2026-05-15 23:12:13.223 | WARNING  | spider.optimizers.sampling:optimize_once:297 - NaNs or infs in rews: 3/2048
2026-05-15 23:12:36.889 | WARNING  | spider.optimizers.sampling:optimize_once:297 - NaNs or infs in rews: 3/2048
2026-05-15 23:12:56.130 | WARNING  | spider.optimizers.sampling:optimize_once:297 - NaNs or infs in rews: 3/2048
2026-05-15 23:13:15.423 | WARNING  | spider.optimizers.sampling:optimize_once:297 - NaNs or infs in rews: 3/2048
2026-05-15 23:13:34.695 | WARNING  | spider.optimizers.sampling:optimize_once:297 - NaNs or infs in rews: 4/2048
2026-05-15 23:13:53.887 | WARNING  | spider.optimizers.sampling:optimize_once:297 - NaNs or infs in rews: 3/2048
2026-05-15 23:14:12.974 | WARNING  | spider.optimizers.sampling:optimize_once:297 - NaNs or infs in rews: 3/2048
2026-05-15 23:14:31.918 | WARNING  | spider.optimizers.sampling:optimize_once:297 - NaNs or infs in rews: 3/2048
2026-05-15 23:14:50.595 | WARNING  | spider.optimizers.sampling:optimize_once:297 - NaNs or infs in rews: 4/2048
2026-05-15 23:14:55.490 | INFO     | __main__:main:297 - Saved info to /share/culbertson/nl455/spider/example_datasets/processed/arctic/leap/right/scissors/0/scissors_default_trajectory_mjwp.npz
2026-05-15 23:14:56.393 | INFO     | __main__:main:307 - Saved video to /share/culbertson/nl455/spider/example_datasets/processed/arctic/leap/right/scissors/0/scissors_default_visualization_mjwp.mp4
2026-05-15 23:14:59.704 | INFO     | __main__:save_reward_plot:112 - Saved reward plot to /share/culbertson/nl455/spider/example_datasets/processed/arctic/leap/right/scissors/0/visualization_mjwp.png
Loading data from /share/culbertson/nl455/spider/example_datasets/processed/arctic/leap/right/scissors/0/trajectory_kinematic.npz
Loaded reference data from /share/culbertson/nl455/spider/example_datasets/processed/arctic/leap/right/scissors/0/trajectory_kinematic.npz
Warp DeprecationWarning: The symbol `warp.context.runtime` will soon be removed from the public API. It can still be accessed from `warp._src.context.runtime` but might be changed or removed without notice.
Module mujoco_warp._src.smooth 61a2af8 load on device 'cuda:0' took 6.14 ms  (cached)
Module mujoco_warp._src.collision_driver de6dc98 load on device 'cuda:0' took 16.87 ms  (cached)
Module _nxn_broadphase__locals__kernel_a346c471 a346c47 load on device 'cuda:0' took 3.51 ms  (cached)
Module ccd_kernel_builder__locals__ccd_kernel_19e6ee06 19e6ee0 load on device 'cuda:0' took 3.91 ms  (cached)
Module ccd_kernel_builder__locals__ccd_kernel_c58b55f9 c58b55f load on device 'cuda:0' took 4.24 ms  (cached)
Module mujoco_warp._src.collision_primitive._create_narrowphase_kernel 6edaddc load on device 'cuda:0' took 19.14 ms  (cached)
Module mujoco_warp._src.constraint 8bed7e5 load on device 'cuda:0' took 4.29 ms  (cached)
Module mujoco_warp._src.sensor b9de671 load on device 'cuda:0' took 4.56 ms  (cached)
Module _actuator_velocity__locals__actuator_velocity_92cef95a 6c15472 load on device 'cuda:0' took 4.68 ms  (cached)
Module mujoco_warp._src.passive eab35ec load on device 'cuda:0' took 3.30 ms  (cached)
Module mujoco_warp._src.forward 3875c24 load on device 'cuda:0' took 17.30 ms  (cached)
Module mujoco_warp._src.support b7a7a89 load on device 'cuda:0' took 3.34 ms  (cached)
Module _tile_cholesky_factorize_solve__locals__cholesky_factorize_solve_054bffd7 1b42599 load on device 'cuda:0' took 44.08 ms  (cached)
Module _tile_cholesky_factorize_solve__locals__cholesky_factorize_solve_c4e05987 fd0a184 load on device 'cuda:0' took 54.26 ms  (cached)
Module mujoco_warp._src.solver f8d7d7e load on device 'cuda:0' took 21.79 ms  (cached)
Module mul_m_dense__locals___mul_m_dense_e662a932 3d355c7 load on device 'cuda:0' took 60.34 ms  (cached)
Module mul_m_dense__locals___mul_m_dense_fbd60039 8924a85 load on device 'cuda:0' took 83.39 ms  (cached)
Module update_constraint_gauss_cost__locals__kernel_1f51923c 1f51923 load on device 'cuda:0' took 3.84 ms  (cached)
Module update_gradient_JTDAJ_dense_tiled__locals__kernel_0df79926 5ce30c0 load on device 'cuda:0' took 65.09 ms  (cached)
Module update_gradient_cholesky__locals__kernel_8e900041 41c780f load on device 'cuda:0' took 39.89 ms  (cached)
Module linesearch_jv_fused__locals__kernel_e8aa2070 e8aa207 load on device 'cuda:0' took 3.46 ms  (cached)
Module mujoco_warp._src.derivative 43453d8 load on device 'cuda:0' took 19.60 ms  (cached)
starting loop
[optimize] iteration 0
info: {'qpos_dist_max': np.float32(nan), 'qpos_dist_min': np.float32(nan), 'qpos_dist_median': np.float32(nan), 'qpos_dist_mean': np.float32(nan), 'qvel_dist_max': np.float32(nan), 'qvel_dist_min': np.float32(nan), 'qvel_dist_median': np.float32(nan), 'qvel_dist_mean': np.float32(nan), 'qpos_rew_max': np.float32(nan), 'qpos_rew_min': np.float32(nan), 'qpos_rew_median': np.float32(nan), 'qpos_rew_mean': np.float32(nan), 'qvel_rew_max': np.float32(nan), 'qvel_rew_min': np.float32(nan), 'qvel_rew_median': np.float32(nan), 'qvel_rew_mean': np.float32(nan), 'improvement': np.float32(nan), 'rew_max': np.float32(nan), 'rew_min': np.float32(nan), 'rew_median': np.float32(nan), 'rew_mean': np.float32(nan), 'trace_sample': array([], shape=(6, 1000, 0, 3), dtype=float32)}
[optimize] iteration 1
info: {'qpos_dist_max': np.float32(nan), 'qpos_dist_min': np.float32(nan), 'qpos_dist_median': np.float32(nan), 'qpos_dist_mean': np.float32(nan), 'qvel_dist_max': np.float32(nan), 'qvel_dist_min': np.float32(nan), 'qvel_dist_median': np.float32(nan), 'qvel_dist_mean': np.float32(nan), 'qpos_rew_max': np.float32(nan), 'qpos_rew_min': np.float32(nan), 'qpos_rew_median': np.float32(nan), 'qpos_rew_mean': np.float32(nan), 'qvel_rew_max': np.float32(nan), 'qvel_rew_min': np.float32(nan), 'qvel_rew_median': np.float32(nan), 'qvel_rew_mean': np.float32(nan), 'improvement': np.float32(nan), 'rew_max': np.float32(nan), 'rew_min': np.float32(nan), 'rew_median': np.float32(nan), 'rew_mean': np.float32(nan), 'trace_sample': array([], shape=(6, 1000, 0, 3), dtype=float32)}
[optimize] iteration 2
info: {'qpos_dist_max': np.float32(nan), 'qpos_dist_min': np.float32(nan), 'qpos_dist_median': np.float32(nan), 'qpos_dist_mean': np.float32(nan), 'qvel_dist_max': np.float32(nan), 'qvel_dist_min': np.float32(nan), 'qvel_dist_median': np.float32(nan), 'qvel_dist_mean': np.float32(nan), 'qpos_rew_max': np.float32(nan), 'qpos_rew_min': np.float32(nan), 'qpos_rew_median': np.float32(nan), 'qpos_rew_mean': np.float32(nan), 'qvel_rew_max': np.float32(nan), 'qvel_rew_min': np.float32(nan), 'qvel_rew_median': np.float32(nan), 'qvel_rew_mean': np.float32(nan), 'improvement': np.float32(nan), 'rew_max': np.float32(nan), 'rew_min': np.float32(nan), 'rew_median': np.float32(nan), 'rew_mean': np.float32(nan), 'trace_sample': array([], shape=(6, 1000, 0, 3), dtype=float32)}
[optimize] iteration 3
info: {'qpos_dist_max': np.float32(nan), 'qpos_dist_min': np.float32(nan), 'qpos_dist_median': np.float32(nan), 'qpos_dist_mean': np.float32(nan), 'qvel_dist_max': np.float32(nan), 'qvel_dist_min': np.float32(nan), 'qvel_dist_median': np.float32(nan), 'qvel_dist_mean': np.float32(nan), 'qpos_rew_max': np.float32(nan), 'qpos_rew_min': np.float32(nan), 'qpos_rew_median': np.float32(nan), 'qpos_rew_mean': np.float32(nan), 'qvel_rew_max': np.float32(nan), 'qvel_rew_min': np.float32(nan), 'qvel_rew_median': np.float32(nan), 'qvel_rew_mean': np.float32(nan), 'improvement': np.float32(nan), 'rew_max': np.float32(nan), 'rew_min': np.float32(nan), 'rew_median': np.float32(nan), 'rew_mean': np.float32(nan), 'trace_sample': array([], shape=(6, 1000, 0, 3), dtype=float32)}
[optimize] iteration 4
info: {'qpos_dist_max': np.float32(nan), 'qpos_dist_min': np.float32(nan), 'qpos_dist_median': np.float32(nan), 'qpos_dist_mean': np.float32(nan), 'qvel_dist_max': np.float32(nan), 'qvel_dist_min': np.float32(nan), 'qvel_dist_median': np.float32(nan), 'qvel_dist_mean': np.float32(nan), 'qpos_rew_max': np.float32(nan), 'qpos_rew_min': np.float32(nan), 'qpos_rew_median': np.float32(nan), 'qpos_rew_mean': np.float32(nan), 'qvel_rew_max': np.float32(nan), 'qvel_rew_min': np.float32(nan), 'qvel_rew_median': np.float32(nan), 'qvel_rew_mean': np.float32(nan), 'improvement': np.float32(nan), 'rew_max': np.float32(nan), 'rew_min': np.float32(nan), 'rew_median': np.float32(nan), 'rew_mean': np.float32(nan), 'trace_sample': array([], shape=(6, 1000, 0, 3), dtype=float32)}
[optimize] iteration 5
info: {'qpos_dist_max': np.float32(nan), 'qpos_dist_min': np.float32(nan), 'qpos_dist_median': np.float32(nan), 'qpos_dist_mean': np.float32(nan), 'qvel_dist_max': np.float32(nan), 'qvel_dist_min': np.float32(nan), 'qvel_dist_median': np.float32(nan), 'qvel_dist_mean': np.float32(nan), 'qpos_rew_max': np.float32(nan), 'qpos_rew_min': np.float32(nan), 'qpos_rew_median': np.float32(nan), 'qpos_rew_mean': np.float32(nan), 'qvel_rew_max': np.float32(nan), 'qvel_rew_min': np.float32(nan), 'qvel_rew_median': np.float32(nan), 'qvel_rew_mean': np.float32(nan), 'improvement': np.float32(nan), 'rew_max': np.float32(nan), 'rew_min': np.float32(nan), 'rew_median': np.float32(nan), 'rew_mean': np.float32(nan), 'trace_sample': array([], shape=(6, 1000, 0, 3), dtype=float32)}
[optimize] iteration 6
info: {'qpos_dist_max': np.float32(nan), 'qpos_dist_min': np.float32(nan), 'qpos_dist_median': np.float32(nan), 'qpos_dist_mean': np.float32(nan), 'qvel_dist_max': np.float32(nan), 'qvel_dist_min': np.float32(nan), 'qvel_dist_median': np.float32(nan), 'qvel_dist_mean': np.float32(nan), 'qpos_rew_max': np.float32(nan), 'qpos_rew_min': np.float32(nan), 'qpos_rew_median': np.float32(nan), 'qpos_rew_mean': np.float32(nan), 'qvel_rew_max': np.float32(nan), 'qvel_rew_min': np.float32(nan), 'qvel_rew_median': np.float32(nan), 'qvel_rew_mean': np.float32(nan), 'improvement': np.float32(nan), 'rew_max': np.float32(nan), 'rew_min': np.float32(nan), 'rew_median': np.float32(nan), 'rew_mean': np.float32(nan), 'trace_sample': array([], shape=(6, 1000, 0, 3), dtype=float32)}
[optimize] iteration 7
info: {'qpos_dist_max': np.float32(nan), 'qpos_dist_min': np.float32(nan), 'qpos_dist_median': np.float32(nan), 'qpos_dist_mean': np.float32(nan), 'qvel_dist_max': np.float32(nan), 'qvel_dist_min': np.float32(nan), 'qvel_dist_median': np.float32(nan), 'qvel_dist_mean': np.float32(nan), 'qpos_rew_max': np.float32(nan), 'qpos_rew_min': np.float32(nan), 'qpos_rew_median': np.float32(nan), 'qpos_rew_mean': np.float32(nan), 'qvel_rew_max': np.float32(nan), 'qvel_rew_min': np.float32(nan), 'qvel_rew_median': np.float32(nan), 'qvel_rew_mean': np.float32(nan), 'improvement': np.float32(nan), 'rew_max': np.float32(nan), 'rew_min': np.float32(nan), 'rew_median': np.float32(nan), 'rew_mean': np.float32(nan), 'trace_sample': array([], shape=(6, 1000, 0, 3), dtype=float32)}
Finished optimizing
Realtime rate: 0.00, plan time: 234.2793s, sim_steps: 200/1570, opt_steps: 8[optimize] iteration 0
info: {'qpos_dist_max': np.float32(nan), 'qpos_dist_min': np.float32(nan), 'qpos_dist_median': np.float32(nan), 'qpos_dist_mean': np.float32(nan), 'qvel_dist_max': np.float32(nan), 'qvel_dist_min': np.float32(nan), 'qvel_dist_median': np.float32(nan), 'qvel_dist_mean': np.float32(nan), 'qpos_rew_max': np.float32(nan), 'qpos_rew_min': np.float32(nan), 'qpos_rew_median': np.float32(nan), 'qpos_rew_mean': np.float32(nan), 'qvel_rew_max': np.float32(nan), 'qvel_rew_min': np.float32(nan), 'qvel_rew_median': np.float32(nan), 'qvel_rew_mean': np.float32(nan), 'improvement': np.float32(nan), 'rew_max': np.float32(nan), 'rew_min': np.float32(nan), 'rew_median': np.float32(nan), 'rew_mean': np.float32(nan), 'trace_sample': array([], shape=(6, 1000, 0, 3), dtype=float32)}
[optimize] iteration 1
info: {'qpos_dist_max': np.float32(nan), 'qpos_dist_min': np.float32(nan), 'qpos_dist_median': np.float32(nan), 'qpos_dist_mean': np.float32(nan), 'qvel_dist_max': np.float32(nan), 'qvel_dist_min': np.float32(nan), 'qvel_dist_median': np.float32(nan), 'qvel_dist_mean': np.float32(nan), 'qpos_rew_max': np.float32(nan), 'qpos_rew_min': np.float32(nan), 'qpos_rew_median': np.float32(nan), 'qpos_rew_mean': np.float32(nan), 'qvel_rew_max': np.float32(nan), 'qvel_rew_min': np.float32(nan), 'qvel_rew_median': np.float32(nan), 'qvel_rew_mean': np.float32(nan), 'improvement': np.float32(nan), 'rew_max': np.float32(nan), 'rew_min': np.float32(nan), 'rew_median': np.float32(nan), 'rew_mean': np.float32(nan), 'trace_sample': array([], shape=(6, 1000, 0, 3), dtype=float32)}
[optimize] iteration 2
info: {'qpos_dist_max': np.float32(nan), 'qpos_dist_min': np.float32(nan), 'qpos_dist_median': np.float32(nan), 'qpos_dist_mean': np.float32(nan), 'qvel_dist_max': np.float32(nan), 'qvel_dist_min': np.float32(nan), 'qvel_dist_median': np.float32(nan), 'qvel_dist_mean': np.float32(nan), 'qpos_rew_max': np.float32(nan), 'qpos_rew_min': np.float32(nan), 'qpos_rew_median': np.float32(nan), 'qpos_rew_mean': np.float32(nan), 'qvel_rew_max': np.float32(nan), 'qvel_rew_min': np.float32(nan), 'qvel_rew_median': np.float32(nan), 'qvel_rew_mean': np.float32(nan), 'improvement': np.float32(nan), 'rew_max': np.float32(nan), 'rew_min': np.float32(nan), 'rew_median': np.float32(nan), 'rew_mean': np.float32(nan), 'trace_sample': array([], shape=(6, 1000, 0, 3), dtype=float32)}
[optimize] iteration 3
info: {'qpos_dist_max': np.float32(nan), 'qpos_dist_min': np.float32(nan), 'qpos_dist_median': np.float32(nan), 'qpos_dist_mean': np.float32(nan), 'qvel_dist_max': np.float32(nan), 'qvel_dist_min': np.float32(nan), 'qvel_dist_median': np.float32(nan), 'qvel_dist_mean': np.float32(nan), 'qpos_rew_max': np.float32(nan), 'qpos_rew_min': np.float32(nan), 'qpos_rew_median': np.float32(nan), 'qpos_rew_mean': np.float32(nan), 'qvel_rew_max': np.float32(nan), 'qvel_rew_min': np.float32(nan), 'qvel_rew_median': np.float32(nan), 'qvel_rew_mean': np.float32(nan), 'improvement': np.float32(nan), 'rew_max': np.float32(nan), 'rew_min': np.float32(nan), 'rew_median': np.float32(nan), 'rew_mean': np.float32(nan), 'trace_sample': array([], shape=(6, 1000, 0, 3), dtype=float32)}
[optimize] iteration 4
info: {'qpos_dist_max': np.float32(nan), 'qpos_dist_min': np.float32(nan), 'qpos_dist_median': np.float32(nan), 'qpos_dist_mean': np.float32(nan), 'qvel_dist_max': np.float32(nan), 'qvel_dist_min': np.float32(nan), 'qvel_dist_median': np.float32(nan), 'qvel_dist_mean': np.float32(nan), 'qpos_rew_max': np.float32(nan), 'qpos_rew_min': np.float32(nan), 'qpos_rew_median': np.float32(nan), 'qpos_rew_mean': np.float32(nan), 'qvel_rew_max': np.float32(nan), 'qvel_rew_min': np.float32(nan), 'qvel_rew_median': np.float32(nan), 'qvel_rew_mean': np.float32(nan), 'improvement': np.float32(nan), 'rew_max': np.float32(nan), 'rew_min': np.float32(nan), 'rew_median': np.float32(nan), 'rew_mean': np.float32(nan), 'trace_sample': array([], shape=(6, 1000, 0, 3), dtype=float32)}
[optimize] iteration 5
info: {'qpos_dist_max': np.float32(nan), 'qpos_dist_min': np.float32(nan), 'qpos_dist_median': np.float32(nan), 'qpos_dist_mean': np.float32(nan), 'qvel_dist_max': np.float32(nan), 'qvel_dist_min': np.float32(nan), 'qvel_dist_median': np.float32(nan), 'qvel_dist_mean': np.float32(nan), 'qpos_rew_max': np.float32(nan), 'qpos_rew_min': np.float32(nan), 'qpos_rew_median': np.float32(nan), 'qpos_rew_mean': np.float32(nan), 'qvel_rew_max': np.float32(nan), 'qvel_rew_min': np.float32(nan), 'qvel_rew_median': np.float32(nan), 'qvel_rew_mean': np.float32(nan), 'improvement': np.float32(nan), 'rew_max': np.float32(nan), 'rew_min': np.float32(nan), 'rew_median': np.float32(nan), 'rew_mean': np.float32(nan), 'trace_sample': array([], shape=(6, 1000, 0, 3), dtype=float32)}
[optimize] iteration 6
info: {'qpos_dist_max': np.float32(nan), 'qpos_dist_min': np.float32(nan), 'qpos_dist_median': np.float32(nan), 'qpos_dist_mean': np.float32(nan), 'qvel_dist_max': np.float32(nan), 'qvel_dist_min': np.float32(nan), 'qvel_dist_median': np.float32(nan), 'qvel_dist_mean': np.float32(nan), 'qpos_rew_max': np.float32(nan), 'qpos_rew_min': np.float32(nan), 'qpos_rew_median': np.float32(nan), 'qpos_rew_mean': np.float32(nan), 'qvel_rew_max': np.float32(nan), 'qvel_rew_min': np.float32(nan), 'qvel_rew_median': np.float32(nan), 'qvel_rew_mean': np.float32(nan), 'improvement': np.float32(nan), 'rew_max': np.float32(nan), 'rew_min': np.float32(nan), 'rew_median': np.float32(nan), 'rew_mean': np.float32(nan), 'trace_sample': array([], shape=(6, 1000, 0, 3), dtype=float32)}
[optimize] iteration 7
info: {'qpos_dist_max': np.float32(nan), 'qpos_dist_min': np.float32(nan), 'qpos_dist_median': np.float32(nan), 'qpos_dist_mean': np.float32(nan), 'qvel_dist_max': np.float32(nan), 'qvel_dist_min': np.float32(nan), 'qvel_dist_median': np.float32(nan), 'qvel_dist_mean': np.float32(nan), 'qpos_rew_max': np.float32(nan), 'qpos_rew_min': np.float32(nan), 'qpos_rew_median': np.float32(nan), 'qpos_rew_mean': np.float32(nan), 'qvel_rew_max': np.float32(nan), 'qvel_rew_min': np.float32(nan), 'qvel_rew_median': np.float32(nan), 'qvel_rew_mean': np.float32(nan), 'improvement': np.float32(nan), 'rew_max': np.float32(nan), 'rew_min': np.float32(nan), 'rew_median': np.float32(nan), 'rew_mean': np.float32(nan), 'trace_sample': array([], shape=(6, 1000, 0, 3), dtype=float32)}
Finished optimizing
Realtime rate: 0.00, plan time: 213.6251s, sim_steps: 400/1570, opt_steps: 8[optimize] iteration 0
info: {'qpos_dist_max': np.float32(nan), 'qpos_dist_min': np.float32(nan), 'qpos_dist_median': np.float32(nan), 'qpos_dist_mean': np.float32(nan), 'qvel_dist_max': np.float32(nan), 'qvel_dist_min': np.float32(nan), 'qvel_dist_median': np.float32(nan), 'qvel_dist_mean': np.float32(nan), 'qpos_rew_max': np.float32(nan), 'qpos_rew_min': np.float32(nan), 'qpos_rew_median': np.float32(nan), 'qpos_rew_mean': np.float32(nan), 'qvel_rew_max': np.float32(nan), 'qvel_rew_min': np.float32(nan), 'qvel_rew_median': np.float32(nan), 'qvel_rew_mean': np.float32(nan), 'improvement': np.float32(nan), 'rew_max': np.float32(nan), 'rew_min': np.float32(nan), 'rew_median': np.float32(nan), 'rew_mean': np.float32(nan), 'trace_sample': array([], shape=(6, 1000, 0, 3), dtype=float32)}
[optimize] iteration 1
info: {'qpos_dist_max': np.float32(nan), 'qpos_dist_min': np.float32(nan), 'qpos_dist_median': np.float32(nan), 'qpos_dist_mean': np.float32(nan), 'qvel_dist_max': np.float32(nan), 'qvel_dist_min': np.float32(nan), 'qvel_dist_median': np.float32(nan), 'qvel_dist_mean': np.float32(nan), 'qpos_rew_max': np.float32(nan), 'qpos_rew_min': np.float32(nan), 'qpos_rew_median': np.float32(nan), 'qpos_rew_mean': np.float32(nan), 'qvel_rew_max': np.float32(nan), 'qvel_rew_min': np.float32(nan), 'qvel_rew_median': np.float32(nan), 'qvel_rew_mean': np.float32(nan), 'improvement': np.float32(nan), 'rew_max': np.float32(nan), 'rew_min': np.float32(nan), 'rew_median': np.float32(nan), 'rew_mean': np.float32(nan), 'trace_sample': array([], shape=(6, 1000, 0, 3), dtype=float32)}
[optimize] iteration 2
info: {'qpos_dist_max': np.float32(nan), 'qpos_dist_min': np.float32(nan), 'qpos_dist_median': np.float32(nan), 'qpos_dist_mean': np.float32(nan), 'qvel_dist_max': np.float32(nan), 'qvel_dist_min': np.float32(nan), 'qvel_dist_median': np.float32(nan), 'qvel_dist_mean': np.float32(nan), 'qpos_rew_max': np.float32(nan), 'qpos_rew_min': np.float32(nan), 'qpos_rew_median': np.float32(nan), 'qpos_rew_mean': np.float32(nan), 'qvel_rew_max': np.float32(nan), 'qvel_rew_min': np.float32(nan), 'qvel_rew_median': np.float32(nan), 'qvel_rew_mean': np.float32(nan), 'improvement': np.float32(nan), 'rew_max': np.float32(nan), 'rew_min': np.float32(nan), 'rew_median': np.float32(nan), 'rew_mean': np.float32(nan), 'trace_sample': array([], shape=(6, 1000, 0, 3), dtype=float32)}
[optimize] iteration 3
info: {'qpos_dist_max': np.float32(nan), 'qpos_dist_min': np.float32(nan), 'qpos_dist_median': np.float32(nan), 'qpos_dist_mean': np.float32(nan), 'qvel_dist_max': np.float32(nan), 'qvel_dist_min': np.float32(nan), 'qvel_dist_median': np.float32(nan), 'qvel_dist_mean': np.float32(nan), 'qpos_rew_max': np.float32(nan), 'qpos_rew_min': np.float32(nan), 'qpos_rew_median': np.float32(nan), 'qpos_rew_mean': np.float32(nan), 'qvel_rew_max': np.float32(nan), 'qvel_rew_min': np.float32(nan), 'qvel_rew_median': np.float32(nan), 'qvel_rew_mean': np.float32(nan), 'improvement': np.float32(nan), 'rew_max': np.float32(nan), 'rew_min': np.float32(nan), 'rew_median': np.float32(nan), 'rew_mean': np.float32(nan), 'trace_sample': array([], shape=(6, 1000, 0, 3), dtype=float32)}
[optimize] iteration 4
info: {'qpos_dist_max': np.float32(nan), 'qpos_dist_min': np.float32(nan), 'qpos_dist_median': np.float32(nan), 'qpos_dist_mean': np.float32(nan), 'qvel_dist_max': np.float32(nan), 'qvel_dist_min': np.float32(nan), 'qvel_dist_median': np.float32(nan), 'qvel_dist_mean': np.float32(nan), 'qpos_rew_max': np.float32(nan), 'qpos_rew_min': np.float32(nan), 'qpos_rew_median': np.float32(nan), 'qpos_rew_mean': np.float32(nan), 'qvel_rew_max': np.float32(nan), 'qvel_rew_min': np.float32(nan), 'qvel_rew_median': np.float32(nan), 'qvel_rew_mean': np.float32(nan), 'improvement': np.float32(nan), 'rew_max': np.float32(nan), 'rew_min': np.float32(nan), 'rew_median': np.float32(nan), 'rew_mean': np.float32(nan), 'trace_sample': array([], shape=(6, 1000, 0, 3), dtype=float32)}
[optimize] iteration 5
info: {'qpos_dist_max': np.float32(nan), 'qpos_dist_min': np.float32(nan), 'qpos_dist_median': np.float32(nan), 'qpos_dist_mean': np.float32(nan), 'qvel_dist_max': np.float32(nan), 'qvel_dist_min': np.float32(nan), 'qvel_dist_median': np.float32(nan), 'qvel_dist_mean': np.float32(nan), 'qpos_rew_max': np.float32(nan), 'qpos_rew_min': np.float32(nan), 'qpos_rew_median': np.float32(nan), 'qpos_rew_mean': np.float32(nan), 'qvel_rew_max': np.float32(nan), 'qvel_rew_min': np.float32(nan), 'qvel_rew_median': np.float32(nan), 'qvel_rew_mean': np.float32(nan), 'improvement': np.float32(nan), 'rew_max': np.float32(nan), 'rew_min': np.float32(nan), 'rew_median': np.float32(nan), 'rew_mean': np.float32(nan), 'trace_sample': array([], shape=(6, 1000, 0, 3), dtype=float32)}
[optimize] iteration 6
info: {'qpos_dist_max': np.float32(nan), 'qpos_dist_min': np.float32(nan), 'qpos_dist_median': np.float32(nan), 'qpos_dist_mean': np.float32(nan), 'qvel_dist_max': np.float32(nan), 'qvel_dist_min': np.float32(nan), 'qvel_dist_median': np.float32(nan), 'qvel_dist_mean': np.float32(nan), 'qpos_rew_max': np.float32(nan), 'qpos_rew_min': np.float32(nan), 'qpos_rew_median': np.float32(nan), 'qpos_rew_mean': np.float32(nan), 'qvel_rew_max': np.float32(nan), 'qvel_rew_min': np.float32(nan), 'qvel_rew_median': np.float32(nan), 'qvel_rew_mean': np.float32(nan), 'improvement': np.float32(nan), 'rew_max': np.float32(nan), 'rew_min': np.float32(nan), 'rew_median': np.float32(nan), 'rew_mean': np.float32(nan), 'trace_sample': array([], shape=(6, 1000, 0, 3), dtype=float32)}
[optimize] iteration 7
info: {'qpos_dist_max': np.float32(nan), 'qpos_dist_min': np.float32(nan), 'qpos_dist_median': np.float32(nan), 'qpos_dist_mean': np.float32(nan), 'qvel_dist_max': np.float32(nan), 'qvel_dist_min': np.float32(nan), 'qvel_dist_median': np.float32(nan), 'qvel_dist_mean': np.float32(nan), 'qpos_rew_max': np.float32(nan), 'qpos_rew_min': np.float32(nan), 'qpos_rew_median': np.float32(nan), 'qpos_rew_mean': np.float32(nan), 'qvel_rew_max': np.float32(nan), 'qvel_rew_min': np.float32(nan), 'qvel_rew_median': np.float32(nan), 'qvel_rew_mean': np.float32(nan), 'improvement': np.float32(nan), 'rew_max': np.float32(nan), 'rew_min': np.float32(nan), 'rew_median': np.float32(nan), 'rew_mean': np.float32(nan), 'trace_sample': array([], shape=(6, 1000, 0, 3), dtype=float32)}
Finished optimizing
Realtime rate: 0.00, plan time: 200.6623s, sim_steps: 600/1570, opt_steps: 8[optimize] iteration 0
info: {'qpos_dist_max': np.float32(nan), 'qpos_dist_min': np.float32(nan), 'qpos_dist_median': np.float32(nan), 'qpos_dist_mean': np.float32(nan), 'qvel_dist_max': np.float32(nan), 'qvel_dist_min': np.float32(nan), 'qvel_dist_median': np.float32(nan), 'qvel_dist_mean': np.float32(nan), 'qpos_rew_max': np.float32(nan), 'qpos_rew_min': np.float32(nan), 'qpos_rew_median': np.float32(nan), 'qpos_rew_mean': np.float32(nan), 'qvel_rew_max': np.float32(nan), 'qvel_rew_min': np.float32(nan), 'qvel_rew_median': np.float32(nan), 'qvel_rew_mean': np.float32(nan), 'improvement': np.float32(nan), 'rew_max': np.float32(nan), 'rew_min': np.float32(nan), 'rew_median': np.float32(nan), 'rew_mean': np.float32(nan), 'trace_sample': array([], shape=(6, 1000, 0, 3), dtype=float32)}
[optimize] iteration 1
info: {'qpos_dist_max': np.float32(nan), 'qpos_dist_min': np.float32(nan), 'qpos_dist_median': np.float32(nan), 'qpos_dist_mean': np.float32(nan), 'qvel_dist_max': np.float32(nan), 'qvel_dist_min': np.float32(nan), 'qvel_dist_median': np.float32(nan), 'qvel_dist_mean': np.float32(nan), 'qpos_rew_max': np.float32(nan), 'qpos_rew_min': np.float32(nan), 'qpos_rew_median': np.float32(nan), 'qpos_rew_mean': np.float32(nan), 'qvel_rew_max': np.float32(nan), 'qvel_rew_min': np.float32(nan), 'qvel_rew_median': np.float32(nan), 'qvel_rew_mean': np.float32(nan), 'improvement': np.float32(nan), 'rew_max': np.float32(nan), 'rew_min': np.float32(nan), 'rew_median': np.float32(nan), 'rew_mean': np.float32(nan), 'trace_sample': array([], shape=(6, 1000, 0, 3), dtype=float32)}
[optimize] iteration 2
info: {'qpos_dist_max': np.float32(nan), 'qpos_dist_min': np.float32(nan), 'qpos_dist_median': np.float32(nan), 'qpos_dist_mean': np.float32(nan), 'qvel_dist_max': np.float32(nan), 'qvel_dist_min': np.float32(nan), 'qvel_dist_median': np.float32(nan), 'qvel_dist_mean': np.float32(nan), 'qpos_rew_max': np.float32(nan), 'qpos_rew_min': np.float32(nan), 'qpos_rew_median': np.float32(nan), 'qpos_rew_mean': np.float32(nan), 'qvel_rew_max': np.float32(nan), 'qvel_rew_min': np.float32(nan), 'qvel_rew_median': np.float32(nan), 'qvel_rew_mean': np.float32(nan), 'improvement': np.float32(nan), 'rew_max': np.float32(nan), 'rew_min': np.float32(nan), 'rew_median': np.float32(nan), 'rew_mean': np.float32(nan), 'trace_sample': array([], shape=(6, 1000, 0, 3), dtype=float32)}
[optimize] iteration 3
info: {'qpos_dist_max': np.float32(nan), 'qpos_dist_min': np.float32(nan), 'qpos_dist_median': np.float32(nan), 'qpos_dist_mean': np.float32(nan), 'qvel_dist_max': np.float32(nan), 'qvel_dist_min': np.float32(nan), 'qvel_dist_median': np.float32(nan), 'qvel_dist_mean': np.float32(nan), 'qpos_rew_max': np.float32(nan), 'qpos_rew_min': np.float32(nan), 'qpos_rew_median': np.float32(nan), 'qpos_rew_mean': np.float32(nan), 'qvel_rew_max': np.float32(nan), 'qvel_rew_min': np.float32(nan), 'qvel_rew_median': np.float32(nan), 'qvel_rew_mean': np.float32(nan), 'improvement': np.float32(nan), 'rew_max': np.float32(nan), 'rew_min': np.float32(nan), 'rew_median': np.float32(nan), 'rew_mean': np.float32(nan), 'trace_sample': array([], shape=(6, 1000, 0, 3), dtype=float32)}
[optimize] iteration 4
info: {'qpos_dist_max': np.float32(nan), 'qpos_dist_min': np.float32(nan), 'qpos_dist_median': np.float32(nan), 'qpos_dist_mean': np.float32(nan), 'qvel_dist_max': np.float32(nan), 'qvel_dist_min': np.float32(nan), 'qvel_dist_median': np.float32(nan), 'qvel_dist_mean': np.float32(nan), 'qpos_rew_max': np.float32(nan), 'qpos_rew_min': np.float32(nan), 'qpos_rew_median': np.float32(nan), 'qpos_rew_mean': np.float32(nan), 'qvel_rew_max': np.float32(nan), 'qvel_rew_min': np.float32(nan), 'qvel_rew_median': np.float32(nan), 'qvel_rew_mean': np.float32(nan), 'improvement': np.float32(nan), 'rew_max': np.float32(nan), 'rew_min': np.float32(nan), 'rew_median': np.float32(nan), 'rew_mean': np.float32(nan), 'trace_sample': array([], shape=(6, 1000, 0, 3), dtype=float32)}
[optimize] iteration 5
info: {'qpos_dist_max': np.float32(nan), 'qpos_dist_min': np.float32(nan), 'qpos_dist_median': np.float32(nan), 'qpos_dist_mean': np.float32(nan), 'qvel_dist_max': np.float32(nan), 'qvel_dist_min': np.float32(nan), 'qvel_dist_median': np.float32(nan), 'qvel_dist_mean': np.float32(nan), 'qpos_rew_max': np.float32(nan), 'qpos_rew_min': np.float32(nan), 'qpos_rew_median': np.float32(nan), 'qpos_rew_mean': np.float32(nan), 'qvel_rew_max': np.float32(nan), 'qvel_rew_min': np.float32(nan), 'qvel_rew_median': np.float32(nan), 'qvel_rew_mean': np.float32(nan), 'improvement': np.float32(nan), 'rew_max': np.float32(nan), 'rew_min': np.float32(nan), 'rew_median': np.float32(nan), 'rew_mean': np.float32(nan), 'trace_sample': array([], shape=(6, 1000, 0, 3), dtype=float32)}
[optimize] iteration 6
info: {'qpos_dist_max': np.float32(nan), 'qpos_dist_min': np.float32(nan), 'qpos_dist_median': np.float32(nan), 'qpos_dist_mean': np.float32(nan), 'qvel_dist_max': np.float32(nan), 'qvel_dist_min': np.float32(nan), 'qvel_dist_median': np.float32(nan), 'qvel_dist_mean': np.float32(nan), 'qpos_rew_max': np.float32(nan), 'qpos_rew_min': np.float32(nan), 'qpos_rew_median': np.float32(nan), 'qpos_rew_mean': np.float32(nan), 'qvel_rew_max': np.float32(nan), 'qvel_rew_min': np.float32(nan), 'qvel_rew_median': np.float32(nan), 'qvel_rew_mean': np.float32(nan), 'improvement': np.float32(nan), 'rew_max': np.float32(nan), 'rew_min': np.float32(nan), 'rew_median': np.float32(nan), 'rew_mean': np.float32(nan), 'trace_sample': array([], shape=(6, 1000, 0, 3), dtype=float32)}
[optimize] iteration 7
info: {'qpos_dist_max': np.float32(nan), 'qpos_dist_min': np.float32(nan), 'qpos_dist_median': np.float32(nan), 'qpos_dist_mean': np.float32(nan), 'qvel_dist_max': np.float32(nan), 'qvel_dist_min': np.float32(nan), 'qvel_dist_median': np.float32(nan), 'qvel_dist_mean': np.float32(nan), 'qpos_rew_max': np.float32(nan), 'qpos_rew_min': np.float32(nan), 'qpos_rew_median': np.float32(nan), 'qpos_rew_mean': np.float32(nan), 'qvel_rew_max': np.float32(nan), 'qvel_rew_min': np.float32(nan), 'qvel_rew_median': np.float32(nan), 'qvel_rew_mean': np.float32(nan), 'improvement': np.float32(nan), 'rew_max': np.float32(nan), 'rew_min': np.float32(nan), 'rew_median': np.float32(nan), 'rew_mean': np.float32(nan), 'trace_sample': array([], shape=(6, 1000, 0, 3), dtype=float32)}
Finished optimizing
Realtime rate: 0.00, plan time: 147.9785s, sim_steps: 800/1570, opt_steps: 8[optimize] iteration 0
info: {'qpos_dist_max': np.float32(nan), 'qpos_dist_min': np.float32(nan), 'qpos_dist_median': np.float32(nan), 'qpos_dist_mean': np.float32(nan), 'qvel_dist_max': np.float32(nan), 'qvel_dist_min': np.float32(nan), 'qvel_dist_median': np.float32(nan), 'qvel_dist_mean': np.float32(nan), 'qpos_rew_max': np.float32(nan), 'qpos_rew_min': np.float32(nan), 'qpos_rew_median': np.float32(nan), 'qpos_rew_mean': np.float32(nan), 'qvel_rew_max': np.float32(nan), 'qvel_rew_min': np.float32(nan), 'qvel_rew_median': np.float32(nan), 'qvel_rew_mean': np.float32(nan), 'improvement': np.float32(nan), 'rew_max': np.float32(nan), 'rew_min': np.float32(nan), 'rew_median': np.float32(nan), 'rew_mean': np.float32(nan), 'trace_sample': array([], shape=(6, 1000, 0, 3), dtype=float32)}
[optimize] iteration 1
info: {'qpos_dist_max': np.float32(nan), 'qpos_dist_min': np.float32(nan), 'qpos_dist_median': np.float32(nan), 'qpos_dist_mean': np.float32(nan), 'qvel_dist_max': np.float32(nan), 'qvel_dist_min': np.float32(nan), 'qvel_dist_median': np.float32(nan), 'qvel_dist_mean': np.float32(nan), 'qpos_rew_max': np.float32(nan), 'qpos_rew_min': np.float32(nan), 'qpos_rew_median': np.float32(nan), 'qpos_rew_mean': np.float32(nan), 'qvel_rew_max': np.float32(nan), 'qvel_rew_min': np.float32(nan), 'qvel_rew_median': np.float32(nan), 'qvel_rew_mean': np.float32(nan), 'improvement': np.float32(nan), 'rew_max': np.float32(nan), 'rew_min': np.float32(nan), 'rew_median': np.float32(nan), 'rew_mean': np.float32(nan), 'trace_sample': array([], shape=(6, 1000, 0, 3), dtype=float32)}
[optimize] iteration 2
info: {'qpos_dist_max': np.float32(nan), 'qpos_dist_min': np.float32(nan), 'qpos_dist_median': np.float32(nan), 'qpos_dist_mean': np.float32(nan), 'qvel_dist_max': np.float32(nan), 'qvel_dist_min': np.float32(nan), 'qvel_dist_median': np.float32(nan), 'qvel_dist_mean': np.float32(nan), 'qpos_rew_max': np.float32(nan), 'qpos_rew_min': np.float32(nan), 'qpos_rew_median': np.float32(nan), 'qpos_rew_mean': np.float32(nan), 'qvel_rew_max': np.float32(nan), 'qvel_rew_min': np.float32(nan), 'qvel_rew_median': np.float32(nan), 'qvel_rew_mean': np.float32(nan), 'improvement': np.float32(nan), 'rew_max': np.float32(nan), 'rew_min': np.float32(nan), 'rew_median': np.float32(nan), 'rew_mean': np.float32(nan), 'trace_sample': array([], shape=(6, 1000, 0, 3), dtype=float32)}
[optimize] iteration 3
info: {'qpos_dist_max': np.float32(nan), 'qpos_dist_min': np.float32(nan), 'qpos_dist_median': np.float32(nan), 'qpos_dist_mean': np.float32(nan), 'qvel_dist_max': np.float32(nan), 'qvel_dist_min': np.float32(nan), 'qvel_dist_median': np.float32(nan), 'qvel_dist_mean': np.float32(nan), 'qpos_rew_max': np.float32(nan), 'qpos_rew_min': np.float32(nan), 'qpos_rew_median': np.float32(nan), 'qpos_rew_mean': np.float32(nan), 'qvel_rew_max': np.float32(nan), 'qvel_rew_min': np.float32(nan), 'qvel_rew_median': np.float32(nan), 'qvel_rew_mean': np.float32(nan), 'improvement': np.float32(nan), 'rew_max': np.float32(nan), 'rew_min': np.float32(nan), 'rew_median': np.float32(nan), 'rew_mean': np.float32(nan), 'trace_sample': array([], shape=(6, 1000, 0, 3), dtype=float32)}
[optimize] iteration 4
info: {'qpos_dist_max': np.float32(nan), 'qpos_dist_min': np.float32(nan), 'qpos_dist_median': np.float32(nan), 'qpos_dist_mean': np.float32(nan), 'qvel_dist_max': np.float32(nan), 'qvel_dist_min': np.float32(nan), 'qvel_dist_median': np.float32(nan), 'qvel_dist_mean': np.float32(nan), 'qpos_rew_max': np.float32(nan), 'qpos_rew_min': np.float32(nan), 'qpos_rew_median': np.float32(nan), 'qpos_rew_mean': np.float32(nan), 'qvel_rew_max': np.float32(nan), 'qvel_rew_min': np.float32(nan), 'qvel_rew_median': np.float32(nan), 'qvel_rew_mean': np.float32(nan), 'improvement': np.float32(nan), 'rew_max': np.float32(nan), 'rew_min': np.float32(nan), 'rew_median': np.float32(nan), 'rew_mean': np.float32(nan), 'trace_sample': array([], shape=(6, 1000, 0, 3), dtype=float32)}
[optimize] iteration 5
info: {'qpos_dist_max': np.float32(nan), 'qpos_dist_min': np.float32(nan), 'qpos_dist_median': np.float32(nan), 'qpos_dist_mean': np.float32(nan), 'qvel_dist_max': np.float32(nan), 'qvel_dist_min': np.float32(nan), 'qvel_dist_median': np.float32(nan), 'qvel_dist_mean': np.float32(nan), 'qpos_rew_max': np.float32(nan), 'qpos_rew_min': np.float32(nan), 'qpos_rew_median': np.float32(nan), 'qpos_rew_mean': np.float32(nan), 'qvel_rew_max': np.float32(nan), 'qvel_rew_min': np.float32(nan), 'qvel_rew_median': np.float32(nan), 'qvel_rew_mean': np.float32(nan), 'improvement': np.float32(nan), 'rew_max': np.float32(nan), 'rew_min': np.float32(nan), 'rew_median': np.float32(nan), 'rew_mean': np.float32(nan), 'trace_sample': array([], shape=(6, 1000, 0, 3), dtype=float32)}
[optimize] iteration 6
info: {'qpos_dist_max': np.float32(nan), 'qpos_dist_min': np.float32(nan), 'qpos_dist_median': np.float32(nan), 'qpos_dist_mean': np.float32(nan), 'qvel_dist_max': np.float32(nan), 'qvel_dist_min': np.float32(nan), 'qvel_dist_median': np.float32(nan), 'qvel_dist_mean': np.float32(nan), 'qpos_rew_max': np.float32(nan), 'qpos_rew_min': np.float32(nan), 'qpos_rew_median': np.float32(nan), 'qpos_rew_mean': np.float32(nan), 'qvel_rew_max': np.float32(nan), 'qvel_rew_min': np.float32(nan), 'qvel_rew_median': np.float32(nan), 'qvel_rew_mean': np.float32(nan), 'improvement': np.float32(nan), 'rew_max': np.float32(nan), 'rew_min': np.float32(nan), 'rew_median': np.float32(nan), 'rew_mean': np.float32(nan), 'trace_sample': array([], shape=(6, 1000, 0, 3), dtype=float32)}
[optimize] iteration 7
info: {'qpos_dist_max': np.float32(nan), 'qpos_dist_min': np.float32(nan), 'qpos_dist_median': np.float32(nan), 'qpos_dist_mean': np.float32(nan), 'qvel_dist_max': np.float32(nan), 'qvel_dist_min': np.float32(nan), 'qvel_dist_median': np.float32(nan), 'qvel_dist_mean': np.float32(nan), 'qpos_rew_max': np.float32(nan), 'qpos_rew_min': np.float32(nan), 'qpos_rew_median': np.float32(nan), 'qpos_rew_mean': np.float32(nan), 'qvel_rew_max': np.float32(nan), 'qvel_rew_min': np.float32(nan), 'qvel_rew_median': np.float32(nan), 'qvel_rew_mean': np.float32(nan), 'improvement': np.float32(nan), 'rew_max': np.float32(nan), 'rew_min': np.float32(nan), 'rew_median': np.float32(nan), 'rew_mean': np.float32(nan), 'trace_sample': array([], shape=(6, 1000, 0, 3), dtype=float32)}
Finished optimizing
Realtime rate: 0.00, plan time: 146.8689s, sim_steps: 1000/1570, opt_steps: 8[optimize] iteration 0
info: {'qpos_dist_max': np.float32(nan), 'qpos_dist_min': np.float32(nan), 'qpos_dist_median': np.float32(nan), 'qpos_dist_mean': np.float32(nan), 'qvel_dist_max': np.float32(nan), 'qvel_dist_min': np.float32(nan), 'qvel_dist_median': np.float32(nan), 'qvel_dist_mean': np.float32(nan), 'qpos_rew_max': np.float32(nan), 'qpos_rew_min': np.float32(nan), 'qpos_rew_median': np.float32(nan), 'qpos_rew_mean': np.float32(nan), 'qvel_rew_max': np.float32(nan), 'qvel_rew_min': np.float32(nan), 'qvel_rew_median': np.float32(nan), 'qvel_rew_mean': np.float32(nan), 'improvement': np.float32(nan), 'rew_max': np.float32(nan), 'rew_min': np.float32(nan), 'rew_median': np.float32(nan), 'rew_mean': np.float32(nan), 'trace_sample': array([], shape=(6, 1000, 0, 3), dtype=float32)}
[optimize] iteration 1
info: {'qpos_dist_max': np.float32(nan), 'qpos_dist_min': np.float32(nan), 'qpos_dist_median': np.float32(nan), 'qpos_dist_mean': np.float32(nan), 'qvel_dist_max': np.float32(nan), 'qvel_dist_min': np.float32(nan), 'qvel_dist_median': np.float32(nan), 'qvel_dist_mean': np.float32(nan), 'qpos_rew_max': np.float32(nan), 'qpos_rew_min': np.float32(nan), 'qpos_rew_median': np.float32(nan), 'qpos_rew_mean': np.float32(nan), 'qvel_rew_max': np.float32(nan), 'qvel_rew_min': np.float32(nan), 'qvel_rew_median': np.float32(nan), 'qvel_rew_mean': np.float32(nan), 'improvement': np.float32(nan), 'rew_max': np.float32(nan), 'rew_min': np.float32(nan), 'rew_median': np.float32(nan), 'rew_mean': np.float32(nan), 'trace_sample': array([], shape=(6, 1000, 0, 3), dtype=float32)}
[optimize] iteration 2
info: {'qpos_dist_max': np.float32(nan), 'qpos_dist_min': np.float32(nan), 'qpos_dist_median': np.float32(nan), 'qpos_dist_mean': np.float32(nan), 'qvel_dist_max': np.float32(nan), 'qvel_dist_min': np.float32(nan), 'qvel_dist_median': np.float32(nan), 'qvel_dist_mean': np.float32(nan), 'qpos_rew_max': np.float32(nan), 'qpos_rew_min': np.float32(nan), 'qpos_rew_median': np.float32(nan), 'qpos_rew_mean': np.float32(nan), 'qvel_rew_max': np.float32(nan), 'qvel_rew_min': np.float32(nan), 'qvel_rew_median': np.float32(nan), 'qvel_rew_mean': np.float32(nan), 'improvement': np.float32(nan), 'rew_max': np.float32(nan), 'rew_min': np.float32(nan), 'rew_median': np.float32(nan), 'rew_mean': np.float32(nan), 'trace_sample': array([], shape=(6, 1000, 0, 3), dtype=float32)}
[optimize] iteration 3
info: {'qpos_dist_max': np.float32(nan), 'qpos_dist_min': np.float32(nan), 'qpos_dist_median': np.float32(nan), 'qpos_dist_mean': np.float32(nan), 'qvel_dist_max': np.float32(nan), 'qvel_dist_min': np.float32(nan), 'qvel_dist_median': np.float32(nan), 'qvel_dist_mean': np.float32(nan), 'qpos_rew_max': np.float32(nan), 'qpos_rew_min': np.float32(nan), 'qpos_rew_median': np.float32(nan), 'qpos_rew_mean': np.float32(nan), 'qvel_rew_max': np.float32(nan), 'qvel_rew_min': np.float32(nan), 'qvel_rew_median': np.float32(nan), 'qvel_rew_mean': np.float32(nan), 'improvement': np.float32(nan), 'rew_max': np.float32(nan), 'rew_min': np.float32(nan), 'rew_median': np.float32(nan), 'rew_mean': np.float32(nan), 'trace_sample': array([], shape=(6, 1000, 0, 3), dtype=float32)}
[optimize] iteration 4
info: {'qpos_dist_max': np.float32(nan), 'qpos_dist_min': np.float32(nan), 'qpos_dist_median': np.float32(nan), 'qpos_dist_mean': np.float32(nan), 'qvel_dist_max': np.float32(nan), 'qvel_dist_min': np.float32(nan), 'qvel_dist_median': np.float32(nan), 'qvel_dist_mean': np.float32(nan), 'qpos_rew_max': np.float32(nan), 'qpos_rew_min': np.float32(nan), 'qpos_rew_median': np.float32(nan), 'qpos_rew_mean': np.float32(nan), 'qvel_rew_max': np.float32(nan), 'qvel_rew_min': np.float32(nan), 'qvel_rew_median': np.float32(nan), 'qvel_rew_mean': np.float32(nan), 'improvement': np.float32(nan), 'rew_max': np.float32(nan), 'rew_min': np.float32(nan), 'rew_median': np.float32(nan), 'rew_mean': np.float32(nan), 'trace_sample': array([], shape=(6, 1000, 0, 3), dtype=float32)}
[optimize] iteration 5
info: {'qpos_dist_max': np.float32(nan), 'qpos_dist_min': np.float32(nan), 'qpos_dist_median': np.float32(nan), 'qpos_dist_mean': np.float32(nan), 'qvel_dist_max': np.float32(nan), 'qvel_dist_min': np.float32(nan), 'qvel_dist_median': np.float32(nan), 'qvel_dist_mean': np.float32(nan), 'qpos_rew_max': np.float32(nan), 'qpos_rew_min': np.float32(nan), 'qpos_rew_median': np.float32(nan), 'qpos_rew_mean': np.float32(nan), 'qvel_rew_max': np.float32(nan), 'qvel_rew_min': np.float32(nan), 'qvel_rew_median': np.float32(nan), 'qvel_rew_mean': np.float32(nan), 'improvement': np.float32(nan), 'rew_max': np.float32(nan), 'rew_min': np.float32(nan), 'rew_median': np.float32(nan), 'rew_mean': np.float32(nan), 'trace_sample': array([], shape=(6, 1000, 0, 3), dtype=float32)}
[optimize] iteration 6
info: {'qpos_dist_max': np.float32(nan), 'qpos_dist_min': np.float32(nan), 'qpos_dist_median': np.float32(nan), 'qpos_dist_mean': np.float32(nan), 'qvel_dist_max': np.float32(nan), 'qvel_dist_min': np.float32(nan), 'qvel_dist_median': np.float32(nan), 'qvel_dist_mean': np.float32(nan), 'qpos_rew_max': np.float32(nan), 'qpos_rew_min': np.float32(nan), 'qpos_rew_median': np.float32(nan), 'qpos_rew_mean': np.float32(nan), 'qvel_rew_max': np.float32(nan), 'qvel_rew_min': np.float32(nan), 'qvel_rew_median': np.float32(nan), 'qvel_rew_mean': np.float32(nan), 'improvement': np.float32(nan), 'rew_max': np.float32(nan), 'rew_min': np.float32(nan), 'rew_median': np.float32(nan), 'rew_mean': np.float32(nan), 'trace_sample': array([], shape=(6, 1000, 0, 3), dtype=float32)}
[optimize] iteration 7
info: {'qpos_dist_max': np.float32(nan), 'qpos_dist_min': np.float32(nan), 'qpos_dist_median': np.float32(nan), 'qpos_dist_mean': np.float32(nan), 'qvel_dist_max': np.float32(nan), 'qvel_dist_min': np.float32(nan), 'qvel_dist_median': np.float32(nan), 'qvel_dist_mean': np.float32(nan), 'qpos_rew_max': np.float32(nan), 'qpos_rew_min': np.float32(nan), 'qpos_rew_median': np.float32(nan), 'qpos_rew_mean': np.float32(nan), 'qvel_rew_max': np.float32(nan), 'qvel_rew_min': np.float32(nan), 'qvel_rew_median': np.float32(nan), 'qvel_rew_mean': np.float32(nan), 'improvement': np.float32(nan), 'rew_max': np.float32(nan), 'rew_min': np.float32(nan), 'rew_median': np.float32(nan), 'rew_mean': np.float32(nan), 'trace_sample': array([], shape=(6, 1000, 0, 3), dtype=float32)}
Finished optimizing
Realtime rate: 0.00, plan time: 145.5995s, sim_steps: 1200/1570, opt_steps: 8[optimize] iteration 0
info: {'qpos_dist_max': np.float32(nan), 'qpos_dist_min': np.float32(nan), 'qpos_dist_median': np.float32(nan), 'qpos_dist_mean': np.float32(nan), 'qvel_dist_max': np.float32(nan), 'qvel_dist_min': np.float32(nan), 'qvel_dist_median': np.float32(nan), 'qvel_dist_mean': np.float32(nan), 'qpos_rew_max': np.float32(nan), 'qpos_rew_min': np.float32(nan), 'qpos_rew_median': np.float32(nan), 'qpos_rew_mean': np.float32(nan), 'qvel_rew_max': np.float32(nan), 'qvel_rew_min': np.float32(nan), 'qvel_rew_median': np.float32(nan), 'qvel_rew_mean': np.float32(nan), 'improvement': np.float32(nan), 'rew_max': np.float32(nan), 'rew_min': np.float32(nan), 'rew_median': np.float32(nan), 'rew_mean': np.float32(nan), 'trace_sample': array([], shape=(6, 1000, 0, 3), dtype=float32)}
[optimize] iteration 1
info: {'qpos_dist_max': np.float32(nan), 'qpos_dist_min': np.float32(nan), 'qpos_dist_median': np.float32(nan), 'qpos_dist_mean': np.float32(nan), 'qvel_dist_max': np.float32(nan), 'qvel_dist_min': np.float32(nan), 'qvel_dist_median': np.float32(nan), 'qvel_dist_mean': np.float32(nan), 'qpos_rew_max': np.float32(nan), 'qpos_rew_min': np.float32(nan), 'qpos_rew_median': np.float32(nan), 'qpos_rew_mean': np.float32(nan), 'qvel_rew_max': np.float32(nan), 'qvel_rew_min': np.float32(nan), 'qvel_rew_median': np.float32(nan), 'qvel_rew_mean': np.float32(nan), 'improvement': np.float32(nan), 'rew_max': np.float32(nan), 'rew_min': np.float32(nan), 'rew_median': np.float32(nan), 'rew_mean': np.float32(nan), 'trace_sample': array([], shape=(6, 1000, 0, 3), dtype=float32)}
[optimize] iteration 2
info: {'qpos_dist_max': np.float32(nan), 'qpos_dist_min': np.float32(nan), 'qpos_dist_median': np.float32(nan), 'qpos_dist_mean': np.float32(nan), 'qvel_dist_max': np.float32(nan), 'qvel_dist_min': np.float32(nan), 'qvel_dist_median': np.float32(nan), 'qvel_dist_mean': np.float32(nan), 'qpos_rew_max': np.float32(nan), 'qpos_rew_min': np.float32(nan), 'qpos_rew_median': np.float32(nan), 'qpos_rew_mean': np.float32(nan), 'qvel_rew_max': np.float32(nan), 'qvel_rew_min': np.float32(nan), 'qvel_rew_median': np.float32(nan), 'qvel_rew_mean': np.float32(nan), 'improvement': np.float32(nan), 'rew_max': np.float32(nan), 'rew_min': np.float32(nan), 'rew_median': np.float32(nan), 'rew_mean': np.float32(nan), 'trace_sample': array([], shape=(6, 1000, 0, 3), dtype=float32)}
[optimize] iteration 3
info: {'qpos_dist_max': np.float32(nan), 'qpos_dist_min': np.float32(nan), 'qpos_dist_median': np.float32(nan), 'qpos_dist_mean': np.float32(nan), 'qvel_dist_max': np.float32(nan), 'qvel_dist_min': np.float32(nan), 'qvel_dist_median': np.float32(nan), 'qvel_dist_mean': np.float32(nan), 'qpos_rew_max': np.float32(nan), 'qpos_rew_min': np.float32(nan), 'qpos_rew_median': np.float32(nan), 'qpos_rew_mean': np.float32(nan), 'qvel_rew_max': np.float32(nan), 'qvel_rew_min': np.float32(nan), 'qvel_rew_median': np.float32(nan), 'qvel_rew_mean': np.float32(nan), 'improvement': np.float32(nan), 'rew_max': np.float32(nan), 'rew_min': np.float32(nan), 'rew_median': np.float32(nan), 'rew_mean': np.float32(nan), 'trace_sample': array([], shape=(6, 1000, 0, 3), dtype=float32)}
[optimize] iteration 4
info: {'qpos_dist_max': np.float32(nan), 'qpos_dist_min': np.float32(nan), 'qpos_dist_median': np.float32(nan), 'qpos_dist_mean': np.float32(nan), 'qvel_dist_max': np.float32(nan), 'qvel_dist_min': np.float32(nan), 'qvel_dist_median': np.float32(nan), 'qvel_dist_mean': np.float32(nan), 'qpos_rew_max': np.float32(nan), 'qpos_rew_min': np.float32(nan), 'qpos_rew_median': np.float32(nan), 'qpos_rew_mean': np.float32(nan), 'qvel_rew_max': np.float32(nan), 'qvel_rew_min': np.float32(nan), 'qvel_rew_median': np.float32(nan), 'qvel_rew_mean': np.float32(nan), 'improvement': np.float32(nan), 'rew_max': np.float32(nan), 'rew_min': np.float32(nan), 'rew_median': np.float32(nan), 'rew_mean': np.float32(nan), 'trace_sample': array([], shape=(6, 1000, 0, 3), dtype=float32)}
[optimize] iteration 5
info: {'qpos_dist_max': np.float32(nan), 'qpos_dist_min': np.float32(nan), 'qpos_dist_median': np.float32(nan), 'qpos_dist_mean': np.float32(nan), 'qvel_dist_max': np.float32(nan), 'qvel_dist_min': np.float32(nan), 'qvel_dist_median': np.float32(nan), 'qvel_dist_mean': np.float32(nan), 'qpos_rew_max': np.float32(nan), 'qpos_rew_min': np.float32(nan), 'qpos_rew_median': np.float32(nan), 'qpos_rew_mean': np.float32(nan), 'qvel_rew_max': np.float32(nan), 'qvel_rew_min': np.float32(nan), 'qvel_rew_median': np.float32(nan), 'qvel_rew_mean': np.float32(nan), 'improvement': np.float32(nan), 'rew_max': np.float32(nan), 'rew_min': np.float32(nan), 'rew_median': np.float32(nan), 'rew_mean': np.float32(nan), 'trace_sample': array([], shape=(6, 1000, 0, 3), dtype=float32)}
[optimize] iteration 6
info: {'qpos_dist_max': np.float32(nan), 'qpos_dist_min': np.float32(nan), 'qpos_dist_median': np.float32(nan), 'qpos_dist_mean': np.float32(nan), 'qvel_dist_max': np.float32(nan), 'qvel_dist_min': np.float32(nan), 'qvel_dist_median': np.float32(nan), 'qvel_dist_mean': np.float32(nan), 'qpos_rew_max': np.float32(nan), 'qpos_rew_min': np.float32(nan), 'qpos_rew_median': np.float32(nan), 'qpos_rew_mean': np.float32(nan), 'qvel_rew_max': np.float32(nan), 'qvel_rew_min': np.float32(nan), 'qvel_rew_median': np.float32(nan), 'qvel_rew_mean': np.float32(nan), 'improvement': np.float32(nan), 'rew_max': np.float32(nan), 'rew_min': np.float32(nan), 'rew_median': np.float32(nan), 'rew_mean': np.float32(nan), 'trace_sample': array([], shape=(6, 1000, 0, 3), dtype=float32)}
[optimize] iteration 7
info: {'qpos_dist_max': np.float32(nan), 'qpos_dist_min': np.float32(nan), 'qpos_dist_median': np.float32(nan), 'qpos_dist_mean': np.float32(nan), 'qvel_dist_max': np.float32(nan), 'qvel_dist_min': np.float32(nan), 'qvel_dist_median': np.float32(nan), 'qvel_dist_mean': np.float32(nan), 'qpos_rew_max': np.float32(nan), 'qpos_rew_min': np.float32(nan), 'qpos_rew_median': np.float32(nan), 'qpos_rew_mean': np.float32(nan), 'qvel_rew_max': np.float32(nan), 'qvel_rew_min': np.float32(nan), 'qvel_rew_median': np.float32(nan), 'qvel_rew_mean': np.float32(nan), 'improvement': np.float32(nan), 'rew_max': np.float32(nan), 'rew_min': np.float32(nan), 'rew_median': np.float32(nan), 'rew_mean': np.float32(nan), 'trace_sample': array([], shape=(6, 1000, 0, 3), dtype=float32)}
Finished optimizing
Realtime rate: 0.00, plan time: 154.3522s, sim_steps: 1400/1570, opt_steps: 8[optimize] iteration 0
info: {'qpos_dist_max': np.float32(nan), 'qpos_dist_min': np.float32(nan), 'qpos_dist_median': np.float32(nan), 'qpos_dist_mean': np.float32(nan), 'qvel_dist_max': np.float32(nan), 'qvel_dist_min': np.float32(nan), 'qvel_dist_median': np.float32(nan), 'qvel_dist_mean': np.float32(nan), 'qpos_rew_max': np.float32(nan), 'qpos_rew_min': np.float32(nan), 'qpos_rew_median': np.float32(nan), 'qpos_rew_mean': np.float32(nan), 'qvel_rew_max': np.float32(nan), 'qvel_rew_min': np.float32(nan), 'qvel_rew_median': np.float32(nan), 'qvel_rew_mean': np.float32(nan), 'improvement': np.float32(nan), 'rew_max': np.float32(nan), 'rew_min': np.float32(nan), 'rew_median': np.float32(nan), 'rew_mean': np.float32(nan), 'trace_sample': array([], shape=(6, 1000, 0, 3), dtype=float32)}
[optimize] iteration 1
info: {'qpos_dist_max': np.float32(nan), 'qpos_dist_min': np.float32(nan), 'qpos_dist_median': np.float32(nan), 'qpos_dist_mean': np.float32(nan), 'qvel_dist_max': np.float32(nan), 'qvel_dist_min': np.float32(nan), 'qvel_dist_median': np.float32(nan), 'qvel_dist_mean': np.float32(nan), 'qpos_rew_max': np.float32(nan), 'qpos_rew_min': np.float32(nan), 'qpos_rew_median': np.float32(nan), 'qpos_rew_mean': np.float32(nan), 'qvel_rew_max': np.float32(nan), 'qvel_rew_min': np.float32(nan), 'qvel_rew_median': np.float32(nan), 'qvel_rew_mean': np.float32(nan), 'improvement': np.float32(nan), 'rew_max': np.float32(nan), 'rew_min': np.float32(nan), 'rew_median': np.float32(nan), 'rew_mean': np.float32(nan), 'trace_sample': array([], shape=(6, 1000, 0, 3), dtype=float32)}
[optimize] iteration 2
info: {'qpos_dist_max': np.float32(nan), 'qpos_dist_min': np.float32(nan), 'qpos_dist_median': np.float32(nan), 'qpos_dist_mean': np.float32(nan), 'qvel_dist_max': np.float32(nan), 'qvel_dist_min': np.float32(nan), 'qvel_dist_median': np.float32(nan), 'qvel_dist_mean': np.float32(nan), 'qpos_rew_max': np.float32(nan), 'qpos_rew_min': np.float32(nan), 'qpos_rew_median': np.float32(nan), 'qpos_rew_mean': np.float32(nan), 'qvel_rew_max': np.float32(nan), 'qvel_rew_min': np.float32(nan), 'qvel_rew_median': np.float32(nan), 'qvel_rew_mean': np.float32(nan), 'improvement': np.float32(nan), 'rew_max': np.float32(nan), 'rew_min': np.float32(nan), 'rew_median': np.float32(nan), 'rew_mean': np.float32(nan), 'trace_sample': array([], shape=(6, 1000, 0, 3), dtype=float32)}
[optimize] iteration 3
info: {'qpos_dist_max': np.float32(nan), 'qpos_dist_min': np.float32(nan), 'qpos_dist_median': np.float32(nan), 'qpos_dist_mean': np.float32(nan), 'qvel_dist_max': np.float32(nan), 'qvel_dist_min': np.float32(nan), 'qvel_dist_median': np.float32(nan), 'qvel_dist_mean': np.float32(nan), 'qpos_rew_max': np.float32(nan), 'qpos_rew_min': np.float32(nan), 'qpos_rew_median': np.float32(nan), 'qpos_rew_mean': np.float32(nan), 'qvel_rew_max': np.float32(nan), 'qvel_rew_min': np.float32(nan), 'qvel_rew_median': np.float32(nan), 'qvel_rew_mean': np.float32(nan), 'improvement': np.float32(nan), 'rew_max': np.float32(nan), 'rew_min': np.float32(nan), 'rew_median': np.float32(nan), 'rew_mean': np.float32(nan), 'trace_sample': array([], shape=(6, 1000, 0, 3), dtype=float32)}
[optimize] iteration 4
info: {'qpos_dist_max': np.float32(nan), 'qpos_dist_min': np.float32(nan), 'qpos_dist_median': np.float32(nan), 'qpos_dist_mean': np.float32(nan), 'qvel_dist_max': np.float32(nan), 'qvel_dist_min': np.float32(nan), 'qvel_dist_median': np.float32(nan), 'qvel_dist_mean': np.float32(nan), 'qpos_rew_max': np.float32(nan), 'qpos_rew_min': np.float32(nan), 'qpos_rew_median': np.float32(nan), 'qpos_rew_mean': np.float32(nan), 'qvel_rew_max': np.float32(nan), 'qvel_rew_min': np.float32(nan), 'qvel_rew_median': np.float32(nan), 'qvel_rew_mean': np.float32(nan), 'improvement': np.float32(nan), 'rew_max': np.float32(nan), 'rew_min': np.float32(nan), 'rew_median': np.float32(nan), 'rew_mean': np.float32(nan), 'trace_sample': array([], shape=(6, 1000, 0, 3), dtype=float32)}
[optimize] iteration 5
info: {'qpos_dist_max': np.float32(nan), 'qpos_dist_min': np.float32(nan), 'qpos_dist_median': np.float32(nan), 'qpos_dist_mean': np.float32(nan), 'qvel_dist_max': np.float32(nan), 'qvel_dist_min': np.float32(nan), 'qvel_dist_median': np.float32(nan), 'qvel_dist_mean': np.float32(nan), 'qpos_rew_max': np.float32(nan), 'qpos_rew_min': np.float32(nan), 'qpos_rew_median': np.float32(nan), 'qpos_rew_mean': np.float32(nan), 'qvel_rew_max': np.float32(nan), 'qvel_rew_min': np.float32(nan), 'qvel_rew_median': np.float32(nan), 'qvel_rew_mean': np.float32(nan), 'improvement': np.float32(nan), 'rew_max': np.float32(nan), 'rew_min': np.float32(nan), 'rew_median': np.float32(nan), 'rew_mean': np.float32(nan), 'trace_sample': array([], shape=(6, 1000, 0, 3), dtype=float32)}
[optimize] iteration 6
info: {'qpos_dist_max': np.float32(nan), 'qpos_dist_min': np.float32(nan), 'qpos_dist_median': np.float32(nan), 'qpos_dist_mean': np.float32(nan), 'qvel_dist_max': np.float32(nan), 'qvel_dist_min': np.float32(nan), 'qvel_dist_median': np.float32(nan), 'qvel_dist_mean': np.float32(nan), 'qpos_rew_max': np.float32(nan), 'qpos_rew_min': np.float32(nan), 'qpos_rew_median': np.float32(nan), 'qpos_rew_mean': np.float32(nan), 'qvel_rew_max': np.float32(nan), 'qvel_rew_min': np.float32(nan), 'qvel_rew_median': np.float32(nan), 'qvel_rew_mean': np.float32(nan), 'improvement': np.float32(nan), 'rew_max': np.float32(nan), 'rew_min': np.float32(nan), 'rew_median': np.float32(nan), 'rew_mean': np.float32(nan), 'trace_sample': array([], shape=(6, 1000, 0, 3), dtype=float32)}
[optimize] iteration 7
info: {'qpos_dist_max': np.float32(nan), 'qpos_dist_min': np.float32(nan), 'qpos_dist_median': np.float32(nan), 'qpos_dist_mean': np.float32(nan), 'qvel_dist_max': np.float32(nan), 'qvel_dist_min': np.float32(nan), 'qvel_dist_median': np.float32(nan), 'qvel_dist_mean': np.float32(nan), 'qpos_rew_max': np.float32(nan), 'qpos_rew_min': np.float32(nan), 'qpos_rew_median': np.float32(nan), 'qpos_rew_mean': np.float32(nan), 'qvel_rew_max': np.float32(nan), 'qvel_rew_min': np.float32(nan), 'qvel_rew_median': np.float32(nan), 'qvel_rew_mean': np.float32(nan), 'improvement': np.float32(nan), 'rew_max': np.float32(nan), 'rew_min': np.float32(nan), 'rew_median': np.float32(nan), 'rew_mean': np.float32(nan), 'trace_sample': array([], shape=(6, 1000, 0, 3), dtype=float32)}
Finished optimizing
Realtime rate: 0.00, plan time: 157.8704s, sim_steps: 1600/1570, opt_steps: 8Total time: 1401.2365s
