dgx2-compute-02
Fri May 22 10:25:09 2026       
+-----------------------------------------------------------------------------------------+
| NVIDIA-SMI 570.124.06             Driver Version: 570.124.06     CUDA Version: 12.8     |
|-----------------------------------------+------------------------+----------------------+
| GPU  Name                 Persistence-M | Bus-Id          Disp.A | Volatile Uncorr. ECC |
| Fan  Temp   Perf          Pwr:Usage/Cap |           Memory-Usage | GPU-Util  Compute M. |
|                                         |                        |               MIG M. |
|=========================================+========================+======================|
|   0  Tesla V100-SXM3-32GB-H         On  |   00000000:B7:00.0 Off |                    0 |
| N/A   31C    P0             48W /  450W |       1MiB /  32768MiB |      0%      Default |
|                                         |                        |                  N/A |
+-----------------------------------------+------------------------+----------------------+
                                                                                         
+-----------------------------------------------------------------------------------------+
| Processes:                                                                              |
|  GPU   GI   CI              PID   Type   Process name                        GPU Memory |
|        ID   ID                                                               Usage      |
|=========================================================================================|
|  No running processes found                                                             |
+-----------------------------------------------------------------------------------------+
Warp DeprecationWarning: The namespace `warp.context` will soon be removed from the public API. It can still be accessed from `warp._src.context` but might be changed or removed without notice.
Warp DeprecationWarning: The symbol `warp.context.Module` will soon be removed from the public API. Use `warp.Module` instead.
Warp DeprecationWarning: The symbol `warp.context.get_module` will soon be removed from the public API. Use `warp.get_module` instead.
Warp DeprecationWarning: The namespace `warp.math` will soon be removed from the public API. It can still be accessed from `warp._src.math` but might be changed or removed without notice.
Warp 1.11.0 initialized:
   CUDA Toolkit 12.9, Driver 12.8
   Devices:
     "cpu"      : "x86_64"
     "cuda:0"   : "Tesla V100-SXM3-32GB-H" (32 GiB, sm_70, mempool enabled)
   Kernel cache:
     /home/nl455/.cache/warp/1.11.0
2026-05-22 10:25:22.897 | WARNING  | spider.config:process_config:259 - task_info.json not found at /share/culbertson/nl455/spider/example_datasets/processed/custom/wuji/right/screwdriver/0/../task_info.json, using default values
2026-05-22 10:25:22.904 | WARNING  | spider.io:load_data:53 - ctrl data not found, using 'qpos' as a initial guess for control.
2026-05-22 10:25:26.140 | INFO     | spider.viewers:setup_viewer:85 - viewer is set to rerun, build and log scene from xml file
2026-05-22 10:25:26.140 | INFO     | spider.viewers:setup_viewer:106 - viewer is disabled, launch dummy viewer
