lil-compute-03
Fri May 22 03:19:59 2026       
+-----------------------------------------------------------------------------------------+
| NVIDIA-SMI 570.124.06             Driver Version: 570.124.06     CUDA Version: 12.8     |
|-----------------------------------------+------------------------+----------------------+
| GPU  Name                 Persistence-M | Bus-Id          Disp.A | Volatile Uncorr. ECC |
| Fan  Temp   Perf          Pwr:Usage/Cap |           Memory-Usage | GPU-Util  Compute M. |
|                                         |                        |               MIG M. |
|=========================================+========================+======================|
|   0  NVIDIA GeForce RTX 2080 Ti     On  |   00000000:1A:00.0 Off |                  N/A |
| 16%   29C    P8             22W /  250W |       1MiB /  11264MiB |      0%      Default |
|                                         |                        |                  N/A |
+-----------------------------------------+------------------------+----------------------+
                                                                                         
+-----------------------------------------------------------------------------------------+
| Processes:                                                                              |
|  GPU   GI   CI              PID   Type   Process name                        GPU Memory |
|        ID   ID                                                               Usage      |
|=========================================================================================|
|  No running processes found                                                             |
+-----------------------------------------------------------------------------------------+
Warp DeprecationWarning: The namespace `warp.context` will soon be removed from the public API. It can still be accessed from `warp._src.context` but might be changed or removed without notice.
Warp DeprecationWarning: The symbol `warp.context.Module` will soon be removed from the public API. Use `warp.Module` instead.
Warp DeprecationWarning: The symbol `warp.context.get_module` will soon be removed from the public API. Use `warp.get_module` instead.
Warp DeprecationWarning: The namespace `warp.math` will soon be removed from the public API. It can still be accessed from `warp._src.math` but might be changed or removed without notice.
Warp 1.11.0 initialized:
   CUDA Toolkit 12.9, Driver 12.8
   Devices:
     "cpu"      : "x86_64"
     "cuda:0"   : "NVIDIA GeForce RTX 2080 Ti" (11 GiB, sm_75, mempool enabled)
   Kernel cache:
     /home/nl455/.cache/warp/1.11.0
2026-05-22 03:20:27.184 | WARNING  | spider.config:process_config:259 - task_info.json not found at /share/culbertson/nl455/spider/example_datasets/processed/custom/wuji/right/screwdriver/0/../task_info.json, using default values
2026-05-22 03:20:27.209 | WARNING  | spider.io:load_data:53 - ctrl data not found, using 'qpos' as a initial guess for control.
2026-05-22 03:20:32.467 | INFO     | spider.viewers:setup_viewer:85 - viewer is set to rerun, build and log scene from xml file
2026-05-22 03:20:32.467 | INFO     | spider.viewers:setup_viewer:106 - viewer is disabled, launch dummy viewer
2026-05-22 03:32:26.372 | INFO     | __main__:main:297 - Saved info to /share/culbertson/nl455/spider/example_datasets/processed/custom/wuji/right/screwdriver/0/num_samples1024_trajectory_mjwp.npz
2026-05-22 03:32:27.629 | INFO     | __main__:main:307 - Saved video to /share/culbertson/nl455/spider/example_datasets/processed/custom/wuji/right/screwdriver/0/num_samples1024_visualization_mjwp.mp4
2026-05-22 03:32:29.025 | INFO     | __main__:save_reward_plot:112 - Saved reward plot to /share/culbertson/nl455/spider/example_datasets/processed/custom/wuji/right/screwdriver/0/visualization_mjwp.png
Loading data from /share/culbertson/nl455/spider/example_datasets/processed/custom/wuji/right/screwdriver/0/trajectory_kinematic.npz
Loaded reference data from /share/culbertson/nl455/spider/example_datasets/processed/custom/wuji/right/screwdriver/0/trajectory_kinematic.npz
Warp DeprecationWarning: The symbol `warp.context.runtime` will soon be removed from the public API. It can still be accessed from `warp._src.context.runtime` but might be changed or removed without notice.
Module mujoco_warp._src.smooth 61a2af8 load on device 'cuda:0' took 21.69 ms  (cached)
Module mujoco_warp._src.collision_driver de6dc98 load on device 'cuda:0' took 21.84 ms  (cached)
Module _nxn_broadphase__locals__kernel_a346c471 a346c47 load on device 'cuda:0' took 6.15 ms  (cached)
Module ccd_kernel_builder__locals__ccd_kernel_c58b55f9 c58b55f load on device 'cuda:0' took 19.79 ms  (cached)
Module mujoco_warp._src.collision_primitive._create_narrowphase_kernel 898c120 load on device 'cuda:0' took 14.42 ms  (cached)
Module mujoco_warp._src.constraint 8bed7e5 load on device 'cuda:0' took 10.07 ms  (cached)
Module _actuator_velocity__locals__actuator_velocity_8455fd1d a00c661 load on device 'cuda:0' took 11.28 ms  (cached)
Module mujoco_warp._src.passive eab35ec load on device 'cuda:0' took 14.86 ms  (cached)
Module mujoco_warp._src.forward 3875c24 load on device 'cuda:0' took 11.07 ms  (cached)
Module mujoco_warp._src.support b7a7a89 load on device 'cuda:0' took 2.84 ms  (cached)
Module mujoco_warp._src.solver f8d7d7e load on device 'cuda:0' took 11.27 ms  (cached)
Module mul_m_sparse_diag__locals___mul_m_sparse_diag_1de23634 1de2363 load on device 'cuda:0' took 7.92 ms  (cached)
Module mul_m_sparse_ij__locals___mul_m_sparse_ij_b1bb5fb3 b1bb5fb load on device 'cuda:0' took 10.27 ms  (cached)
Module update_constraint_gauss_cost__locals__kernel_514fafd5 514fafd load on device 'cuda:0' took 10.19 ms  (cached)
Module update_gradient_JTDAJ_sparse_tiled__locals__kernel_bef1bff7 e7f28a7 load on device 'cuda:0' took 59.36 ms  (cached)
Module update_gradient_cholesky_blocked__locals__kernel_f27896a4 a435167 load on device 'cuda:0' took 225.81 ms  (cached)
Module linesearch_jv_fused__locals__kernel_037c89d7 037c89d load on device 'cuda:0' took 6.00 ms  (cached)
Module mujoco_warp._src.derivative 43453d8 load on device 'cuda:0' took 7.09 ms  (cached)
starting loop
Finished optimizing
Realtime rate: 0.00, plan time: 159.1681s, sim_steps: 200/2690, opt_steps: 22Finished optimizing
Realtime rate: 0.00, plan time: 212.0485s, sim_steps: 400/2690, opt_steps: 32Finished optimizing
Realtime rate: 0.00, plan time: 219.2807s, sim_steps: 600/2690, opt_steps: 32Finished optimizing
Realtime rate: 0.04, plan time: 11.2308s, sim_steps: 800/2690, opt_steps: 1Finished optimizing
Realtime rate: 0.04, plan time: 10.9931s, sim_steps: 1000/2690, opt_steps: 1Finished optimizing
Realtime rate: 0.04, plan time: 10.8778s, sim_steps: 1200/2690, opt_steps: 1Finished optimizing
Realtime rate: 0.04, plan time: 11.1353s, sim_steps: 1400/2690, opt_steps: 1Finished optimizing
Realtime rate: 0.04, plan time: 11.3021s, sim_steps: 1600/2690, opt_steps: 1Finished optimizing
Realtime rate: 0.03, plan time: 11.4353s, sim_steps: 1800/2690, opt_steps: 1Finished optimizing
Realtime rate: 0.04, plan time: 11.2318s, sim_steps: 2000/2690, opt_steps: 1Finished optimizing
Realtime rate: 0.04, plan time: 11.2619s, sim_steps: 2200/2690, opt_steps: 1Finished optimizing
Realtime rate: 0.04, plan time: 11.4200s, sim_steps: 2400/2690, opt_steps: 1Finished optimizing
Realtime rate: 0.04, plan time: 10.9380s, sim_steps: 2600/2690, opt_steps: 1Finished optimizing
Realtime rate: 0.04, plan time: 10.7987s, sim_steps: 2800/2690, opt_steps: 1Total time: 713.1226s
