dgx2-compute-01.coecis.cornell.edu
Thu May 21 10:13:34 2026       
+-----------------------------------------------------------------------------------------+
| NVIDIA-SMI 570.124.06             Driver Version: 570.124.06     CUDA Version: 12.8     |
|-----------------------------------------+------------------------+----------------------+
| GPU  Name                 Persistence-M | Bus-Id          Disp.A | Volatile Uncorr. ECC |
| Fan  Temp   Perf          Pwr:Usage/Cap |           Memory-Usage | GPU-Util  Compute M. |
|                                         |                        |               MIG M. |
|=========================================+========================+======================|
|   0  Tesla V100-SXM3-32GB-H         On  |   00000000:B7:00.0 Off |                    0 |
| N/A   32C    P0             51W /  350W |       1MiB /  32768MiB |      0%      Default |
|                                         |                        |                  N/A |
+-----------------------------------------+------------------------+----------------------+
                                                                                         
+-----------------------------------------------------------------------------------------+
| Processes:                                                                              |
|  GPU   GI   CI              PID   Type   Process name                        GPU Memory |
|        ID   ID                                                               Usage      |
|=========================================================================================|
|  No running processes found                                                             |
+-----------------------------------------------------------------------------------------+
Warp DeprecationWarning: The namespace `warp.context` will soon be removed from the public API. It can still be accessed from `warp._src.context` but might be changed or removed without notice.
Warp DeprecationWarning: The symbol `warp.context.Module` will soon be removed from the public API. Use `warp.Module` instead.
Warp DeprecationWarning: The symbol `warp.context.get_module` will soon be removed from the public API. Use `warp.get_module` instead.
Warp DeprecationWarning: The namespace `warp.math` will soon be removed from the public API. It can still be accessed from `warp._src.math` but might be changed or removed without notice.
Warp 1.11.0 initialized:
   CUDA Toolkit 12.9, Driver 12.8
   Devices:
     "cpu"      : "x86_64"
     "cuda:0"   : "Tesla V100-SXM3-32GB-H" (32 GiB, sm_70, mempool enabled)
   Kernel cache:
     /home/nl455/.cache/warp/1.11.0
2026-05-21 10:13:49.481 | WARNING  | spider.config:process_config:256 - task_info.json not found at /share/culbertson/nl455/spider/example_datasets/processed/custom/wuji/right/screwdriver/0/../task_info.json, using default values
2026-05-21 10:13:49.493 | WARNING  | spider.io:load_data:53 - ctrl data not found, using 'qpos' as a initial guess for control.
2026-05-21 10:13:58.985 | INFO     | spider.viewers:setup_viewer:85 - viewer is set to rerun, build and log scene from xml file
2026-05-21 10:13:58.985 | INFO     | spider.viewers:setup_viewer:106 - viewer is disabled, launch dummy viewer
2026-05-21 10:15:02.951 | WARNING  | spider.optimizers.sampling:optimize_once:297 - NaNs or infs in rews: 4/1024
2026-05-21 10:15:06.878 | WARNING  | spider.optimizers.sampling:optimize_once:297 - NaNs or infs in rews: 14/1024
2026-05-21 10:15:10.754 | WARNING  | spider.optimizers.sampling:optimize_once:297 - NaNs or infs in rews: 14/1024
2026-05-21 10:15:14.519 | WARNING  | spider.optimizers.sampling:optimize_once:297 - NaNs or infs in rews: 16/1024
2026-05-21 10:15:18.354 | WARNING  | spider.optimizers.sampling:optimize_once:297 - NaNs or infs in rews: 13/1024
2026-05-21 10:15:22.226 | WARNING  | spider.optimizers.sampling:optimize_once:297 - NaNs or infs in rews: 20/1024
2026-05-21 10:15:26.110 | WARNING  | spider.optimizers.sampling:optimize_once:297 - NaNs or infs in rews: 41/1024
2026-05-21 10:15:29.972 | WARNING  | spider.optimizers.sampling:optimize_once:297 - NaNs or infs in rews: 16/1024
2026-05-21 10:15:33.896 | WARNING  | spider.optimizers.sampling:optimize_once:297 - NaNs or infs in rews: 29/1024
2026-05-21 10:15:37.709 | WARNING  | spider.optimizers.sampling:optimize_once:297 - NaNs or infs in rews: 14/1024
2026-05-21 10:15:41.553 | WARNING  | spider.optimizers.sampling:optimize_once:297 - NaNs or infs in rews: 21/1024
2026-05-21 10:15:45.313 | WARNING  | spider.optimizers.sampling:optimize_once:297 - NaNs or infs in rews: 14/1024
2026-05-21 10:15:48.951 | WARNING  | spider.optimizers.sampling:optimize_once:297 - NaNs or infs in rews: 6/1024
2026-05-21 10:15:52.562 | WARNING  | spider.optimizers.sampling:optimize_once:297 - NaNs or infs in rews: 1/1024
2026-05-21 10:15:56.201 | WARNING  | spider.optimizers.sampling:optimize_once:297 - NaNs or infs in rews: 1/1024
2026-05-21 10:16:03.111 | WARNING  | spider.optimizers.sampling:optimize_once:297 - NaNs or infs in rews: 3/1024
2026-05-21 10:16:06.694 | WARNING  | spider.optimizers.sampling:optimize_once:297 - NaNs or infs in rews: 4/1024
2026-05-21 10:16:10.369 | WARNING  | spider.optimizers.sampling:optimize_once:297 - NaNs or infs in rews: 5/1024
2026-05-21 10:16:14.032 | WARNING  | spider.optimizers.sampling:optimize_once:297 - NaNs or infs in rews: 9/1024
2026-05-21 10:16:17.704 | WARNING  | spider.optimizers.sampling:optimize_once:297 - NaNs or infs in rews: 5/1024
2026-05-21 10:16:21.384 | WARNING  | spider.optimizers.sampling:optimize_once:297 - NaNs or infs in rews: 8/1024
2026-05-21 10:16:25.082 | WARNING  | spider.optimizers.sampling:optimize_once:297 - NaNs or infs in rews: 2/1024
2026-05-21 10:16:28.493 | WARNING  | spider.optimizers.sampling:optimize_once:297 - NaNs or infs in rews: 1/1024
2026-05-21 10:16:35.289 | WARNING  | spider.optimizers.sampling:optimize_once:297 - NaNs or infs in rews: 1/1024
2026-05-21 10:16:38.712 | WARNING  | spider.optimizers.sampling:optimize_once:297 - NaNs or infs in rews: 1/1024
2026-05-21 10:16:42.066 | WARNING  | spider.optimizers.sampling:optimize_once:297 - NaNs or infs in rews: 1/1024
2026-05-21 10:17:01.790 | WARNING  | spider.optimizers.sampling:optimize_once:297 - NaNs or infs in rews: 7/1024
2026-05-21 10:17:07.114 | WARNING  | spider.optimizers.sampling:optimize_once:297 - NaNs or infs in rews: 1/1024
2026-05-21 10:17:12.415 | WARNING  | spider.optimizers.sampling:optimize_once:297 - NaNs or infs in rews: 3/1024
2026-05-21 10:17:17.802 | WARNING  | spider.optimizers.sampling:optimize_once:297 - NaNs or infs in rews: 4/1024
2026-05-21 10:17:22.329 | WARNING  | spider.optimizers.sampling:optimize_once:297 - NaNs or infs in rews: 3/1024
2026-05-21 10:17:26.249 | WARNING  | spider.optimizers.sampling:optimize_once:297 - NaNs or infs in rews: 4/1024
2026-05-21 10:17:30.284 | WARNING  | spider.optimizers.sampling:optimize_once:297 - NaNs or infs in rews: 3/1024
2026-05-21 10:17:34.381 | WARNING  | spider.optimizers.sampling:optimize_once:297 - NaNs or infs in rews: 3/1024
2026-05-21 10:17:38.311 | WARNING  | spider.optimizers.sampling:optimize_once:297 - NaNs or infs in rews: 4/1024
2026-05-21 10:17:42.339 | WARNING  | spider.optimizers.sampling:optimize_once:297 - NaNs or infs in rews: 9/1024
2026-05-21 10:17:46.275 | WARNING  | spider.optimizers.sampling:optimize_once:297 - NaNs or infs in rews: 3/1024
2026-05-21 10:17:50.204 | WARNING  | spider.optimizers.sampling:optimize_once:297 - NaNs or infs in rews: 4/1024
2026-05-21 10:17:54.205 | WARNING  | spider.optimizers.sampling:optimize_once:297 - NaNs or infs in rews: 16/1024
2026-05-21 10:17:58.190 | WARNING  | spider.optimizers.sampling:optimize_once:297 - NaNs or infs in rews: 5/1024
2026-05-21 10:18:02.128 | WARNING  | spider.optimizers.sampling:optimize_once:297 - NaNs or infs in rews: 2/1024
2026-05-21 10:18:06.139 | WARNING  | spider.optimizers.sampling:optimize_once:297 - NaNs or infs in rews: 1/1024
2026-05-21 10:18:09.576 | WARNING  | spider.optimizers.sampling:optimize_once:297 - NaNs or infs in rews: 2/1024
2026-05-21 10:18:13.429 | WARNING  | spider.optimizers.sampling:optimize_once:297 - NaNs or infs in rews: 3/1024
2026-05-21 10:18:20.060 | WARNING  | spider.optimizers.sampling:optimize_once:297 - NaNs or infs in rews: 1/1024
2026-05-21 10:18:24.098 | WARNING  | spider.optimizers.sampling:optimize_once:297 - NaNs or infs in rews: 3/1024
2026-05-21 10:18:28.123 | WARNING  | spider.optimizers.sampling:optimize_once:297 - NaNs or infs in rews: 3/1024
2026-05-21 10:18:32.165 | WARNING  | spider.optimizers.sampling:optimize_once:297 - NaNs or infs in rews: 2/1024
2026-05-21 10:18:39.344 | WARNING  | spider.optimizers.sampling:optimize_once:297 - NaNs or infs in rews: 4/1024
2026-05-21 10:18:52.480 | WARNING  | spider.optimizers.sampling:optimize_once:297 - NaNs or infs in rews: 1/1024
2026-05-21 10:19:01.765 | WARNING  | spider.optimizers.sampling:optimize_once:297 - NaNs or infs in rews: 3/1024
2026-05-21 10:19:06.659 | WARNING  | spider.optimizers.sampling:optimize_once:297 - NaNs or infs in rews: 4/1024
2026-05-21 10:19:13.492 | WARNING  | spider.optimizers.sampling:optimize_once:297 - NaNs or infs in rews: 1/1024
2026-05-21 10:19:17.903 | WARNING  | spider.optimizers.sampling:optimize_once:297 - NaNs or infs in rews: 5/1024
2026-05-21 10:19:22.449 | WARNING  | spider.optimizers.sampling:optimize_once:297 - NaNs or infs in rews: 7/1024
2026-05-21 10:19:26.689 | WARNING  | spider.optimizers.sampling:optimize_once:297 - NaNs or infs in rews: 2/1024
2026-05-21 10:19:34.120 | WARNING  | spider.optimizers.sampling:optimize_once:297 - NaNs or infs in rews: 3/1024
2026-05-21 10:19:38.493 | WARNING  | spider.optimizers.sampling:optimize_once:297 - NaNs or infs in rews: 5/1024
2026-05-21 10:19:42.176 | WARNING  | spider.optimizers.sampling:optimize_once:297 - NaNs or infs in rews: 1/1024
2026-05-21 10:19:49.636 | WARNING  | spider.optimizers.sampling:optimize_once:297 - NaNs or infs in rews: 11/1024
2026-05-21 10:19:54.053 | WARNING  | spider.optimizers.sampling:optimize_once:297 - NaNs or infs in rews: 10/1024
2026-05-21 10:19:58.162 | WARNING  | spider.optimizers.sampling:optimize_once:297 - NaNs or infs in rews: 4/1024
2026-05-21 10:20:02.667 | WARNING  | spider.optimizers.sampling:optimize_once:297 - NaNs or infs in rews: 7/1024
2026-05-21 10:20:06.904 | WARNING  | spider.optimizers.sampling:optimize_once:297 - NaNs or infs in rews: 5/1024
2026-05-21 10:20:11.163 | WARNING  | spider.optimizers.sampling:optimize_once:297 - NaNs or infs in rews: 6/1024
2026-05-21 10:20:15.638 | WARNING  | spider.optimizers.sampling:optimize_once:297 - NaNs or infs in rews: 11/1024
2026-05-21 10:20:20.071 | WARNING  | spider.optimizers.sampling:optimize_once:297 - NaNs or infs in rews: 5/1024
2026-05-21 10:20:24.202 | WARNING  | spider.optimizers.sampling:optimize_once:297 - NaNs or infs in rews: 8/1024
2026-05-21 10:20:28.464 | WARNING  | spider.optimizers.sampling:optimize_once:297 - NaNs or infs in rews: 9/1024
2026-05-21 10:20:32.743 | WARNING  | spider.optimizers.sampling:optimize_once:297 - NaNs or infs in rews: 1/1024
2026-05-21 10:20:36.189 | WARNING  | spider.optimizers.sampling:optimize_once:297 - NaNs or infs in rews: 4/1024
2026-05-21 10:20:40.036 | WARNING  | spider.optimizers.sampling:optimize_once:297 - NaNs or infs in rews: 4/1024
2026-05-21 10:20:44.009 | WARNING  | spider.optimizers.sampling:optimize_once:297 - NaNs or infs in rews: 5/1024
2026-05-21 10:20:47.938 | WARNING  | spider.optimizers.sampling:optimize_once:297 - NaNs or infs in rews: 9/1024
2026-05-21 10:20:52.118 | WARNING  | spider.optimizers.sampling:optimize_once:297 - NaNs or infs in rews: 5/1024
2026-05-21 10:20:55.569 | WARNING  | spider.optimizers.sampling:optimize_once:297 - NaNs or infs in rews: 4/1024
2026-05-21 10:20:58.786 | WARNING  | spider.optimizers.sampling:optimize_once:297 - NaNs or infs in rews: 5/1024
2026-05-21 10:21:02.836 | WARNING  | spider.optimizers.sampling:optimize_once:297 - NaNs or infs in rews: 9/1024
2026-05-21 10:21:06.793 | WARNING  | spider.optimizers.sampling:optimize_once:297 - NaNs or infs in rews: 6/1024
2026-05-21 10:21:32.510 | WARNING  | spider.optimizers.sampling:optimize_once:297 - NaNs or infs in rews: 1/1024
2026-05-21 10:21:39.764 | WARNING  | spider.optimizers.sampling:optimize_once:297 - NaNs or infs in rews: 1/1024
2026-05-21 10:21:54.755 | WARNING  | spider.optimizers.sampling:optimize_once:297 - NaNs or infs in rews: 1/1024
2026-05-21 10:21:59.343 | WARNING  | spider.optimizers.sampling:optimize_once:297 - NaNs or infs in rews: 2/1024
2026-05-21 10:22:02.868 | WARNING  | spider.optimizers.sampling:optimize_once:297 - NaNs or infs in rews: 1/1024
2026-05-21 10:22:06.111 | WARNING  | spider.optimizers.sampling:optimize_once:297 - NaNs or infs in rews: 1/1024
2026-05-21 10:22:16.084 | WARNING  | spider.optimizers.sampling:optimize_once:297 - NaNs or infs in rews: 1/1024
2026-05-21 10:22:19.388 | WARNING  | spider.optimizers.sampling:optimize_once:297 - NaNs or infs in rews: 1/1024
2026-05-21 10:22:58.361 | INFO     | __main__:main:297 - Saved info to /share/culbertson/nl455/spider/example_datasets/processed/custom/wuji/right/screwdriver/0/num_samples1024.npz
2026-05-21 10:22:59.696 | INFO     | __main__:main:307 - Saved video to /share/culbertson/nl455/spider/example_datasets/processed/custom/wuji/right/screwdriver/0/num_samples1024_visualization_mjwp.mp4
2026-05-21 10:23:00.911 | INFO     | __main__:save_reward_plot:112 - Saved reward plot to /share/culbertson/nl455/spider/example_datasets/processed/custom/wuji/right/screwdriver/0/visualization_mjwp.png
Loading data from /share/culbertson/nl455/spider/example_datasets/processed/custom/wuji/right/screwdriver/0/trajectory_kinematic.npz
Loaded reference data from /share/culbertson/nl455/spider/example_datasets/processed/custom/wuji/right/screwdriver/0/trajectory_kinematic.npz
Warp DeprecationWarning: The symbol `warp.context.runtime` will soon be removed from the public API. It can still be accessed from `warp._src.context.runtime` but might be changed or removed without notice.
Module mujoco_warp._src.smooth 61a2af8 load on device 'cuda:0' took 3.21 ms  (cached)
Module mujoco_warp._src.collision_driver de6dc98 load on device 'cuda:0' took 2.20 ms  (cached)
Module _nxn_broadphase__locals__kernel_a346c471 a346c47 load on device 'cuda:0' took 2.00 ms  (cached)
Module ccd_kernel_builder__locals__ccd_kernel_c58b55f9 c58b55f load on device 'cuda:0' took 2.66 ms  (cached)
Module mujoco_warp._src.collision_primitive._create_narrowphase_kernel 898c120 load on device 'cuda:0' took 2.35 ms  (cached)
Module mujoco_warp._src.constraint 8bed7e5 load on device 'cuda:0' took 2.51 ms  (cached)
Module _actuator_velocity__locals__actuator_velocity_8455fd1d a00c661 load on device 'cuda:0' took 2.19 ms  (cached)
Module mujoco_warp._src.passive eab35ec load on device 'cuda:0' took 2.10 ms  (cached)
Module mujoco_warp._src.forward 3875c24 load on device 'cuda:0' took 2.15 ms  (cached)
Module mujoco_warp._src.support b7a7a89 load on device 'cuda:0' took 2.34 ms  (cached)
Module mujoco_warp._src.solver f8d7d7e load on device 'cuda:0' took 2.30 ms  (cached)
Module mul_m_sparse_diag__locals___mul_m_sparse_diag_1de23634 1de2363 load on device 'cuda:0' took 2.35 ms  (cached)
Module mul_m_sparse_ij__locals___mul_m_sparse_ij_b1bb5fb3 b1bb5fb load on device 'cuda:0' took 2.30 ms  (cached)
Module update_constraint_gauss_cost__locals__kernel_514fafd5 514fafd load on device 'cuda:0' took 2.26 ms  (cached)
Module update_gradient_JTDAJ_sparse_tiled__locals__kernel_a574622e b158fd4 load on device 'cuda:0' took 52.89 ms  (cached)
Module update_gradient_cholesky_blocked__locals__kernel_f27896a4 a435167 load on device 'cuda:0' took 178.88 ms  (cached)
Module linesearch_jv_fused__locals__kernel_037c89d7 037c89d load on device 'cuda:0' took 2.27 ms  (cached)
Module mujoco_warp._src.derivative 43453d8 load on device 'cuda:0' took 2.40 ms  (cached)
starting loop
Finished optimizing
Realtime rate: 0.01, plan time: 41.2022s, sim_steps: 40/534, opt_steps: 10Finished optimizing
Realtime rate: 0.02, plan time: 18.6070s, sim_steps: 80/534, opt_steps: 5Finished optimizing
Realtime rate: 0.00, plan time: 110.7718s, sim_steps: 120/534, opt_steps: 30Finished optimizing
Realtime rate: 0.00, plan time: 126.8202s, sim_steps: 160/534, opt_steps: 32Finished optimizing
Realtime rate: 0.00, plan time: 131.1167s, sim_steps: 200/534, opt_steps: 32Finished optimizing
Realtime rate: 0.01, plan time: 75.3911s, sim_steps: 240/534, opt_steps: 22Finished optimizing
Realtime rate: 0.04, plan time: 9.7254s, sim_steps: 280/534, opt_steps: 3Finished optimizing
Realtime rate: 0.11, plan time: 3.7434s, sim_steps: 320/534, opt_steps: 1Finished optimizing
Realtime rate: 0.11, plan time: 3.6159s, sim_steps: 360/534, opt_steps: 1Finished optimizing
Realtime rate: 0.11, plan time: 3.6532s, sim_steps: 400/534, opt_steps: 1Finished optimizing
Realtime rate: 0.11, plan time: 3.7187s, sim_steps: 440/534, opt_steps: 1Finished optimizing
Realtime rate: 0.11, plan time: 3.6953s, sim_steps: 480/534, opt_steps: 1Finished optimizing
Realtime rate: 0.11, plan time: 3.5570s, sim_steps: 520/534, opt_steps: 1Finished optimizing
Realtime rate: 0.11, plan time: 3.4979s, sim_steps: 560/534, opt_steps: 1Total time: 539.1163s
