lil-compute-03.tech.cornell.edu
Thu May 21 00:43:34 2026       
+-----------------------------------------------------------------------------------------+
| NVIDIA-SMI 570.124.06             Driver Version: 570.124.06     CUDA Version: 12.8     |
|-----------------------------------------+------------------------+----------------------+
| GPU  Name                 Persistence-M | Bus-Id          Disp.A | Volatile Uncorr. ECC |
| Fan  Temp   Perf          Pwr:Usage/Cap |           Memory-Usage | GPU-Util  Compute M. |
|                                         |                        |               MIG M. |
|=========================================+========================+======================|
|   0  NVIDIA GeForce RTX 2080 Ti     On  |   00000000:1A:00.0 Off |                  N/A |
| 16%   30C    P8             22W /  250W |       1MiB /  11264MiB |      0%      Default |
|                                         |                        |                  N/A |
+-----------------------------------------+------------------------+----------------------+
                                                                                         
+-----------------------------------------------------------------------------------------+
| Processes:                                                                              |
|  GPU   GI   CI              PID   Type   Process name                        GPU Memory |
|        ID   ID                                                               Usage      |
|=========================================================================================|
|  No running processes found                                                             |
+-----------------------------------------------------------------------------------------+
Warp DeprecationWarning: The namespace `warp.context` will soon be removed from the public API. It can still be accessed from `warp._src.context` but might be changed or removed without notice.
Warp DeprecationWarning: The symbol `warp.context.Module` will soon be removed from the public API. Use `warp.Module` instead.
Warp DeprecationWarning: The symbol `warp.context.get_module` will soon be removed from the public API. Use `warp.get_module` instead.
Warp DeprecationWarning: The namespace `warp.math` will soon be removed from the public API. It can still be accessed from `warp._src.math` but might be changed or removed without notice.
Warp 1.11.0 initialized:
   CUDA Toolkit 12.9, Driver 12.8
   Devices:
     "cpu"      : "x86_64"
     "cuda:0"   : "NVIDIA GeForce RTX 2080 Ti" (11 GiB, sm_75, mempool enabled)
   Kernel cache:
     /home/nl455/.cache/warp/1.11.0
2026-05-21 00:43:48.051 | WARNING  | spider.config:process_config:256 - task_info.json not found at /share/culbertson/nl455/spider/example_datasets/processed/custom/wuji/right/screwdriver/0/../task_info.json, using default values
2026-05-21 00:43:48.061 | WARNING  | spider.io:load_data:53 - ctrl data not found, using 'qpos' as a initial guess for control.
Warp CUDA error 2: out of memory (in function wp_alloc_device_async, /builds/omniverse/warp/warp/native/warp.cu:769)
Loading data from /share/culbertson/nl455/spider/example_datasets/processed/custom/wuji/right/screwdriver/0/trajectory_kinematic.npz
Loaded reference data from /share/culbertson/nl455/spider/example_datasets/processed/custom/wuji/right/screwdriver/0/trajectory_kinematic.npz
Warp DeprecationWarning: The symbol `warp.context.runtime` will soon be removed from the public API. It can still be accessed from `warp._src.context.runtime` but might be changed or removed without notice.
Module mujoco_warp._src.smooth 61a2af8 load on device 'cuda:0' took 78.71 ms  (cached)
Module mujoco_warp._src.collision_driver de6dc98 load on device 'cuda:0' took 32.01 ms  (cached)
Module _nxn_broadphase__locals__kernel_a346c471 a346c47 load on device 'cuda:0' took 38.61 ms  (cached)
Error executing job with overrides: ['num_samples=1024']
Traceback (most recent call last):
  File "/share/culbertson/nl455/spider/examples/run_mjwp.py", line 335, in run_main
    main(config)
  File "/share/culbertson/nl455/spider/examples/run_mjwp.py", line 133, in main
    env = setup_env(config, ref_data)
          ^^^^^^^^^^^^^^^^^^^^^^^^^^^
  File "/share/culbertson/nl455/spider/spider/simulators/mjwp.py", line 156, in setup_env
    default_graph = _compile_step(default_model_wp, default_data_wp)
                    ^^^^^^^^^^^^^^^^^^^^^^^^^^^^^^^^^^^^^^^^^^^^^^^^
  File "/share/culbertson/nl455/spider/spider/simulators/mjwp.py", line 60, in _compile_step
    _step_once()
  File "/share/culbertson/nl455/spider/spider/simulators/mjwp.py", line 57, in _step_once
    mjwarp.step(model_wp, data_wp)
  File "/share/culbertson/nl455/miniconda3/envs/spider/lib/python3.12/site-packages/mujoco_warp/_src/warp_util.py", line 99, in wrapper
    return fn(*args, **kwargs)
           ^^^^^^^^^^^^^^^^^^^
  File "/share/culbertson/nl455/miniconda3/envs/spider/lib/python3.12/site-packages/mujoco_warp/_src/forward.py", line 937, in step
    forward(m, d)
  File "/share/culbertson/nl455/miniconda3/envs/spider/lib/python3.12/site-packages/mujoco_warp/_src/warp_util.py", line 99, in wrapper
    return fn(*args, **kwargs)
           ^^^^^^^^^^^^^^^^^^^
  File "/share/culbertson/nl455/miniconda3/envs/spider/lib/python3.12/site-packages/mujoco_warp/_src/forward.py", line 909, in forward
    fwd_position(m, d, factorize=False)
  File "/share/culbertson/nl455/miniconda3/envs/spider/lib/python3.12/site-packages/mujoco_warp/_src/warp_util.py", line 99, in wrapper
    return fn(*args, **kwargs)
           ^^^^^^^^^^^^^^^^^^^
  File "/share/culbertson/nl455/miniconda3/envs/spider/lib/python3.12/site-packages/mujoco_warp/_src/forward.py", line 518, in fwd_position
    collision_driver.collision(m, d)
  File "/share/culbertson/nl455/miniconda3/envs/spider/lib/python3.12/site-packages/mujoco_warp/_src/warp_util.py", line 99, in wrapper
    return fn(*args, **kwargs)
           ^^^^^^^^^^^^^^^^^^^
  File "/share/culbertson/nl455/miniconda3/envs/spider/lib/python3.12/site-packages/mujoco_warp/_src/collision_driver.py", line 729, in collision
    _narrowphase(m, d)
  File "/share/culbertson/nl455/miniconda3/envs/spider/lib/python3.12/site-packages/mujoco_warp/_src/collision_driver.py", line 693, in _narrowphase
    convex_narrowphase(m, d)
  File "/share/culbertson/nl455/miniconda3/envs/spider/lib/python3.12/site-packages/mujoco_warp/_src/warp_util.py", line 99, in wrapper
    return fn(*args, **kwargs)
           ^^^^^^^^^^^^^^^^^^^
  File "/share/culbertson/nl455/miniconda3/envs/spider/lib/python3.12/site-packages/mujoco_warp/_src/collision_convex.py", line 783, in convex_narrowphase
    epa_vert2 = wp.empty(shape=(d.naconmax, 5 + m.opt.ccd_iterations), dtype=wp.vec3)
                ^^^^^^^^^^^^^^^^^^^^^^^^^^^^^^^^^^^^^^^^^^^^^^^^^^^^^^^^^^^^^^^^^^^^^
  File "/share/culbertson/nl455/miniconda3/envs/spider/lib/python3.12/site-packages/warp/_src/context.py", line 6129, in empty
    return warp.array(shape=shape, dtype=dtype, device=device, requires_grad=requires_grad, pinned=pinned, **kwargs)
           ^^^^^^^^^^^^^^^^^^^^^^^^^^^^^^^^^^^^^^^^^^^^^^^^^^^^^^^^^^^^^^^^^^^^^^^^^^^^^^^^^^^^^^^^^^^^^^^^^^^^^^^^^
  File "/share/culbertson/nl455/miniconda3/envs/spider/lib/python3.12/site-packages/warp/_src/types.py", line 2546, in __init__
    self._init_new(dtype, shape, strides, device, pinned)
  File "/share/culbertson/nl455/miniconda3/envs/spider/lib/python3.12/site-packages/warp/_src/types.py", line 2941, in _init_new
    ptr = allocator.alloc(capacity)
          ^^^^^^^^^^^^^^^^^^^^^^^^^
  File "/share/culbertson/nl455/miniconda3/envs/spider/lib/python3.12/site-packages/warp/_src/context.py", line 2988, in alloc
    raise RuntimeError(f"Failed to allocate {size_in_bytes} bytes on device '{self.device}'")
RuntimeError: Failed to allocate 1032192000 bytes on device 'cuda:0'

Set the environment variable HYDRA_FULL_ERROR=1 for a complete stack trace.
